Archive member included to satisfy reference by file (symbol)

/opt/gcc-arm/bin/../lib/gcc/arm-none-eabi/9.2.1/../../../../arm-none-eabi/lib/thumb/v7-m/nofp/libc.a(lib_a-memcpy.o)
                              rtos/queue.o (memcpy)
/home/kevin_moncayo/stm32f103c8t6//rtos/libwwg/libwwg.a(usbcdc.o)
                              main.o (usb_start)
/home/kevin_moncayo/stm32f103c8t6//rtos/libwwg/libwwg.a(miniprintf.o)
                              /home/kevin_moncayo/stm32f103c8t6//rtos/libwwg/libwwg.a(usbcdc.o) (mini_vprintf_cooked)
/home/kevin_moncayo/stm32f103c8t6//rtos/libwwg/libwwg.a(mcuio.o)
                              main.o (std_printf)
/home/kevin_moncayo/stm32f103c8t6//rtos/libwwg/libwwg.a(getline.o)
                              /home/kevin_moncayo/stm32f103c8t6//rtos/libwwg/libwwg.a(usbcdc.o) (getline)
/home/kevin_moncayo/stm32f103c8t6//rtos/libwwg/libwwg.a(uartlib.o)
                              /home/kevin_moncayo/stm32f103c8t6//rtos/libwwg/libwwg.a(mcuio.o) (uart1_putc)
/home/kevin_moncayo/stm32f103c8t6/libopencm3/lib/libopencm3_stm32f1.a(gpio.o)
                              main.o (gpio_set_mode)
/home/kevin_moncayo/stm32f103c8t6/libopencm3/lib/libopencm3_stm32f1.a(gpio_common_all.o)
                              main.o (gpio_clear)
/home/kevin_moncayo/stm32f103c8t6/libopencm3/lib/libopencm3_stm32f1.a(rcc.o)
                              main.o (rcc_enable_rtc_clock)
/home/kevin_moncayo/stm32f103c8t6/libopencm3/lib/libopencm3_stm32f1.a(rcc_common_all.o)
                              main.o (rcc_periph_clock_enable)
/home/kevin_moncayo/stm32f103c8t6/libopencm3/lib/libopencm3_stm32f1.a(rtc.o)
                              main.o (rtc_awake_from_off)
/home/kevin_moncayo/stm32f103c8t6/libopencm3/lib/libopencm3_stm32f1.a(usart_common_all.o)
                              /home/kevin_moncayo/stm32f103c8t6//rtos/libwwg/libwwg.a(uartlib.o) (usart_set_baudrate)
/home/kevin_moncayo/stm32f103c8t6/libopencm3/lib/libopencm3_stm32f1.a(usart_common_f124.o)
                              /home/kevin_moncayo/stm32f103c8t6/libopencm3/lib/libopencm3_stm32f1.a(usart_common_all.o) (usart_send)
/home/kevin_moncayo/stm32f103c8t6/libopencm3/lib/libopencm3_stm32f1.a(usb.o)
                              /home/kevin_moncayo/stm32f103c8t6//rtos/libwwg/libwwg.a(usbcdc.o) (usbd_init)
/home/kevin_moncayo/stm32f103c8t6/libopencm3/lib/libopencm3_stm32f1.a(usb_control.o)
                              /home/kevin_moncayo/stm32f103c8t6//rtos/libwwg/libwwg.a(usbcdc.o) (usbd_register_control_callback)
/home/kevin_moncayo/stm32f103c8t6/libopencm3/lib/libopencm3_stm32f1.a(usb_standard.o)
                              /home/kevin_moncayo/stm32f103c8t6//rtos/libwwg/libwwg.a(usbcdc.o) (usbd_register_set_config_callback)
/home/kevin_moncayo/stm32f103c8t6/libopencm3/lib/libopencm3_stm32f1.a(st_usbfs_v1.o)
                              /home/kevin_moncayo/stm32f103c8t6//rtos/libwwg/libwwg.a(usbcdc.o) (st_usbfs_v1_usb_driver)
/home/kevin_moncayo/stm32f103c8t6/libopencm3/lib/libopencm3_stm32f1.a(vector.o)
                              (reset_handler)
/home/kevin_moncayo/stm32f103c8t6/libopencm3/lib/libopencm3_stm32f1.a(nvic.o)
                              main.o (nvic_enable_irq)
/home/kevin_moncayo/stm32f103c8t6/libopencm3/lib/libopencm3_stm32f1.a(assert.o)
                              /home/kevin_moncayo/stm32f103c8t6/libopencm3/lib/libopencm3_stm32f1.a(rcc.o) (cm3_assert_failed)
/home/kevin_moncayo/stm32f103c8t6/libopencm3/lib/libopencm3_stm32f1.a(flash_common_all.o)
                              /home/kevin_moncayo/stm32f103c8t6/libopencm3/lib/libopencm3_stm32f1.a(rcc.o) (flash_set_ws)
/home/kevin_moncayo/stm32f103c8t6/libopencm3/lib/libopencm3_stm32f1.a(pwr_common_v1.o)
                              /home/kevin_moncayo/stm32f103c8t6/libopencm3/lib/libopencm3_stm32f1.a(rtc.o) (pwr_disable_backup_domain_write_protect)
/home/kevin_moncayo/stm32f103c8t6/libopencm3/lib/libopencm3_stm32f1.a(st_usbfs_core.o)
                              /home/kevin_moncayo/stm32f103c8t6/libopencm3/lib/libopencm3_stm32f1.a(st_usbfs_v1.o) (st_usbfs_set_address)
/opt/gcc-arm/bin/../lib/gcc/arm-none-eabi/9.2.1/../../../../arm-none-eabi/lib/thumb/v7-m/nofp/libc.a(lib_a-malloc.o)
                              /home/kevin_moncayo/stm32f103c8t6//rtos/libwwg/libwwg.a(uartlib.o) (malloc)
/opt/gcc-arm/bin/../lib/gcc/arm-none-eabi/9.2.1/../../../../arm-none-eabi/lib/thumb/v7-m/nofp/libc.a(lib_a-mallocr.o)
                              /opt/gcc-arm/bin/../lib/gcc/arm-none-eabi/9.2.1/../../../../arm-none-eabi/lib/thumb/v7-m/nofp/libc.a(lib_a-malloc.o) (_malloc_r)
/opt/gcc-arm/bin/../lib/gcc/arm-none-eabi/9.2.1/../../../../arm-none-eabi/lib/thumb/v7-m/nofp/libc.a(lib_a-memmove.o)
                              /home/kevin_moncayo/stm32f103c8t6//rtos/libwwg/libwwg.a(getline.o) (memmove)
/opt/gcc-arm/bin/../lib/gcc/arm-none-eabi/9.2.1/../../../../arm-none-eabi/lib/thumb/v7-m/nofp/libc.a(lib_a-mlock.o)
[...]
Memory Configuration

Name             Origin             Length             Attributes
rom              0x0000000008000000 0x0000000000010000 xr
ram              0x0000000020000000 0x0000000000005000 xrw
*default*        0x0000000000000000 0xffffffffffffffff

Linker script and memory map

LOAD main.o
LOAD rtos/heap_4.o
LOAD rtos/list.o
LOAD rtos/port.o
LOAD rtos/queue.o
LOAD rtos/tasks.o
LOAD rtos/opencm3.o
START GROUP
LOAD /opt/gcc-arm/bin/../lib/gcc/arm-none-eabi/9.2.1/../../../../arm-none-eabi/lib/thumb/v7-m/nofp/libc.a
LOAD /opt/gcc-arm/bin/../lib/gcc/arm-none-eabi/9.2.1/thumb/v7-m/nofp/libgcc.a
LOAD /opt/gcc-arm/bin/../lib/gcc/arm-none-eabi/9.2.1/../../../../arm-none-eabi/lib/thumb/v7-m/nofp/libnosys.a
END GROUP
LOAD /home/kevin_moncayo/stm32f103c8t6//rtos/libwwg/libwwg.a
LOAD /home/kevin_moncayo/stm32f103c8t6/libopencm3/lib/libopencm3_stm32f1.a
START GROUP
LOAD /opt/gcc-arm/bin/../lib/gcc/arm-none-eabi/9.2.1/thumb/v7-m/nofp/libgcc.a
LOAD /opt/gcc-arm/bin/../lib/gcc/arm-none-eabi/9.2.1/../../../../arm-none-eabi/lib/thumb/v7-m/nofp/libc.a
END GROUP
START GROUP
LOAD /opt/gcc-arm/bin/../lib/gcc/arm-none-eabi/9.2.1/thumb/v7-m/nofp/libgcc.a
LOAD /opt/gcc-arm/bin/../lib/gcc/arm-none-eabi/9.2.1/../../../../arm-none-eabi/lib/thumb/v7-m/nofp/libc.a
LOAD /opt/gcc-arm/bin/../lib/gcc/arm-none-eabi/9.2.1/../../../../arm-none-eabi/lib/thumb/v7-m/nofp/libnosys.a
END GROUP

.text           0x0000000008000000     0x36c8
 *(.vectors)
 .vectors       0x0000000008000000      0x150 /home/kevin_moncayo/stm32f103c8t6/libopencm3/lib/libopencm3_stm32f1.a(vector.o)
                0x0000000008000000                vector_table
 *(.text*)
 .text.mutex_lock
                0x0000000008000150       0x14 main.o
 .text.mutex_unlock
                0x0000000008000164       0x14 main.o
 .text.task3    0x0000000008000178       0x44 main.o
 .text.task2    0x00000000080001bc       0x78 main.o
 .text.task1    0x0000000008000234      0x130 main.o
 .text.rtc_isr  0x0000000008000364      0x108 main.o
                0x0000000008000364                rtc_isr
 .text.startup.main
                0x000000000800046c       0xb8 main.o
                0x000000000800046c                main
 .text.prvInsertBlockIntoFreeList
                0x0000000008000524       0x48 rtos/heap_4.o
 .text.pvPortMalloc
                0x000000000800056c       0xe8 rtos/heap_4.o
                0x000000000800056c                pvPortMalloc
 .text.vPortFree
                0x0000000008000654       0x4c rtos/heap_4.o
                0x0000000008000654                vPortFree
 .text.vListInitialise
                0x00000000080006a0       0x16 rtos/list.o
                0x00000000080006a0                vListInitialise
 .text.vListInitialiseItem
                0x00000000080006b6        0x6 rtos/list.o
                0x00000000080006b6                vListInitialiseItem
 .text.vListInsertEnd
                0x00000000080006bc       0x18 rtos/list.o
                0x00000000080006bc                vListInsertEnd
 .text.vListInsert
                0x00000000080006d4       0x2e rtos/list.o
                0x00000000080006d4                vListInsert
 .text.uxListRemove
                0x0000000008000702       0x1e rtos/list.o
                0x0000000008000702                uxListRemove
 .text.prvTaskExitError
                0x0000000008000720       0x12 rtos/port.o
 *fill*         0x0000000008000732        0x2 
 .text.prvPortStartFirstTask
                0x0000000008000734       0x20 rtos/port.o
 .text.pxPortInitialiseStack
                0x0000000008000754       0x24 rtos/port.o
                0x0000000008000754                pxPortInitialiseStack
 *fill*         0x0000000008000778        0x8 
 .text.vPortSVCHandler
                0x0000000008000780       0x24 rtos/port.o
                0x0000000008000780                vPortSVCHandler
 .text.vPortEnterCritical
                0x00000000080007a4       0x20 rtos/port.o
                0x00000000080007a4                vPortEnterCritical
 .text.vPortExitCritical
                0x00000000080007c4       0x14 rtos/port.o
                0x00000000080007c4                vPortExitCritical
 *fill*         0x00000000080007d8        0x8 
 .text.xPortPendSVHandler
                0x00000000080007e0       0x44 rtos/port.o
                0x00000000080007e0                xPortPendSVHandler
 .text.xPortSysTickHandler
                0x0000000008000824       0x2c rtos/port.o
                0x0000000008000824                xPortSysTickHandler
 .text.vPortSetupTimerInterrupt
                0x0000000008000850       0x14 rtos/port.o
                0x0000000008000850                vPortSetupTimerInterrupt
 .text.xPortStartScheduler
                0x0000000008000864       0x30 rtos/port.o
                0x0000000008000864                xPortStartScheduler
 .text.prvCopyDataToQueue
                0x0000000008000894       0x6a rtos/queue.o
 .text.prvCopyDataFromQueue
                0x00000000080008fe       0x28 rtos/queue.o
 .text.prvUnlockQueue
                0x0000000008000926       0x70 rtos/queue.o
 *fill*         0x0000000008000996        0x2 
 .text.xQueueGenericReset
                0x0000000008000998       0x6c rtos/queue.o
                0x0000000008000998                xQueueGenericReset
 .text.xQueueGenericCreate
                0x0000000008000a04       0x2e rtos/queue.o
                0x0000000008000a04                xQueueGenericCreate
 *fill*         0x0000000008000a32        0x2 
 .text.xQueueGenericSend
                0x0000000008000a34      0x104 rtos/queue.o
                0x0000000008000a34                xQueueGenericSend
 .text.xQueueCreateMutex
                0x0000000008000b38       0x24 rtos/queue.o
                0x0000000008000b38                xQueueCreateMutex
 .text.xQueueGenericReceive
                0x0000000008000b5c      0x138 rtos/queue.o
                0x0000000008000b5c                xQueueGenericReceive
 .text.uxQueueSpacesAvailable
                0x0000000008000c94       0x16 rtos/queue.o
                0x0000000008000c94                uxQueueSpacesAvailable
 .text.prvIdleTask
                0x0000000008000caa        0x2 rtos/tasks.o
 .text.prvResetNextTaskUnblockTime
                0x0000000008000cac       0x24 rtos/tasks.o
 .text.prvAddCurrentTaskToDelayedList
                0x0000000008000cd0       0x8c rtos/tasks.o
 .text.xTaskCreate
                0x0000000008000d5c      0x1ac rtos/tasks.o
                0x0000000008000d5c                xTaskCreate
 .text.vTaskStartScheduler
                0x0000000008000f08       0x60 rtos/tasks.o
                0x0000000008000f08                vTaskStartScheduler
 .text.vTaskSuspendAll
                0x0000000008000f68       0x10 rtos/tasks.o
                0x0000000008000f68                vTaskSuspendAll
 .text.xTaskGetTickCount
                0x0000000008000f78        0xc rtos/tasks.o
                0x0000000008000f78                xTaskGetTickCount
 .text.xTaskIncrementTick
                0x0000000008000f84      0x10c rtos/tasks.o
                0x0000000008000f84                xTaskIncrementTick
 .text.xTaskResumeAll
                0x0000000008001090       0xd8 rtos/tasks.o
                0x0000000008001090                xTaskResumeAll
 .text.vTaskSwitchContext
                0x0000000008001168       0x60 rtos/tasks.o
                0x0000000008001168                vTaskSwitchContext
 .text.vTaskPlaceOnEventList
                0x00000000080011c8       0x20 rtos/tasks.o
                0x00000000080011c8                vTaskPlaceOnEventList
 .text.xTaskRemoveFromEventList
                0x00000000080011e8       0x70 rtos/tasks.o
                0x00000000080011e8                xTaskRemoveFromEventList
 .text.vTaskSetTimeOutState
                0x0000000008001258       0x18 rtos/tasks.o
                0x0000000008001258                vTaskSetTimeOutState
 .text.xTaskCheckForTimeOut
                0x0000000008001270       0x4c rtos/tasks.o
                0x0000000008001270                xTaskCheckForTimeOut
 .text.vTaskMissedYield
                0x00000000080012bc        0xc rtos/tasks.o
                0x00000000080012bc                vTaskMissedYield
 .text.vTaskPriorityInherit
                0x00000000080012c8       0x94 rtos/tasks.o
                0x00000000080012c8                vTaskPriorityInherit
 .text.xTaskPriorityDisinherit
                0x000000000800135c       0x70 rtos/tasks.o
                0x000000000800135c                xTaskPriorityDisinherit
 .text.pvTaskIncrementMutexHeldCount
                0x00000000080013cc       0x18 rtos/tasks.o
                0x00000000080013cc                pvTaskIncrementMutexHeldCount
 .text.ulTaskNotifyTake
                0x00000000080013e4       0x64 rtos/tasks.o
                0x00000000080013e4                ulTaskNotifyTake
 .text.vTaskNotifyGiveFromISR
                0x0000000008001448       0xa0 rtos/tasks.o
                0x0000000008001448                vTaskNotifyGiveFromISR
 .text.sv_call_handler
                0x00000000080014e8        0x4 rtos/opencm3.o
                0x00000000080014e8                sv_call_handler
 .text.pend_sv_handler
                0x00000000080014ec        0x4 rtos/opencm3.o
                0x00000000080014ec                pend_sv_handler
 .text.sys_tick_handler
                0x00000000080014f0        0x4 rtos/opencm3.o
                0x00000000080014f0                sys_tick_handler
 .text          0x00000000080014f4       0xec /opt/gcc-arm/bin/../lib/gcc/arm-none-eabi/9.2.1/../../../../arm-none-eabi/lib/thumb/v7-m/nofp/libc.a(lib_a-memcpy.o)
                0x00000000080014f4                memcpy
 .text.cdcacm_control_request
                0x00000000080015e0       0x1c /home/kevin_moncayo/stm32f103c8t6//rtos/libwwg/libwwg.a(usbcdc.o)
 .text.usb_putc
                0x00000000080015fc       0x5c /home/kevin_moncayo/stm32f103c8t6//rtos/libwwg/libwwg.a(usbcdc.o)
                0x00000000080015fc                usb_putc
 .text.usb_getc
                0x0000000008001658       0x2c /home/kevin_moncayo/stm32f103c8t6//rtos/libwwg/libwwg.a(usbcdc.o)
                0x0000000008001658                usb_getc
 .text.usb_task
                0x0000000008001684       0x68 /home/kevin_moncayo/stm32f103c8t6//rtos/libwwg/libwwg.a(usbcdc.o)
 .text.cdcacm_set_config
                0x00000000080016ec       0x54 /home/kevin_moncayo/stm32f103c8t6//rtos/libwwg/libwwg.a(usbcdc.o)
 .text.cdcacm_data_rx_cb
                0x0000000008001740       0x48 /home/kevin_moncayo/stm32f103c8t6//rtos/libwwg/libwwg.a(usbcdc.o)
 .text.usb_puts
                0x0000000008001788       0x12 /home/kevin_moncayo/stm32f103c8t6//rtos/libwwg/libwwg.a(usbcdc.o)
                0x0000000008001788                usb_puts
 *fill*         0x000000000800179a        0x2 
 .text.usb_vprintf
                0x000000000800179c       0x10 /home/kevin_moncayo/stm32f103c8t6//rtos/libwwg/libwwg.a(usbcdc.o)
                0x000000000800179c                usb_vprintf
 .text.usb_write
                0x00000000080017ac       0x24 /home/kevin_moncayo/stm32f103c8t6//rtos/libwwg/libwwg.a(usbcdc.o)
                0x00000000080017ac                usb_write
 .text.usb_peek
                0x00000000080017d0       0x28 /home/kevin_moncayo/stm32f103c8t6//rtos/libwwg/libwwg.a(usbcdc.o)
                0x00000000080017d0                usb_peek
 .text.usb_gets
                0x00000000080017f8       0x4c /home/kevin_moncayo/stm32f103c8t6//rtos/libwwg/libwwg.a(usbcdc.o)
                0x00000000080017f8                usb_gets
 .text.usb_getline
                0x0000000008001844       0x10 /home/kevin_moncayo/stm32f103c8t6//rtos/libwwg/libwwg.a(usbcdc.o)
                0x0000000008001844                usb_getline
 .text.usb_start
                0x0000000008001854       0x98 /home/kevin_moncayo/stm32f103c8t6//rtos/libwwg/libwwg.a(usbcdc.o)
                0x0000000008001854                usb_start
 .text.mini_write
                0x00000000080018ec       0x16 /home/kevin_moncayo/stm32f103c8t6//rtos/libwwg/libwwg.a(miniprintf.o)
 .text.mini_putc
                0x0000000008001902       0x2a /home/kevin_moncayo/stm32f103c8t6//rtos/libwwg/libwwg.a(miniprintf.o)
 .text.mini_pad
                0x000000000800192c       0x24 /home/kevin_moncayo/stm32f103c8t6//rtos/libwwg/libwwg.a(miniprintf.o)
 .text.internal_vprintf
                0x0000000008001950      0x1f0 /home/kevin_moncayo/stm32f103c8t6//rtos/libwwg/libwwg.a(miniprintf.o)
 .text.mini_vprintf_cooked
                0x0000000008001b40       0x30 /home/kevin_moncayo/stm32f103c8t6//rtos/libwwg/libwwg.a(miniprintf.o)
                0x0000000008001b40                mini_vprintf_cooked
 .text.std_printf
                0x0000000008001b70       0x24 /home/kevin_moncayo/stm32f103c8t6//rtos/libwwg/libwwg.a(mcuio.o)
                0x0000000008001b70                std_printf
 .text.getline  0x0000000008001b94      0x182 /home/kevin_moncayo/stm32f103c8t6//rtos/libwwg/libwwg.a(getline.o)
                0x0000000008001b94                getline
 *fill*         0x0000000008001d16        0x2 
 .text.uart_common_isr
                0x0000000008001d18       0x44 /home/kevin_moncayo/stm32f103c8t6//rtos/libwwg/libwwg.a(uartlib.o)
 .text.usart1_isr
                0x0000000008001d5c        0x6 /home/kevin_moncayo/stm32f103c8t6//rtos/libwwg/libwwg.a(uartlib.o)
                0x0000000008001d5c                usart1_isr
 .text.usart2_isr
                0x0000000008001d62        0x6 /home/kevin_moncayo/stm32f103c8t6//rtos/libwwg/libwwg.a(uartlib.o)
                0x0000000008001d62                usart2_isr
 .text.usart3_isr
                0x0000000008001d68        0x6 /home/kevin_moncayo/stm32f103c8t6//rtos/libwwg/libwwg.a(uartlib.o)
                0x0000000008001d68                usart3_isr
 *fill*         0x0000000008001d6e        0x2 
 .text.putc_uart
                0x0000000008001d70       0x34 /home/kevin_moncayo/stm32f103c8t6//rtos/libwwg/libwwg.a(uartlib.o)
                0x0000000008001d70                putc_uart
 .text.uart1_putc
                0x0000000008001da4       0x1c /home/kevin_moncayo/stm32f103c8t6//rtos/libwwg/libwwg.a(uartlib.o)
                0x0000000008001da4                uart1_putc
 .text.uart2_putc
                0x0000000008001dc0       0x1c /home/kevin_moncayo/stm32f103c8t6//rtos/libwwg/libwwg.a(uartlib.o)
                0x0000000008001dc0                uart2_putc
 .text.uart3_putc
                0x0000000008001ddc       0x1c /home/kevin_moncayo/stm32f103c8t6//rtos/libwwg/libwwg.a(uartlib.o)
                0x0000000008001ddc                uart3_putc
 .text.getc_uart
                0x0000000008001df8       0x4c /home/kevin_moncayo/stm32f103c8t6//rtos/libwwg/libwwg.a(uartlib.o)
                0x0000000008001df8                getc_uart
 .text.uart1_getc
                0x0000000008001e44        0xa /home/kevin_moncayo/stm32f103c8t6//rtos/libwwg/libwwg.a(uartlib.o)
                0x0000000008001e44                uart1_getc
 .text.uart2_getc
                0x0000000008001e4e        0xa /home/kevin_moncayo/stm32f103c8t6//rtos/libwwg/libwwg.a(uartlib.o)
                0x0000000008001e4e                uart2_getc
 .text.uart3_getc
                0x0000000008001e58        0xa /home/kevin_moncayo/stm32f103c8t6//rtos/libwwg/libwwg.a(uartlib.o)
                0x0000000008001e58                uart3_getc
 .text.gpio_set_mode
                0x0000000008001e62       0x5e /home/kevin_moncayo/stm32f103c8t6/libopencm3/lib/libopencm3_stm32f1.a(gpio.o)
                0x0000000008001e62                gpio_set_mode
 .text.gpio_clear
                0x0000000008001ec0        0x6 /home/kevin_moncayo/stm32f103c8t6/libopencm3/lib/libopencm3_stm32f1.a(gpio_common_all.o)
                0x0000000008001ec0                gpio_clear
 .text.gpio_toggle
                0x0000000008001ec6       0x12 /home/kevin_moncayo/stm32f103c8t6/libopencm3/lib/libopencm3_stm32f1.a(gpio_common_all.o)
                0x0000000008001ec6                gpio_toggle
 .text.rcc_osc_on.part.0
                0x0000000008001ed8       0x10 /home/kevin_moncayo/stm32f103c8t6/libopencm3/lib/libopencm3_stm32f1.a(rcc.o)
 .text.rcc_is_osc_ready
                0x0000000008001ee8       0x5c /home/kevin_moncayo/stm32f103c8t6/libopencm3/lib/libopencm3_stm32f1.a(rcc.o)
                0x0000000008001ee8                rcc_is_osc_ready
 .text.rcc_wait_for_osc_ready
                0x0000000008001f44       0x10 /home/kevin_moncayo/stm32f103c8t6/libopencm3/lib/libopencm3_stm32f1.a(rcc.o)
                0x0000000008001f44                rcc_wait_for_osc_ready
 .text.rcc_osc_on
                0x0000000008001f54       0x54 /home/kevin_moncayo/stm32f103c8t6/libopencm3/lib/libopencm3_stm32f1.a(rcc.o)
                0x0000000008001f54                rcc_osc_on
 .text.rcc_set_sysclk_source
                0x0000000008001fa8       0x14 /home/kevin_moncayo/stm32f103c8t6/libopencm3/lib/libopencm3_stm32f1.a(rcc.o)
                0x0000000008001fa8                rcc_set_sysclk_source
 .text.rcc_set_pll_multiplication_factor
                0x0000000008001fbc       0x14 /home/kevin_moncayo/stm32f103c8t6/libopencm3/lib/libopencm3_stm32f1.a(rcc.o)
                0x0000000008001fbc                rcc_set_pll_multiplication_factor
 .text.rcc_set_pll_source
                0x0000000008001fd0       0x14 /home/kevin_moncayo/stm32f103c8t6/libopencm3/lib/libopencm3_stm32f1.a(rcc.o)
                0x0000000008001fd0                rcc_set_pll_source
 .text.rcc_set_pllxtpre
                0x0000000008001fe4       0x14 /home/kevin_moncayo/stm32f103c8t6/libopencm3/lib/libopencm3_stm32f1.a(rcc.o)
                0x0000000008001fe4                rcc_set_pllxtpre
 .text.rcc_enable_rtc_clock
                0x0000000008001ff8       0x10 /home/kevin_moncayo/stm32f103c8t6/libopencm3/lib/libopencm3_stm32f1.a(rcc.o)
                0x0000000008001ff8                rcc_enable_rtc_clock
 .text.rcc_set_rtc_clock_source
                0x0000000008002008       0x90 /home/kevin_moncayo/stm32f103c8t6/libopencm3/lib/libopencm3_stm32f1.a(rcc.o)
                0x0000000008002008                rcc_set_rtc_clock_source
 .text.rcc_set_adcpre
                0x0000000008002098       0x14 /home/kevin_moncayo/stm32f103c8t6/libopencm3/lib/libopencm3_stm32f1.a(rcc.o)
                0x0000000008002098                rcc_set_adcpre
 .text.rcc_set_ppre2
                0x00000000080020ac       0x14 /home/kevin_moncayo/stm32f103c8t6/libopencm3/lib/libopencm3_stm32f1.a(rcc.o)
                0x00000000080020ac                rcc_set_ppre2
 .text.rcc_set_ppre1
                0x00000000080020c0       0x14 /home/kevin_moncayo/stm32f103c8t6/libopencm3/lib/libopencm3_stm32f1.a(rcc.o)
                0x00000000080020c0                rcc_set_ppre1
 .text.rcc_set_hpre
                0x00000000080020d4       0x14 /home/kevin_moncayo/stm32f103c8t6/libopencm3/lib/libopencm3_stm32f1.a(rcc.o)
                0x00000000080020d4                rcc_set_hpre
 .text.rcc_clock_setup_in_hse_8mhz_out_72mhz
                0x00000000080020e8       0x8c /home/kevin_moncayo/stm32f103c8t6/libopencm3/lib/libopencm3_stm32f1.a(rcc.o)
                0x00000000080020e8                rcc_clock_setup_in_hse_8mhz_out_72mhz
 .text.rcc_periph_clock_enable
                0x0000000008002174       0x1c /home/kevin_moncayo/stm32f103c8t6/libopencm3/lib/libopencm3_stm32f1.a(rcc_common_all.o)
                0x0000000008002174                rcc_periph_clock_enable
 .text.rtc_enter_config_mode
                0x0000000008002190       0x18 /home/kevin_moncayo/stm32f103c8t6/libopencm3/lib/libopencm3_stm32f1.a(rtc.o)
                0x0000000008002190                rtc_enter_config_mode
 .text.rtc_exit_config_mode
                0x00000000080021a8       0x18 /home/kevin_moncayo/stm32f103c8t6/libopencm3/lib/libopencm3_stm32f1.a(rtc.o)
                0x00000000080021a8                rtc_exit_config_mode
 .text.rtc_awake_from_off
                0x00000000080021c0       0x68 /home/kevin_moncayo/stm32f103c8t6/libopencm3/lib/libopencm3_stm32f1.a(rtc.o)
                0x00000000080021c0                rtc_awake_from_off
 .text.rtc_set_alarm_time
                0x0000000008002228       0x20 /home/kevin_moncayo/stm32f103c8t6/libopencm3/lib/libopencm3_stm32f1.a(rtc.o)
                0x0000000008002228                rtc_set_alarm_time
 .text.rtc_enable_alarm
                0x0000000008002248       0x1c /home/kevin_moncayo/stm32f103c8t6/libopencm3/lib/libopencm3_stm32f1.a(rtc.o)
                0x0000000008002248                rtc_enable_alarm
 .text.rtc_disable_alarm
                0x0000000008002264       0x1c /home/kevin_moncayo/stm32f103c8t6/libopencm3/lib/libopencm3_stm32f1.a(rtc.o)
                0x0000000008002264                rtc_disable_alarm
 .text.rtc_set_prescale_val
                0x0000000008002280       0x20 /home/kevin_moncayo/stm32f103c8t6/libopencm3/lib/libopencm3_stm32f1.a(rtc.o)
                0x0000000008002280                rtc_set_prescale_val
 .text.rtc_get_counter_val
                0x00000000080022a0       0x14 /home/kevin_moncayo/stm32f103c8t6/libopencm3/lib/libopencm3_stm32f1.a(rtc.o)
                0x00000000080022a0                rtc_get_counter_val
 .text.rtc_set_counter_val
                0x00000000080022b4       0x1c /home/kevin_moncayo/stm32f103c8t6/libopencm3/lib/libopencm3_stm32f1.a(rtc.o)
                0x00000000080022b4                rtc_set_counter_val
 .text.rtc_interrupt_enable
                0x00000000080022d0       0x3c /home/kevin_moncayo/stm32f103c8t6/libopencm3/lib/libopencm3_stm32f1.a(rtc.o)
                0x00000000080022d0                rtc_interrupt_enable
 .text.rtc_interrupt_disable
                0x000000000800230c       0x3c /home/kevin_moncayo/stm32f103c8t6/libopencm3/lib/libopencm3_stm32f1.a(rtc.o)
                0x000000000800230c                rtc_interrupt_disable
 .text.rtc_clear_flag
                0x0000000008002348       0x30 /home/kevin_moncayo/stm32f103c8t6/libopencm3/lib/libopencm3_stm32f1.a(rtc.o)
                0x0000000008002348                rtc_clear_flag
 .text.rtc_check_flag
                0x0000000008002378       0x30 /home/kevin_moncayo/stm32f103c8t6/libopencm3/lib/libopencm3_stm32f1.a(rtc.o)
                0x0000000008002378                rtc_check_flag
 .text.usart_send_blocking
                0x00000000080023a8       0x16 /home/kevin_moncayo/stm32f103c8t6/libopencm3/lib/libopencm3_stm32f1.a(usart_common_all.o)
                0x00000000080023a8                usart_send_blocking
 .text.usart_send
                0x00000000080023be        0x8 /home/kevin_moncayo/stm32f103c8t6/libopencm3/lib/libopencm3_stm32f1.a(usart_common_f124.o)
                0x00000000080023be                usart_send
 .text.usart_wait_send_ready
                0x00000000080023c6        0x8 /home/kevin_moncayo/stm32f103c8t6/libopencm3/lib/libopencm3_stm32f1.a(usart_common_f124.o)
                0x00000000080023c6                usart_wait_send_ready
 *fill*         0x00000000080023ce        0x2 
 .text.usbd_init
                0x00000000080023d0       0x50 /home/kevin_moncayo/stm32f103c8t6/libopencm3/lib/libopencm3_stm32f1.a(usb.o)
                0x00000000080023d0                usbd_init
 .text.usbd_poll
                0x0000000008002420        0x8 /home/kevin_moncayo/stm32f103c8t6/libopencm3/lib/libopencm3_stm32f1.a(usb.o)
                0x0000000008002420                usbd_poll
 .text.usbd_ep_setup
                0x0000000008002428        0xe /home/kevin_moncayo/stm32f103c8t6/libopencm3/lib/libopencm3_stm32f1.a(usb.o)
                0x0000000008002428                usbd_ep_setup
 .text._usbd_reset
                0x0000000008002436       0x32 /home/kevin_moncayo/stm32f103c8t6/libopencm3/lib/libopencm3_stm32f1.a(usb.o)
                0x0000000008002436                _usbd_reset
 .text.usbd_ep_write_packet
                0x0000000008002468        0xe /home/kevin_moncayo/stm32f103c8t6/libopencm3/lib/libopencm3_stm32f1.a(usb.o)
                0x0000000008002468                usbd_ep_write_packet
 .text.usbd_ep_read_packet
                0x0000000008002476        0xe /home/kevin_moncayo/stm32f103c8t6/libopencm3/lib/libopencm3_stm32f1.a(usb.o)
                0x0000000008002476                usbd_ep_read_packet
 .text.usbd_ep_stall_set
                0x0000000008002484        0x8 /home/kevin_moncayo/stm32f103c8t6/libopencm3/lib/libopencm3_stm32f1.a(usb.o)
                0x0000000008002484                usbd_ep_stall_set
 .text.usbd_ep_stall_get
                0x000000000800248c        0x8 /home/kevin_moncayo/stm32f103c8t6/libopencm3/lib/libopencm3_stm32f1.a(usb.o)
                0x000000000800248c                usbd_ep_stall_get
 .text.usbd_ep_nak_set
                0x0000000008002494        0x8 /home/kevin_moncayo/stm32f103c8t6/libopencm3/lib/libopencm3_stm32f1.a(usb.o)
                0x0000000008002494                usbd_ep_nak_set
 .text.usb_control_send_chunk
                0x000000000800249c       0x52 /home/kevin_moncayo/stm32f103c8t6/libopencm3/lib/libopencm3_stm32f1.a(usb_control.o)
 .text.usb_control_request_dispatch
                0x00000000080024ee       0x60 /home/kevin_moncayo/stm32f103c8t6/libopencm3/lib/libopencm3_stm32f1.a(usb_control.o)
 .text.stall_transaction
                0x000000000800254e       0x14 /home/kevin_moncayo/stm32f103c8t6/libopencm3/lib/libopencm3_stm32f1.a(usb_control.o)
 .text.usb_control_recv_chunk
                0x0000000008002562       0x3c /home/kevin_moncayo/stm32f103c8t6/libopencm3/lib/libopencm3_stm32f1.a(usb_control.o)
 .text.usb_control_setup_read
                0x000000000800259e       0x66 /home/kevin_moncayo/stm32f103c8t6/libopencm3/lib/libopencm3_stm32f1.a(usb_control.o)
 .text.usbd_register_control_callback
                0x0000000008002604       0x2c /home/kevin_moncayo/stm32f103c8t6/libopencm3/lib/libopencm3_stm32f1.a(usb_control.o)
                0x0000000008002604                usbd_register_control_callback
 .text._usbd_control_setup
                0x0000000008002630       0x60 /home/kevin_moncayo/stm32f103c8t6/libopencm3/lib/libopencm3_stm32f1.a(usb_control.o)
                0x0000000008002630                _usbd_control_setup
 .text._usbd_control_out
                0x0000000008002690       0x82 /home/kevin_moncayo/stm32f103c8t6/libopencm3/lib/libopencm3_stm32f1.a(usb_control.o)
                0x0000000008002690                _usbd_control_out
 .text._usbd_control_in
                0x0000000008002712       0x64 /home/kevin_moncayo/stm32f103c8t6/libopencm3/lib/libopencm3_stm32f1.a(usb_control.o)
                0x0000000008002712                _usbd_control_in
 .text.usb_standard_set_address
                0x0000000008002776       0x2a /home/kevin_moncayo/stm32f103c8t6/libopencm3/lib/libopencm3_stm32f1.a(usb_standard.o)
 .text.usb_standard_set_configuration
                0x00000000080027a0       0x92 /home/kevin_moncayo/stm32f103c8t6/libopencm3/lib/libopencm3_stm32f1.a(usb_standard.o)
 .text.usb_standard_get_configuration
                0x0000000008002832       0x22 /home/kevin_moncayo/stm32f103c8t6/libopencm3/lib/libopencm3_stm32f1.a(usb_standard.o)
 .text.usb_standard_get_interface
                0x0000000008002854       0x34 /home/kevin_moncayo/stm32f103c8t6/libopencm3/lib/libopencm3_stm32f1.a(usb_standard.o)
 .text.usb_standard_device_get_status
                0x0000000008002888       0x18 /home/kevin_moncayo/stm32f103c8t6/libopencm3/lib/libopencm3_stm32f1.a(usb_standard.o)
 .text.usb_standard_endpoint_get_status
                0x00000000080028a0       0x2a /home/kevin_moncayo/stm32f103c8t6/libopencm3/lib/libopencm3_stm32f1.a(usb_standard.o)
 .text.usb_standard_endpoint_stall
                0x00000000080028ca       0x10 /home/kevin_moncayo/stm32f103c8t6/libopencm3/lib/libopencm3_stm32f1.a(usb_standard.o)
 .text.usb_standard_endpoint_unstall
                0x00000000080028da       0x10 /home/kevin_moncayo/stm32f103c8t6/libopencm3/lib/libopencm3_stm32f1.a(usb_standard.o)
 .text.usb_standard_set_interface
                0x00000000080028ea       0x50 /home/kevin_moncayo/stm32f103c8t6/libopencm3/lib/libopencm3_stm32f1.a(usb_standard.o)
 .text.usb_standard_get_descriptor
                0x000000000800293a      0x26a /home/kevin_moncayo/stm32f103c8t6/libopencm3/lib/libopencm3_stm32f1.a(usb_standard.o)
 .text.usb_standard_interface_get_status
                0x0000000008002ba4       0x18 /home/kevin_moncayo/stm32f103c8t6/libopencm3/lib/libopencm3_stm32f1.a(usb_standard.o)
 .text.usbd_register_set_config_callback
                0x0000000008002bbc       0x2c /home/kevin_moncayo/stm32f103c8t6/libopencm3/lib/libopencm3_stm32f1.a(usb_standard.o)
                0x0000000008002bbc                usbd_register_set_config_callback
 .text._usbd_standard_request_device
                0x0000000008002be8       0x48 /home/kevin_moncayo/stm32f103c8t6/libopencm3/lib/libopencm3_stm32f1.a(usb_standard.o)
                0x0000000008002be8                _usbd_standard_request_device
 .text._usbd_standard_request_interface
                0x0000000008002c30       0x30 /home/kevin_moncayo/stm32f103c8t6/libopencm3/lib/libopencm3_stm32f1.a(usb_standard.o)
                0x0000000008002c30                _usbd_standard_request_interface
 .text._usbd_standard_request_endpoint
                0x0000000008002c60       0x3c /home/kevin_moncayo/stm32f103c8t6/libopencm3/lib/libopencm3_stm32f1.a(usb_standard.o)
                0x0000000008002c60                _usbd_standard_request_endpoint
 .text._usbd_standard_request
                0x0000000008002c9c       0x30 /home/kevin_moncayo/stm32f103c8t6/libopencm3/lib/libopencm3_stm32f1.a(usb_standard.o)
                0x0000000008002c9c                _usbd_standard_request
 .text.st_usbfs_v1_usbd_init
                0x0000000008002ccc       0x30 /home/kevin_moncayo/stm32f103c8t6/libopencm3/lib/libopencm3_stm32f1.a(st_usbfs_v1.o)
 .text.st_usbfs_copy_to_pm
                0x0000000008002cfc       0x18 /home/kevin_moncayo/stm32f103c8t6/libopencm3/lib/libopencm3_stm32f1.a(st_usbfs_v1.o)
                0x0000000008002cfc                st_usbfs_copy_to_pm
 .text.st_usbfs_copy_from_pm
                0x0000000008002d14       0x26 /home/kevin_moncayo/stm32f103c8t6/libopencm3/lib/libopencm3_stm32f1.a(st_usbfs_v1.o)
                0x0000000008002d14                st_usbfs_copy_from_pm
 .text.blocking_handler
                0x0000000008002d3a        0x2 /home/kevin_moncayo/stm32f103c8t6/libopencm3/lib/libopencm3_stm32f1.a(vector.o)
                0x0000000008002d3a                tim7_isr
                0x0000000008002d3a                adc1_2_isr
                0x0000000008002d3a                tim1_trg_com_isr
                0x0000000008002d3a                usb_hp_can_tx_isr
                0x0000000008002d3a                tim6_isr
                0x0000000008002d3a                usb_wakeup_isr
                0x0000000008002d3a                blocking_handler
                0x0000000008002d3a                tim5_isr
                0x0000000008002d3a                otg_fs_isr
                0x0000000008002d3a                spi1_isr
                0x0000000008002d3a                exti2_isr
                0x0000000008002d3a                dma1_channel6_isr
                0x0000000008002d3a                can_rx1_isr
                0x0000000008002d3a                dma1_channel5_isr
                0x0000000008002d3a                dma2_channel5_isr
                0x0000000008002d3a                usage_fault_handler
                0x0000000008002d3a                tim8_trg_com_isr
                0x0000000008002d3a                can2_rx0_isr
                0x0000000008002d3a                tim1_brk_isr
                0x0000000008002d3a                can2_rx1_isr
                0x0000000008002d3a                tim1_cc_isr
                0x0000000008002d3a                sdio_isr
                0x0000000008002d3a                eth_isr
                0x0000000008002d3a                dma1_channel4_isr
                0x0000000008002d3a                tim8_brk_isr
                0x0000000008002d3a                dma2_channel4_5_isr
                0x0000000008002d3a                pvd_isr
                0x0000000008002d3a                rcc_isr
                0x0000000008002d3a                flash_isr
                0x0000000008002d3a                uart4_isr
                0x0000000008002d3a                rtc_alarm_isr
                0x0000000008002d3a                exti15_10_isr
                0x0000000008002d3a                hard_fault_handler
                0x0000000008002d3a                exti1_isr
                0x0000000008002d3a                i2c1_ev_isr
                0x0000000008002d3a                dma2_channel1_isr
                0x0000000008002d3a                spi2_isr
                0x0000000008002d3a                tim8_up_isr
                0x0000000008002d3a                dma2_channel2_isr
                0x0000000008002d3a                exti3_isr
                0x0000000008002d3a                adc3_isr
                0x0000000008002d3a                tim3_isr
                0x0000000008002d3a                usb_lp_can_rx0_isr
                0x0000000008002d3a                i2c2_er_isr
                0x0000000008002d3a                i2c2_ev_isr
                0x0000000008002d3a                uart5_isr
                0x0000000008002d3a                fsmc_isr
                0x0000000008002d3a                dma1_channel1_isr
                0x0000000008002d3a                exti4_isr
                0x0000000008002d3a                mem_manage_handler
                0x0000000008002d3a                can2_tx_isr
                0x0000000008002d3a                exti9_5_isr
                0x0000000008002d3a                dma2_channel3_isr
                0x0000000008002d3a                dma1_channel7_isr
                0x0000000008002d3a                tim1_up_isr
                0x0000000008002d3a                can2_sce_isr
                0x0000000008002d3a                tim4_isr
                0x0000000008002d3a                dma1_channel2_isr
                0x0000000008002d3a                i2c1_er_isr
                0x0000000008002d3a                can_sce_isr
                0x0000000008002d3a                tim8_cc_isr
                0x0000000008002d3a                tamper_isr
                0x0000000008002d3a                eth_wkup_isr
                0x0000000008002d3a                bus_fault_handler
                0x0000000008002d3a                wwdg_isr
                0x0000000008002d3a                dma1_channel3_isr
                0x0000000008002d3a                spi3_isr
                0x0000000008002d3a                tim2_isr
                0x0000000008002d3a                exti0_isr
 .text.null_handler
                0x0000000008002d3c        0x2 /home/kevin_moncayo/stm32f103c8t6/libopencm3/lib/libopencm3_stm32f1.a(vector.o)
                0x0000000008002d3c                null_handler
                0x0000000008002d3c                debug_monitor_handler
                0x0000000008002d3c                nmi_handler
 *fill*         0x0000000008002d3e        0x2 
 .text.reset_handler
                0x0000000008002d40       0x90 /home/kevin_moncayo/stm32f103c8t6/libopencm3/lib/libopencm3_stm32f1.a(vector.o)
                0x0000000008002d40                reset_handler
 .text.nvic_enable_irq
                0x0000000008002dd0       0x1a /home/kevin_moncayo/stm32f103c8t6/libopencm3/lib/libopencm3_stm32f1.a(nvic.o)
                0x0000000008002dd0                nvic_enable_irq
 *fill*         0x0000000008002dea        0x2 
 .text.flash_set_ws
                0x0000000008002dec       0x14 /home/kevin_moncayo/stm32f103c8t6/libopencm3/lib/libopencm3_stm32f1.a(flash_common_all.o)
                0x0000000008002dec                flash_set_ws
 .text.pwr_disable_backup_domain_write_protect
                0x0000000008002e00       0x10 /home/kevin_moncayo/stm32f103c8t6/libopencm3/lib/libopencm3_stm32f1.a(pwr_common_v1.o)
                0x0000000008002e00                pwr_disable_backup_domain_write_protect
 .text.st_usbfs_set_address
                0x0000000008002e10       0x10 /home/kevin_moncayo/stm32f103c8t6/libopencm3/lib/libopencm3_stm32f1.a(st_usbfs_core.o)
                0x0000000008002e10                st_usbfs_set_address
 .text.st_usbfs_set_ep_rx_bufsize
                0x0000000008002e20       0x40 /home/kevin_moncayo/stm32f103c8t6/libopencm3/lib/libopencm3_stm32f1.a(st_usbfs_core.o)
                0x0000000008002e20                st_usbfs_set_ep_rx_bufsize
 .text.st_usbfs_ep_setup
                0x0000000008002e60      0x124 /home/kevin_moncayo/stm32f103c8t6/libopencm3/lib/libopencm3_stm32f1.a(st_usbfs_core.o)
                0x0000000008002e60                st_usbfs_ep_setup
 .text.st_usbfs_endpoints_reset
                0x0000000008002f84       0x44 /home/kevin_moncayo/stm32f103c8t6/libopencm3/lib/libopencm3_stm32f1.a(st_usbfs_core.o)
                0x0000000008002f84                st_usbfs_endpoints_reset
 .text.st_usbfs_ep_stall_set
                0x0000000008002fc8       0xc0 /home/kevin_moncayo/stm32f103c8t6/libopencm3/lib/libopencm3_stm32f1.a(st_usbfs_core.o)
                0x0000000008002fc8                st_usbfs_ep_stall_set
 .text.st_usbfs_ep_stall_get
                0x0000000008003088       0x38 /home/kevin_moncayo/stm32f103c8t6/libopencm3/lib/libopencm3_stm32f1.a(st_usbfs_core.o)
                0x0000000008003088                st_usbfs_ep_stall_get
 .text.st_usbfs_ep_nak_set
                0x00000000080030c0       0x3c /home/kevin_moncayo/stm32f103c8t6/libopencm3/lib/libopencm3_stm32f1.a(st_usbfs_core.o)
                0x00000000080030c0                st_usbfs_ep_nak_set
 .text.st_usbfs_ep_write_packet
                0x00000000080030fc       0x80 /home/kevin_moncayo/stm32f103c8t6/libopencm3/lib/libopencm3_stm32f1.a(st_usbfs_core.o)
                0x00000000080030fc                st_usbfs_ep_write_packet
 .text.st_usbfs_ep_read_packet
                0x000000000800317c       0xac /home/kevin_moncayo/stm32f103c8t6/libopencm3/lib/libopencm3_stm32f1.a(st_usbfs_core.o)
                0x000000000800317c                st_usbfs_ep_read_packet
 .text.st_usbfs_poll
                0x0000000008003228       0xe8 /home/kevin_moncayo/stm32f103c8t6/libopencm3/lib/libopencm3_stm32f1.a(st_usbfs_core.o)
                0x0000000008003228                st_usbfs_poll
 .text.memmove  0x0000000008003310       0xd4 /opt/gcc-arm/bin/../lib/gcc/arm-none-eabi/9.2.1/../../../../arm-none-eabi/lib/thumb/v7-m/nofp/libc.a(lib_a-memmove.o)
                0x0000000008003310                memmove
 .text.strlen   0x00000000080033e4       0x5c /opt/gcc-arm/bin/../lib/gcc/arm-none-eabi/9.2.1/../../../../arm-none-eabi/lib/thumb/v7-m/nofp/libc.a(lib_a-strlen-stub.o)
                0x00000000080033e4                strlen
                0x0000000008003440                . = ALIGN (0x4)
 *(.rodata*)
 .rodata.task3.str1.1
                0x0000000008003440       0x2a main.o
 .rodata.task2.str1.1
                0x000000000800346a       0x48 main.o
 .rodata.task1.str1.1
                0x00000000080034b2       0x92 main.o
 .rodata.main.str1.1
                0x0000000008003544       0x12 main.o
 .rodata.vTaskStartScheduler.str1.1
                0x0000000008003556        0x5 rtos/tasks.o
 .rodata.usb_start.str1.1
                0x000000000800355b        0x4 /home/kevin_moncayo/stm32f103c8t6//rtos/libwwg/libwwg.a(usbcdc.o)
 .rodata.str1.1
                0x000000000800355f       0x29 /home/kevin_moncayo/stm32f103c8t6//rtos/libwwg/libwwg.a(usbcdc.o)
 .rodata.cdcacm_functional_descriptors
                0x0000000008003588       0x13 /home/kevin_moncayo/stm32f103c8t6//rtos/libwwg/libwwg.a(usbcdc.o)
 .rodata.comm_endp
                0x000000000800359b        0xf /home/kevin_moncayo/stm32f103c8t6//rtos/libwwg/libwwg.a(usbcdc.o)
 .rodata.comm_iface
                0x00000000080035aa       0x15 /home/kevin_moncayo/stm32f103c8t6//rtos/libwwg/libwwg.a(usbcdc.o)
 .rodata.config
                0x00000000080035bf        0xd /home/kevin_moncayo/stm32f103c8t6//rtos/libwwg/libwwg.a(usbcdc.o)
 .rodata.cr.5622
                0x00000000080035cc        0x1 /home/kevin_moncayo/stm32f103c8t6//rtos/libwwg/libwwg.a(usbcdc.o)
 .rodata.data_endp
                0x00000000080035cd       0x1e /home/kevin_moncayo/stm32f103c8t6//rtos/libwwg/libwwg.a(usbcdc.o)
 .rodata.data_iface
                0x00000000080035eb       0x15 /home/kevin_moncayo/stm32f103c8t6//rtos/libwwg/libwwg.a(usbcdc.o)
 .rodata.dev    0x0000000008003600       0x12 /home/kevin_moncayo/stm32f103c8t6//rtos/libwwg/libwwg.a(usbcdc.o)
 *fill*         0x0000000008003612        0x2 
 .rodata.ifaces
                0x0000000008003614       0x20 /home/kevin_moncayo/stm32f103c8t6//rtos/libwwg/libwwg.a(usbcdc.o)
 .rodata.internal_vprintf.str1.1
                0x0000000008003634        0x3 /home/kevin_moncayo/stm32f103c8t6//rtos/libwwg/libwwg.a(miniprintf.o)
 *fill*         0x0000000008003637        0x1 
 .rodata.dev_usb
                0x0000000008003638       0x20 /home/kevin_moncayo/stm32f103c8t6//rtos/libwwg/libwwg.a(mcuio.o)
 .rodata.uarts  0x0000000008003658       0x3c /home/kevin_moncayo/stm32f103c8t6//rtos/libwwg/libwwg.a(uartlib.o)
 .rodata.st_usbfs_v1_usb_driver
                0x0000000008003694       0x34 /home/kevin_moncayo/stm32f103c8t6/libopencm3/lib/libopencm3_stm32f1.a(st_usbfs_v1.o)
                0x0000000008003694                st_usbfs_v1_usb_driver
                0x00000000080036c8                . = ALIGN (0x4)

.glue_7         0x00000000080036c8        0x0
 .glue_7        0x00000000080036c8        0x0 linker stubs

.glue_7t        0x00000000080036c8        0x0
 .glue_7t       0x00000000080036c8        0x0 linker stubs

.vfp11_veneer   0x00000000080036c8        0x0
 .vfp11_veneer  0x00000000080036c8        0x0 linker stubs

.v4_bx          0x00000000080036c8        0x0
 .v4_bx         0x00000000080036c8        0x0 linker stubs

.iplt           0x00000000080036c8        0x0
 .iplt          0x00000000080036c8        0x0 main.o

.rel.dyn        0x00000000080036c8        0x0
 .rel.iplt      0x00000000080036c8        0x0 main.o

.preinit_array  0x00000000080036c8        0x0
                0x00000000080036c8                . = ALIGN (0x4)
                0x00000000080036c8                __preinit_array_start = .
 *(.preinit_array)
                0x00000000080036c8                __preinit_array_end = .

.init_array     0x00000000080036c8        0x0
                0x00000000080036c8                . = ALIGN (0x4)
                0x00000000080036c8                __init_array_start = .
 *(SORT_BY_NAME(.init_array.*))
 *(.init_array)
                0x00000000080036c8                __init_array_end = .

.fini_array     0x00000000080036c8        0x0
                0x00000000080036c8                . = ALIGN (0x4)
                0x00000000080036c8                __fini_array_start = .
 *(.fini_array)
 *(SORT_BY_NAME(.fini_array.*))
                0x00000000080036c8                __fini_array_end = .

.ARM.extab
 *(.ARM.extab*)

.ARM.exidx      0x00000000080036c8        0x0
                0x00000000080036c8                __exidx_start = .
 *(.ARM.exidx*)
                0x00000000080036c8                __exidx_end = .
                0x00000000080036c8                . = ALIGN (0x4)
                0x00000000080036c8                _etext = .

.data           0x0000000020000000       0x24 load address 0x00000000080036c8
                0x0000000020000000                _data = .
 *(.data*)
 .data.uxCriticalNesting
                0x0000000020000000        0x4 rtos/port.o
 .data.usb_strings
                0x0000000020000004        0xc /home/kevin_moncayo/stm32f103c8t6//rtos/libwwg/libwwg.a(usbcdc.o)
 .data.mcu_stdio
                0x0000000020000010        0x4 /home/kevin_moncayo/stm32f103c8t6//rtos/libwwg/libwwg.a(mcuio.o)
                0x0000000020000010                mcu_stdio
 .data.mcu_usb  0x0000000020000014        0x4 /home/kevin_moncayo/stm32f103c8t6//rtos/libwwg/libwwg.a(mcuio.o)
                0x0000000020000014                mcu_usb
 .data.rcc_ahb_frequency
                0x0000000020000018        0x4 /home/kevin_moncayo/stm32f103c8t6/libopencm3/lib/libopencm3_stm32f1.a(rcc.o)
                0x0000000020000018                rcc_ahb_frequency
 .data.rcc_apb1_frequency
                0x000000002000001c        0x4 /home/kevin_moncayo/stm32f103c8t6/libopencm3/lib/libopencm3_stm32f1.a(rcc.o)
                0x000000002000001c                rcc_apb1_frequency
 .data.rcc_apb2_frequency
                0x0000000020000020        0x4 /home/kevin_moncayo/stm32f103c8t6/libopencm3/lib/libopencm3_stm32f1.a(rcc.o)
                0x0000000020000020                rcc_apb2_frequency
                0x0000000020000024                . = ALIGN (0x4)
                0x0000000020000024                _edata = .
                0x00000000080036c8                _data_loadaddr = LOADADDR (.data)

.igot.plt       0x0000000020000024        0x0 load address 0x00000000080036ec
 .igot.plt      0x0000000020000024        0x0 main.o

.bss            0x0000000020000024     0x46cc load address 0x00000000080036ec
 *(.bss*)
 .bss.alarm     0x0000000020000024        0x4 main.o
 .bss.days      0x0000000020000028        0x4 main.o
 .bss.h_mutex   0x000000002000002c        0x4 main.o
 .bss.h_task2   0x0000000020000030        0x4 main.o
 .bss.h_task3   0x0000000020000034        0x4 main.o
 .bss.hours     0x0000000020000038        0x4 main.o
 .bss.minutes   0x000000002000003c        0x4 main.o
 .bss.rtc_alarm_count
                0x0000000020000040        0x4 main.o
 .bss.rtc_isr_count
                0x0000000020000044        0x4 main.o
 .bss.rtc_overflow_count
                0x0000000020000048        0x4 main.o
 .bss.seconds   0x000000002000004c        0x4 main.o
 .bss.pxEnd     0x0000000020000050        0x4 rtos/heap_4.o
 .bss.ucHeap    0x0000000020000054     0x4400 rtos/heap_4.o
 .bss.xBlockAllocatedBit
                0x0000000020004454        0x4 rtos/heap_4.o
 .bss.xFreeBytesRemaining
                0x0000000020004458        0x4 rtos/heap_4.o
 .bss.xMinimumEverFreeBytesRemaining
                0x000000002000445c        0x4 rtos/heap_4.o
 .bss.xStart    0x0000000020004460        0x8 rtos/heap_4.o
 .bss.pxCurrentTCB
                0x0000000020004468        0x4 rtos/tasks.o
                0x0000000020004468                pxCurrentTCB
 .bss.pxDelayedTaskList
                0x000000002000446c        0x4 rtos/tasks.o
 .bss.pxOverflowDelayedTaskList
                0x0000000020004470        0x4 rtos/tasks.o
 .bss.pxReadyTasksLists
                0x0000000020004474       0x64 rtos/tasks.o
 .bss.uxCurrentNumberOfTasks
                0x00000000200044d8        0x4 rtos/tasks.o
 .bss.uxPendedTicks
                0x00000000200044dc        0x4 rtos/tasks.o
 .bss.uxSchedulerSuspended
                0x00000000200044e0        0x4 rtos/tasks.o
 .bss.uxTaskNumber
                0x00000000200044e4        0x4 rtos/tasks.o
 .bss.uxTopReadyPriority
                0x00000000200044e8        0x4 rtos/tasks.o
 .bss.xDelayedTaskList1
                0x00000000200044ec       0x14 rtos/tasks.o
 .bss.xDelayedTaskList2
                0x0000000020004500       0x14 rtos/tasks.o
 .bss.xIdleTaskHandle
                0x0000000020004514        0x4 rtos/tasks.o
 .bss.xNextTaskUnblockTime
                0x0000000020004518        0x4 rtos/tasks.o
 .bss.xNumOfOverflows
                0x000000002000451c        0x4 rtos/tasks.o
 .bss.xPendingReadyList
                0x0000000020004520       0x14 rtos/tasks.o
 .bss.xSchedulerRunning
                0x0000000020004534        0x4 rtos/tasks.o
 .bss.xSuspendedTaskList
                0x0000000020004538       0x14 rtos/tasks.o
 .bss.xTickCount
                0x000000002000454c        0x4 rtos/tasks.o
 .bss.xYieldPending
                0x0000000020004550        0x4 rtos/tasks.o
 .bss.initialized
                0x0000000020004554        0x1 /home/kevin_moncayo/stm32f103c8t6//rtos/libwwg/libwwg.a(usbcdc.o)
 *fill*         0x0000000020004555        0x3 
 .bss.usb_rxq   0x0000000020004558        0x4 /home/kevin_moncayo/stm32f103c8t6//rtos/libwwg/libwwg.a(usbcdc.o)
 .bss.usb_txq   0x000000002000455c        0x4 /home/kevin_moncayo/stm32f103c8t6//rtos/libwwg/libwwg.a(usbcdc.o)
 .bss.usbd_control_buffer
                0x0000000020004560       0x80 /home/kevin_moncayo/stm32f103c8t6//rtos/libwwg/libwwg.a(usbcdc.o)
                0x0000000020004560                usbd_control_buffer
 .bss.uart_data
                0x00000000200045e0        0xc /home/kevin_moncayo/stm32f103c8t6//rtos/libwwg/libwwg.a(uartlib.o)
 .bss.st_usbfs_dev
                0x00000000200045ec       0xfc /home/kevin_moncayo/stm32f103c8t6/libopencm3/lib/libopencm3_stm32f1.a(st_usbfs_core.o)
                0x00000000200045ec                st_usbfs_dev
 .bss.st_usbfs_force_nak
                0x00000000200046e8        0x8 /home/kevin_moncayo/stm32f103c8t6/libopencm3/lib/libopencm3_stm32f1.a(st_usbfs_core.o)
                0x00000000200046e8                st_usbfs_force_nak
 *(COMMON)
                0x00000000200046f0                . = ALIGN (0x4)
                0x00000000200046f0                _ebss = .

/DISCARD/
 *(.eh_frame)
                0x00000000200046f0                . = ALIGN (0x4)
                0x00000000200046f0                end = .
                0x0000000020005000                PROVIDE (_stack = (ORIGIN (ram) + LENGTH (ram)))
OUTPUT(main.elf elf32-littlearm)

.debug_info     0x0000000000000000    0x17daa
 .debug_info    0x0000000000000000     0x1817 main.o
 .debug_info    0x0000000000001817      0xca4 rtos/heap_4.o
 .debug_info    0x00000000000024bb      0xb67 rtos/list.o
 .debug_info    0x0000000000003022      0x328 rtos/port.o
 .debug_info    0x000000000000334a     0x1d52 rtos/queue.o
 .debug_info    0x000000000000509c     0x2896 rtos/tasks.o
 .debug_info    0x0000000000007932      0x136 rtos/opencm3.o
 .debug_info    0x0000000000007a68     0x1b96 /home/kevin_moncayo/stm32f103c8t6//rtos/libwwg/libwwg.a(usbcdc.o)
 .debug_info    0x00000000000095fe     0x11b6 /home/kevin_moncayo/stm32f103c8t6//rtos/libwwg/libwwg.a(miniprintf.o)
 .debug_info    0x000000000000a7b4      0xc1c /home/kevin_moncayo/stm32f103c8t6//rtos/libwwg/libwwg.a(mcuio.o)
 .debug_info    0x000000000000b3d0      0xb5a /home/kevin_moncayo/stm32f103c8t6//rtos/libwwg/libwwg.a(getline.o)
 .debug_info    0x000000000000bf2a     0x1c52 /home/kevin_moncayo/stm32f103c8t6//rtos/libwwg/libwwg.a(uartlib.o)
 .debug_info    0x000000000000db7c      0x20a /home/kevin_moncayo/stm32f103c8t6/libopencm3/lib/libopencm3_stm32f1.a(gpio.o)
 .debug_info    0x000000000000dd86      0x266 /home/kevin_moncayo/stm32f103c8t6/libopencm3/lib/libopencm3_stm32f1.a(gpio_common_all.o)
 .debug_info    0x000000000000dfec     0x128f /home/kevin_moncayo/stm32f103c8t6/libopencm3/lib/libopencm3_stm32f1.a(rcc.o)
 .debug_info    0x000000000000f27b      0x603 /home/kevin_moncayo/stm32f103c8t6/libopencm3/lib/libopencm3_stm32f1.a(rcc_common_all.o)
 .debug_info    0x000000000000f87e      0x73c /home/kevin_moncayo/stm32f103c8t6/libopencm3/lib/libopencm3_stm32f1.a(rtc.o)
 .debug_info    0x000000000000ffba      0x51b /home/kevin_moncayo/stm32f103c8t6/libopencm3/lib/libopencm3_stm32f1.a(usart_common_all.o)
 .debug_info    0x00000000000104d5      0x1c5 /home/kevin_moncayo/stm32f103c8t6/libopencm3/lib/libopencm3_stm32f1.a(usart_common_f124.o)
 .debug_info    0x000000000001069a     0x17fc /home/kevin_moncayo/stm32f103c8t6/libopencm3/lib/libopencm3_stm32f1.a(usb.o)
 .debug_info    0x0000000000011e96     0x1931 /home/kevin_moncayo/stm32f103c8t6/libopencm3/lib/libopencm3_stm32f1.a(usb_control.o)
 .debug_info    0x00000000000137c7     0x1fc5 /home/kevin_moncayo/stm32f103c8t6/libopencm3/lib/libopencm3_stm32f1.a(usb_standard.o)
 .debug_info    0x000000000001578c      0xda7 /home/kevin_moncayo/stm32f103c8t6/libopencm3/lib/libopencm3_stm32f1.a(st_usbfs_v1.o)
 .debug_info    0x0000000000016533      0x2dd /home/kevin_moncayo/stm32f103c8t6/libopencm3/lib/libopencm3_stm32f1.a(vector.o)
 .debug_info    0x0000000000016810      0x251 /home/kevin_moncayo/stm32f103c8t6/libopencm3/lib/libopencm3_stm32f1.a(nvic.o)
 .debug_info    0x0000000000016a61       0xf6 /home/kevin_moncayo/stm32f103c8t6/libopencm3/lib/libopencm3_stm32f1.a(flash_common_all.o)
 .debug_info    0x0000000000016b57      0x1bc /home/kevin_moncayo/stm32f103c8t6/libopencm3/lib/libopencm3_stm32f1.a(pwr_common_v1.o)
 .debug_info    0x0000000000016d13     0x1097 /home/kevin_moncayo/stm32f103c8t6/libopencm3/lib/libopencm3_stm32f1.a(st_usbfs_core.o)

.debug_abbrev   0x0000000000000000     0x4736
 .debug_abbrev  0x0000000000000000      0x468 main.o
 .debug_abbrev  0x0000000000000468      0x361 rtos/heap_4.o
 .debug_abbrev  0x00000000000007c9      0x22f rtos/list.o
 .debug_abbrev  0x00000000000009f8      0x223 rtos/port.o
 .debug_abbrev  0x0000000000000c1b      0x3c7 rtos/queue.o
 .debug_abbrev  0x0000000000000fe2      0x502 rtos/tasks.o
 .debug_abbrev  0x00000000000014e4       0x89 rtos/opencm3.o
 .debug_abbrev  0x000000000000156d      0x46e /home/kevin_moncayo/stm32f103c8t6//rtos/libwwg/libwwg.a(usbcdc.o)
 .debug_abbrev  0x00000000000019db      0x47c /home/kevin_moncayo/stm32f103c8t6//rtos/libwwg/libwwg.a(miniprintf.o)
 .debug_abbrev  0x0000000000001e57      0x296 /home/kevin_moncayo/stm32f103c8t6//rtos/libwwg/libwwg.a(mcuio.o)
 .debug_abbrev  0x00000000000020ed      0x279 /home/kevin_moncayo/stm32f103c8t6//rtos/libwwg/libwwg.a(getline.o)
 .debug_abbrev  0x0000000000002366      0x450 /home/kevin_moncayo/stm32f103c8t6//rtos/libwwg/libwwg.a(uartlib.o)
 .debug_abbrev  0x00000000000027b6       0xd0 /home/kevin_moncayo/stm32f103c8t6/libopencm3/lib/libopencm3_stm32f1.a(gpio.o)
 .debug_abbrev  0x0000000000002886      0x116 /home/kevin_moncayo/stm32f103c8t6/libopencm3/lib/libopencm3_stm32f1.a(gpio_common_all.o)
 .debug_abbrev  0x000000000000299c      0x2e1 /home/kevin_moncayo/stm32f103c8t6/libopencm3/lib/libopencm3_stm32f1.a(rcc.o)
 .debug_abbrev  0x0000000000002c7d      0x15d /home/kevin_moncayo/stm32f103c8t6/libopencm3/lib/libopencm3_stm32f1.a(rcc_common_all.o)
 .debug_abbrev  0x0000000000002dda      0x1c2 /home/kevin_moncayo/stm32f103c8t6/libopencm3/lib/libopencm3_stm32f1.a(rtc.o)
 .debug_abbrev  0x0000000000002f9c      0x129 /home/kevin_moncayo/stm32f103c8t6/libopencm3/lib/libopencm3_stm32f1.a(usart_common_all.o)
 .debug_abbrev  0x00000000000030c5       0xc8 /home/kevin_moncayo/stm32f103c8t6/libopencm3/lib/libopencm3_stm32f1.a(usart_common_f124.o)
 .debug_abbrev  0x000000000000318d      0x333 /home/kevin_moncayo/stm32f103c8t6/libopencm3/lib/libopencm3_stm32f1.a(usb.o)
 .debug_abbrev  0x00000000000034c0      0x477 /home/kevin_moncayo/stm32f103c8t6/libopencm3/lib/libopencm3_stm32f1.a(usb_control.o)
 .debug_abbrev  0x0000000000003937      0x5a4 /home/kevin_moncayo/stm32f103c8t6/libopencm3/lib/libopencm3_stm32f1.a(usb_standard.o)
 .debug_abbrev  0x0000000000003edb      0x265 /home/kevin_moncayo/stm32f103c8t6/libopencm3/lib/libopencm3_stm32f1.a(st_usbfs_v1.o)
 .debug_abbrev  0x0000000000004140      0x145 /home/kevin_moncayo/stm32f103c8t6/libopencm3/lib/libopencm3_stm32f1.a(vector.o)
 .debug_abbrev  0x0000000000004285       0xb5 /home/kevin_moncayo/stm32f103c8t6/libopencm3/lib/libopencm3_stm32f1.a(nvic.o)
 .debug_abbrev  0x000000000000433a       0x97 /home/kevin_moncayo/stm32f103c8t6/libopencm3/lib/libopencm3_stm32f1.a(flash_common_all.o)
 .debug_abbrev  0x00000000000043d1       0x9f /home/kevin_moncayo/stm32f103c8t6/libopencm3/lib/libopencm3_stm32f1.a(pwr_common_v1.o)
 .debug_abbrev  0x0000000000004470      0x2c6 /home/kevin_moncayo/stm32f103c8t6/libopencm3/lib/libopencm3_stm32f1.a(st_usbfs_core.o)

.debug_loc      0x0000000000000000     0x8661
 .debug_loc     0x0000000000000000      0x1c4 main.o
 .debug_loc     0x00000000000001c4      0x361 rtos/heap_4.o
 .debug_loc     0x0000000000000525       0xaf rtos/list.o
 .debug_loc     0x00000000000005d4       0xbe rtos/port.o
 .debug_loc     0x0000000000000692     0x106a rtos/queue.o
 .debug_loc     0x00000000000016fc     0x1742 rtos/tasks.o
 .debug_loc     0x0000000000002e3e      0x4ea /home/kevin_moncayo/stm32f103c8t6//rtos/libwwg/libwwg.a(usbcdc.o)
 .debug_loc     0x0000000000003328      0xa2b /home/kevin_moncayo/stm32f103c8t6//rtos/libwwg/libwwg.a(miniprintf.o)
 .debug_loc     0x0000000000003d53       0x4f /home/kevin_moncayo/stm32f103c8t6//rtos/libwwg/libwwg.a(mcuio.o)
 .debug_loc     0x0000000000003da2      0x2d3 /home/kevin_moncayo/stm32f103c8t6//rtos/libwwg/libwwg.a(getline.o)
 .debug_loc     0x0000000000004075      0xda9 /home/kevin_moncayo/stm32f103c8t6//rtos/libwwg/libwwg.a(uartlib.o)
 .debug_loc     0x0000000000004e1e      0x134 /home/kevin_moncayo/stm32f103c8t6/libopencm3/lib/libopencm3_stm32f1.a(gpio.o)
 .debug_loc     0x0000000000004f52       0xbe /home/kevin_moncayo/stm32f103c8t6/libopencm3/lib/libopencm3_stm32f1.a(gpio_common_all.o)
 .debug_loc     0x0000000000005010      0x39c /home/kevin_moncayo/stm32f103c8t6/libopencm3/lib/libopencm3_stm32f1.a(rcc.o)
 .debug_loc     0x00000000000053ac       0x6f /home/kevin_moncayo/stm32f103c8t6/libopencm3/lib/libopencm3_stm32f1.a(rcc_common_all.o)
 .debug_loc     0x000000000000541b      0x268 /home/kevin_moncayo/stm32f103c8t6/libopencm3/lib/libopencm3_stm32f1.a(rtc.o)
 .debug_loc     0x0000000000005683      0x172 /home/kevin_moncayo/stm32f103c8t6/libopencm3/lib/libopencm3_stm32f1.a(usart_common_all.o)
 .debug_loc     0x00000000000057f5       0x99 /home/kevin_moncayo/stm32f103c8t6/libopencm3/lib/libopencm3_stm32f1.a(usart_common_f124.o)
 .debug_loc     0x000000000000588e      0x544 /home/kevin_moncayo/stm32f103c8t6/libopencm3/lib/libopencm3_stm32f1.a(usb.o)
 .debug_loc     0x0000000000005dd2      0x81a /home/kevin_moncayo/stm32f103c8t6/libopencm3/lib/libopencm3_stm32f1.a(usb_control.o)
 .debug_loc     0x00000000000065ec     0x13a2 /home/kevin_moncayo/stm32f103c8t6/libopencm3/lib/libopencm3_stm32f1.a(usb_standard.o)
 .debug_loc     0x000000000000798e      0x1de /home/kevin_moncayo/stm32f103c8t6/libopencm3/lib/libopencm3_stm32f1.a(st_usbfs_v1.o)
 .debug_loc     0x0000000000007b6c      0x128 /home/kevin_moncayo/stm32f103c8t6/libopencm3/lib/libopencm3_stm32f1.a(vector.o)
 .debug_loc     0x0000000000007c94      0x14d /home/kevin_moncayo/stm32f103c8t6/libopencm3/lib/libopencm3_stm32f1.a(nvic.o)
 .debug_loc     0x0000000000007de1       0x15 /home/kevin_moncayo/stm32f103c8t6/libopencm3/lib/libopencm3_stm32f1.a(flash_common_all.o)
 .debug_loc     0x0000000000007df6      0x86b /home/kevin_moncayo/stm32f103c8t6/libopencm3/lib/libopencm3_stm32f1.a(st_usbfs_core.o)

.debug_aranges  0x0000000000000000      0xd28
 .debug_aranges
                0x0000000000000000       0x50 main.o
 .debug_aranges
                0x0000000000000050       0x48 rtos/heap_4.o
 .debug_aranges
                0x0000000000000098       0x40 rtos/list.o
 .debug_aranges
                0x00000000000000d8       0x70 rtos/port.o
 .debug_aranges
                0x0000000000000148       0xa8 rtos/queue.o
 .debug_aranges
                0x00000000000001f0      0x150 rtos/tasks.o
 .debug_aranges
                0x0000000000000340       0x30 rtos/opencm3.o
 .debug_aranges
                0x0000000000000370       0x98 /home/kevin_moncayo/stm32f103c8t6//rtos/libwwg/libwwg.a(usbcdc.o)
 .debug_aranges
                0x0000000000000408       0x58 /home/kevin_moncayo/stm32f103c8t6//rtos/libwwg/libwwg.a(miniprintf.o)
 .debug_aranges
                0x0000000000000460       0x28 /home/kevin_moncayo/stm32f103c8t6//rtos/libwwg/libwwg.a(mcuio.o)
 .debug_aranges
                0x0000000000000488       0x20 /home/kevin_moncayo/stm32f103c8t6//rtos/libwwg/libwwg.a(getline.o)
 .debug_aranges
                0x00000000000004a8      0x140 /home/kevin_moncayo/stm32f103c8t6//rtos/libwwg/libwwg.a(uartlib.o)
 .debug_aranges
                0x00000000000005e8       0x38 /home/kevin_moncayo/stm32f103c8t6/libopencm3/lib/libopencm3_stm32f1.a(gpio.o)
 .debug_aranges
                0x0000000000000620       0x50 /home/kevin_moncayo/stm32f103c8t6/libopencm3/lib/libopencm3_stm32f1.a(gpio_common_all.o)
 .debug_aranges
                0x0000000000000670      0x158 /home/kevin_moncayo/stm32f103c8t6/libopencm3/lib/libopencm3_stm32f1.a(rcc.o)
 .debug_aranges
                0x00000000000007c8       0x58 /home/kevin_moncayo/stm32f103c8t6/libopencm3/lib/libopencm3_stm32f1.a(rcc_common_all.o)
 .debug_aranges
                0x0000000000000820       0xa0 /home/kevin_moncayo/stm32f103c8t6/libopencm3/lib/libopencm3_stm32f1.a(rtc.o)
 .debug_aranges
                0x00000000000008c0       0xb8 /home/kevin_moncayo/stm32f103c8t6/libopencm3/lib/libopencm3_stm32f1.a(usart_common_all.o)
 .debug_aranges
                0x0000000000000978       0x40 /home/kevin_moncayo/stm32f103c8t6/libopencm3/lib/libopencm3_stm32f1.a(usart_common_f124.o)
 .debug_aranges
                0x00000000000009b8       0x88 /home/kevin_moncayo/stm32f103c8t6/libopencm3/lib/libopencm3_stm32f1.a(usb.o)
 .debug_aranges
                0x0000000000000a40       0x60 /home/kevin_moncayo/stm32f103c8t6/libopencm3/lib/libopencm3_stm32f1.a(usb_control.o)
 .debug_aranges
                0x0000000000000aa0       0x98 /home/kevin_moncayo/stm32f103c8t6/libopencm3/lib/libopencm3_stm32f1.a(usb_standard.o)
 .debug_aranges
                0x0000000000000b38       0x30 /home/kevin_moncayo/stm32f103c8t6/libopencm3/lib/libopencm3_stm32f1.a(st_usbfs_v1.o)
 .debug_aranges
                0x0000000000000b68       0x30 /home/kevin_moncayo/stm32f103c8t6/libopencm3/lib/libopencm3_stm32f1.a(vector.o)
 .debug_aranges
                0x0000000000000b98       0x60 /home/kevin_moncayo/stm32f103c8t6/libopencm3/lib/libopencm3_stm32f1.a(nvic.o)
 .debug_aranges
                0x0000000000000bf8       0x38 /home/kevin_moncayo/stm32f103c8t6/libopencm3/lib/libopencm3_stm32f1.a(flash_common_all.o)
 .debug_aranges
                0x0000000000000c30       0x90 /home/kevin_moncayo/stm32f103c8t6/libopencm3/lib/libopencm3_stm32f1.a(pwr_common_v1.o)
 .debug_aranges
                0x0000000000000cc0       0x68 /home/kevin_moncayo/stm32f103c8t6/libopencm3/lib/libopencm3_stm32f1.a(st_usbfs_core.o)

.debug_ranges   0x0000000000000000     0x11b0
 .debug_ranges  0x0000000000000000      0x108 main.o
 .debug_ranges  0x0000000000000108       0x38 rtos/heap_4.o
 .debug_ranges  0x0000000000000140       0x30 rtos/list.o
 .debug_ranges  0x0000000000000170       0x78 rtos/port.o
 .debug_ranges  0x00000000000001e8      0x208 rtos/queue.o
 .debug_ranges  0x00000000000003f0      0x298 rtos/tasks.o
 .debug_ranges  0x0000000000000688       0x20 rtos/opencm3.o
 .debug_ranges  0x00000000000006a8       0xa0 /home/kevin_moncayo/stm32f103c8t6//rtos/libwwg/libwwg.a(usbcdc.o)
 .debug_ranges  0x0000000000000748       0x90 /home/kevin_moncayo/stm32f103c8t6//rtos/libwwg/libwwg.a(miniprintf.o)
 .debug_ranges  0x00000000000007d8       0x18 /home/kevin_moncayo/stm32f103c8t6//rtos/libwwg/libwwg.a(mcuio.o)
 .debug_ranges  0x00000000000007f0       0x58 /home/kevin_moncayo/stm32f103c8t6//rtos/libwwg/libwwg.a(getline.o)
 .debug_ranges  0x0000000000000848      0x148 /home/kevin_moncayo/stm32f103c8t6//rtos/libwwg/libwwg.a(uartlib.o)
 .debug_ranges  0x0000000000000990       0x28 /home/kevin_moncayo/stm32f103c8t6/libopencm3/lib/libopencm3_stm32f1.a(gpio.o)
 .debug_ranges  0x00000000000009b8       0x40 /home/kevin_moncayo/stm32f103c8t6/libopencm3/lib/libopencm3_stm32f1.a(gpio_common_all.o)
 .debug_ranges  0x00000000000009f8      0x1b8 /home/kevin_moncayo/stm32f103c8t6/libopencm3/lib/libopencm3_stm32f1.a(rcc.o)
 .debug_ranges  0x0000000000000bb0       0x48 /home/kevin_moncayo/stm32f103c8t6/libopencm3/lib/libopencm3_stm32f1.a(rcc_common_all.o)
 .debug_ranges  0x0000000000000bf8       0x90 /home/kevin_moncayo/stm32f103c8t6/libopencm3/lib/libopencm3_stm32f1.a(rtc.o)
 .debug_ranges  0x0000000000000c88       0xa8 /home/kevin_moncayo/stm32f103c8t6/libopencm3/lib/libopencm3_stm32f1.a(usart_common_all.o)
 .debug_ranges  0x0000000000000d30       0x30 /home/kevin_moncayo/stm32f103c8t6/libopencm3/lib/libopencm3_stm32f1.a(usart_common_f124.o)
 .debug_ranges  0x0000000000000d60       0x78 /home/kevin_moncayo/stm32f103c8t6/libopencm3/lib/libopencm3_stm32f1.a(usb.o)
 .debug_ranges  0x0000000000000dd8       0x90 /home/kevin_moncayo/stm32f103c8t6/libopencm3/lib/libopencm3_stm32f1.a(usb_control.o)
 .debug_ranges  0x0000000000000e68      0x108 /home/kevin_moncayo/stm32f103c8t6/libopencm3/lib/libopencm3_stm32f1.a(usb_standard.o)
 .debug_ranges  0x0000000000000f70       0x20 /home/kevin_moncayo/stm32f103c8t6/libopencm3/lib/libopencm3_stm32f1.a(st_usbfs_v1.o)
 .debug_ranges  0x0000000000000f90       0x20 /home/kevin_moncayo/stm32f103c8t6/libopencm3/lib/libopencm3_stm32f1.a(vector.o)
 .debug_ranges  0x0000000000000fb0       0x50 /home/kevin_moncayo/stm32f103c8t6/libopencm3/lib/libopencm3_stm32f1.a(nvic.o)
 .debug_ranges  0x0000000000001000       0x28 /home/kevin_moncayo/stm32f103c8t6/libopencm3/lib/libopencm3_stm32f1.a(flash_common_all.o)
 .debug_ranges  0x0000000000001028       0x80 /home/kevin_moncayo/stm32f103c8t6/libopencm3/lib/libopencm3_stm32f1.a(pwr_common_v1.o)
 .debug_ranges  0x00000000000010a8      0x108 /home/kevin_moncayo/stm32f103c8t6/libopencm3/lib/libopencm3_stm32f1.a(st_usbfs_core.o)

.debug_line     0x0000000000000000     0xa7a9
 .debug_line    0x0000000000000000      0x6f3 main.o
 .debug_line    0x00000000000006f3      0x446 rtos/heap_4.o
 .debug_line    0x0000000000000b39      0x2b3 rtos/list.o
 .debug_line    0x0000000000000dec      0x2ec rtos/port.o
 .debug_line    0x00000000000010d8      0xbf4 rtos/queue.o
 .debug_line    0x0000000000001ccc     0x16e4 rtos/tasks.o
 .debug_line    0x00000000000033b0      0x130 rtos/opencm3.o
 .debug_line    0x00000000000034e0      0x6af /home/kevin_moncayo/stm32f103c8t6//rtos/libwwg/libwwg.a(usbcdc.o)
 .debug_line    0x0000000000003b8f      0x599 /home/kevin_moncayo/stm32f103c8t6//rtos/libwwg/libwwg.a(miniprintf.o)
 .debug_line    0x0000000000004128      0x174 /home/kevin_moncayo/stm32f103c8t6//rtos/libwwg/libwwg.a(mcuio.o)
 .debug_line    0x000000000000429c      0x372 /home/kevin_moncayo/stm32f103c8t6//rtos/libwwg/libwwg.a(getline.o)
 .debug_line    0x000000000000460e      0xa5e /home/kevin_moncayo/stm32f103c8t6//rtos/libwwg/libwwg.a(uartlib.o)
 .debug_line    0x000000000000506c      0x33e /home/kevin_moncayo/stm32f103c8t6/libopencm3/lib/libopencm3_stm32f1.a(gpio.o)
 .debug_line    0x00000000000053aa      0x354 /home/kevin_moncayo/stm32f103c8t6/libopencm3/lib/libopencm3_stm32f1.a(gpio_common_all.o)
 .debug_line    0x00000000000056fe      0xc89 /home/kevin_moncayo/stm32f103c8t6/libopencm3/lib/libopencm3_stm32f1.a(rcc.o)
 .debug_line    0x0000000000006387      0x37e /home/kevin_moncayo/stm32f103c8t6/libopencm3/lib/libopencm3_stm32f1.a(rcc_common_all.o)
 .debug_line    0x0000000000006705      0x6c5 /home/kevin_moncayo/stm32f103c8t6/libopencm3/lib/libopencm3_stm32f1.a(rtc.o)
 .debug_line    0x0000000000006dca      0x557 /home/kevin_moncayo/stm32f103c8t6/libopencm3/lib/libopencm3_stm32f1.a(usart_common_all.o)
 .debug_line    0x0000000000007321      0x349 /home/kevin_moncayo/stm32f103c8t6/libopencm3/lib/libopencm3_stm32f1.a(usart_common_f124.o)
 .debug_line    0x000000000000766a      0x492 /home/kevin_moncayo/stm32f103c8t6/libopencm3/lib/libopencm3_stm32f1.a(usb.o)
 .debug_line    0x0000000000007afc      0x6ae /home/kevin_moncayo/stm32f103c8t6/libopencm3/lib/libopencm3_stm32f1.a(usb_control.o)
 .debug_line    0x00000000000081aa      0xbef /home/kevin_moncayo/stm32f103c8t6/libopencm3/lib/libopencm3_stm32f1.a(usb_standard.o)
 .debug_line    0x0000000000008d99      0x3ea /home/kevin_moncayo/stm32f103c8t6/libopencm3/lib/libopencm3_stm32f1.a(st_usbfs_v1.o)
 .debug_line    0x0000000000009183      0x3df /home/kevin_moncayo/stm32f103c8t6/libopencm3/lib/libopencm3_stm32f1.a(vector.o)
 .debug_line    0x0000000000009562      0x376 /home/kevin_moncayo/stm32f103c8t6/libopencm3/lib/libopencm3_stm32f1.a(nvic.o)
 .debug_line    0x00000000000098d8      0x305 /home/kevin_moncayo/stm32f103c8t6/libopencm3/lib/libopencm3_stm32f1.a(flash_common_all.o)
 .debug_line    0x0000000000009bdd      0x3f1 /home/kevin_moncayo/stm32f103c8t6/libopencm3/lib/libopencm3_stm32f1.a(pwr_common_v1.o)
 .debug_line    0x0000000000009fce      0x7db /home/kevin_moncayo/stm32f103c8t6/libopencm3/lib/libopencm3_stm32f1.a(st_usbfs_core.o)

.debug_str      0x0000000000000000    0x16f23
 .debug_str     0x0000000000000000      0xbae main.o
                                        0xd07 (size before relaxing)
 .debug_str     0x0000000000000bae      0x1eb rtos/heap_4.o
                                        0x765 (size before relaxing)
 .debug_str     0x0000000000000d99      0x11e rtos/list.o
                                        0x6c0 (size before relaxing)
 .debug_str     0x0000000000000eb7      0x157 rtos/port.o
                                        0x33e (size before relaxing)
 .debug_str     0x000000000000100e      0x45e rtos/queue.o
                                        0xbe2 (size before relaxing)
 .debug_str     0x000000000000146c      0x7b8 rtos/tasks.o
                                       0x115a (size before relaxing)
 .debug_str     0x0000000000001c24       0x40 rtos/opencm3.o
                                        0x248 (size before relaxing)
 .debug_str     0x0000000000001c64      0x717 /home/kevin_moncayo/stm32f103c8t6//rtos/libwwg/libwwg.a(usbcdc.o)
                                       0x1052 (size before relaxing)
 .debug_str     0x000000000000237b      0x100 /home/kevin_moncayo/stm32f103c8t6//rtos/libwwg/libwwg.a(miniprintf.o)
                                        0x6d2 (size before relaxing)
 .debug_str     0x000000000000247b       0x39 /home/kevin_moncayo/stm32f103c8t6//rtos/libwwg/libwwg.a(mcuio.o)
                                        0x677 (size before relaxing)
 .debug_str     0x00000000000024b4       0x25 /home/kevin_moncayo/stm32f103c8t6//rtos/libwwg/libwwg.a(getline.o)
                                        0x595 (size before relaxing)
 .debug_str     0x00000000000024d9      0x316 /home/kevin_moncayo/stm32f103c8t6//rtos/libwwg/libwwg.a(uartlib.o)
                                        0xbe2 (size before relaxing)
 .debug_str     0x00000000000027ef     0x83ec /home/kevin_moncayo/stm32f103c8t6/libopencm3/lib/libopencm3_stm32f1.a(gpio.o)
                                       0x85b8 (size before relaxing)
 .debug_str     0x000000000000abdb       0x69 /home/kevin_moncayo/stm32f103c8t6/libopencm3/lib/libopencm3_stm32f1.a(gpio_common_all.o)
                                       0x85ac (size before relaxing)
 .debug_str     0x000000000000ac44     0x305f /home/kevin_moncayo/stm32f103c8t6/libopencm3/lib/libopencm3_stm32f1.a(rcc.o)
                                       0x7eab (size before relaxing)
 .debug_str     0x000000000000dca3      0x35b /home/kevin_moncayo/stm32f103c8t6/libopencm3/lib/libopencm3_stm32f1.a(rcc_common_all.o)
                                       0x77c1 (size before relaxing)
 .debug_str     0x000000000000dffe      0x5a2 /home/kevin_moncayo/stm32f103c8t6/libopencm3/lib/libopencm3_stm32f1.a(rtc.o)
                                       0x7b56 (size before relaxing)
 .debug_str     0x000000000000e5a0     0x10b2 /home/kevin_moncayo/stm32f103c8t6/libopencm3/lib/libopencm3_stm32f1.a(usart_common_all.o)
                                       0x8380 (size before relaxing)
 .debug_str     0x000000000000f652       0x2d /home/kevin_moncayo/stm32f103c8t6/libopencm3/lib/libopencm3_stm32f1.a(usart_common_f124.o)
                                       0x81ba (size before relaxing)
 .debug_str     0x000000000000f67f     0x367b /home/kevin_moncayo/stm32f103c8t6/libopencm3/lib/libopencm3_stm32f1.a(usb.o)
                                       0x802f (size before relaxing)
 .debug_str     0x0000000000012cfa      0x19b /home/kevin_moncayo/stm32f103c8t6/libopencm3/lib/libopencm3_stm32f1.a(usb_control.o)
                                       0x807c (size before relaxing)
 .debug_str     0x0000000000012e95      0x2a4 /home/kevin_moncayo/stm32f103c8t6/libopencm3/lib/libopencm3_stm32f1.a(usb_standard.o)
                                       0x81af (size before relaxing)
 .debug_str     0x0000000000013139     0x1594 /home/kevin_moncayo/stm32f103c8t6/libopencm3/lib/libopencm3_stm32f1.a(st_usbfs_v1.o)
                                       0x98e0 (size before relaxing)
 .debug_str     0x00000000000146cd     0x2485 /home/kevin_moncayo/stm32f103c8t6/libopencm3/lib/libopencm3_stm32f1.a(vector.o)
                                       0x6681 (size before relaxing)
 .debug_str     0x0000000000016b52       0xc4 /home/kevin_moncayo/stm32f103c8t6/libopencm3/lib/libopencm3_stm32f1.a(nvic.o)
                                       0x5c63 (size before relaxing)
 .debug_str     0x0000000000016c16       0x64 /home/kevin_moncayo/stm32f103c8t6/libopencm3/lib/libopencm3_stm32f1.a(flash_common_all.o)
                                       0x5584 (size before relaxing)
 .debug_str     0x0000000000016c7a      0x190 /home/kevin_moncayo/stm32f103c8t6/libopencm3/lib/libopencm3_stm32f1.a(pwr_common_v1.o)
                                       0x51d9 (size before relaxing)
 .debug_str     0x0000000000016e0a      0x119 /home/kevin_moncayo/stm32f103c8t6/libopencm3/lib/libopencm3_stm32f1.a(st_usbfs_core.o)
                                       0x97fc (size before relaxing)

.comment        0x0000000000000000       0x79
 .comment       0x0000000000000000       0x79 main.o
                                         0x7a (size before relaxing)
 .comment       0x0000000000000079       0x7a rtos/heap_4.o
 .comment       0x0000000000000079       0x7a rtos/list.o
 .comment       0x0000000000000079       0x7a rtos/port.o
 .comment       0x0000000000000079       0x7a rtos/queue.o
 .comment       0x0000000000000079       0x7a rtos/tasks.o
 .comment       0x0000000000000079       0x7a rtos/opencm3.o
 .comment       0x0000000000000079       0x7a /home/kevin_moncayo/stm32f103c8t6//rtos/libwwg/libwwg.a(usbcdc.o)
 .comment       0x0000000000000079       0x7a /home/kevin_moncayo/stm32f103c8t6//rtos/libwwg/libwwg.a(miniprintf.o)
 .comment       0x0000000000000079       0x7a /home/kevin_moncayo/stm32f103c8t6//rtos/libwwg/libwwg.a(mcuio.o)
 .comment       0x0000000000000079       0x7a /home/kevin_moncayo/stm32f103c8t6//rtos/libwwg/libwwg.a(getline.o)
 .comment       0x0000000000000079       0x7a /home/kevin_moncayo/stm32f103c8t6//rtos/libwwg/libwwg.a(uartlib.o)
 .comment       0x0000000000000079       0x7a /home/kevin_moncayo/stm32f103c8t6/libopencm3/lib/libopencm3_stm32f1.a(gpio.o)
 .comment       0x0000000000000079       0x7a /home/kevin_moncayo/stm32f103c8t6/libopencm3/lib/libopencm3_stm32f1.a(gpio_common_all.o)
 .comment       0x0000000000000079       0x7a /home/kevin_moncayo/stm32f103c8t6/libopencm3/lib/libopencm3_stm32f1.a(rcc.o)
 .comment       0x0000000000000079       0x7a /home/kevin_moncayo/stm32f103c8t6/libopencm3/lib/libopencm3_stm32f1.a(rcc_common_all.o)
 .comment       0x0000000000000079       0x7a /home/kevin_moncayo/stm32f103c8t6/libopencm3/lib/libopencm3_stm32f1.a(rtc.o)
 .comment       0x0000000000000079       0x7a /home/kevin_moncayo/stm32f103c8t6/libopencm3/lib/libopencm3_stm32f1.a(usart_common_all.o)
 .comment       0x0000000000000079       0x7a /home/kevin_moncayo/stm32f103c8t6/libopencm3/lib/libopencm3_stm32f1.a(usart_common_f124.o)
 .comment       0x0000000000000079       0x7a /home/kevin_moncayo/stm32f103c8t6/libopencm3/lib/libopencm3_stm32f1.a(usb.o)
 .comment       0x0000000000000079       0x7a /home/kevin_moncayo/stm32f103c8t6/libopencm3/lib/libopencm3_stm32f1.a(usb_control.o)
 .comment       0x0000000000000079       0x7a /home/kevin_moncayo/stm32f103c8t6/libopencm3/lib/libopencm3_stm32f1.a(usb_standard.o)
 .comment       0x0000000000000079       0x7a /home/kevin_moncayo/stm32f103c8t6/libopencm3/lib/libopencm3_stm32f1.a(st_usbfs_v1.o)
 .comment       0x0000000000000079       0x7a /home/kevin_moncayo/stm32f103c8t6/libopencm3/lib/libopencm3_stm32f1.a(vector.o)
 .comment       0x0000000000000079       0x7a /home/kevin_moncayo/stm32f103c8t6/libopencm3/lib/libopencm3_stm32f1.a(nvic.o)
 .comment       0x0000000000000079       0x7a /home/kevin_moncayo/stm32f103c8t6/libopencm3/lib/libopencm3_stm32f1.a(flash_common_all.o)
 .comment       0x0000000000000079       0x7a /home/kevin_moncayo/stm32f103c8t6/libopencm3/lib/libopencm3_stm32f1.a(pwr_common_v1.o)
 .comment       0x0000000000000079       0x7a /home/kevin_moncayo/stm32f103c8t6/libopencm3/lib/libopencm3_stm32f1.a(st_usbfs_core.o)

.ARM.attributes
                0x0000000000000000       0x2b
 .ARM.attributes
                0x0000000000000000       0x2d main.o
 .ARM.attributes
                0x000000000000002d       0x2d rtos/heap_4.o
 .ARM.attributes
                0x000000000000005a       0x2d rtos/list.o
 .ARM.attributes
                0x0000000000000087       0x2d rtos/port.o
 .ARM.attributes
                0x00000000000000b4       0x2d rtos/queue.o
 .ARM.attributes
                0x00000000000000e1       0x2d rtos/tasks.o
 .ARM.attributes
                0x000000000000010e       0x2d rtos/opencm3.o
 .ARM.attributes
                0x000000000000013b       0x1b /opt/gcc-arm/bin/../lib/gcc/arm-none-eabi/9.2.1/../../../../arm-none-eabi/lib/thumb/v7-m/nofp/libc.a(lib_a-memcpy.o)
 .ARM.attributes
                0x0000000000000156       0x2d /home/kevin_moncayo/stm32f103c8t6//rtos/libwwg/libwwg.a(usbcdc.o)
 .ARM.attributes
                0x0000000000000183       0x2d /home/kevin_moncayo/stm32f103c8t6//rtos/libwwg/libwwg.a(miniprintf.o)
 .ARM.attributes
                0x00000000000001b0       0x2d /home/kevin_moncayo/stm32f103c8t6//rtos/libwwg/libwwg.a(mcuio.o)
 .ARM.attributes
                0x00000000000001dd       0x2d /home/kevin_moncayo/stm32f103c8t6//rtos/libwwg/libwwg.a(getline.o)
 .ARM.attributes
                0x000000000000020a       0x2d /home/kevin_moncayo/stm32f103c8t6//rtos/libwwg/libwwg.a(uartlib.o)
 .ARM.attributes
                0x0000000000000237       0x2d /home/kevin_moncayo/stm32f103c8t6/libopencm3/lib/libopencm3_stm32f1.a(gpio.o)
 .ARM.attributes
                0x0000000000000264       0x2d /home/kevin_moncayo/stm32f103c8t6/libopencm3/lib/libopencm3_stm32f1.a(gpio_common_all.o)
 .ARM.attributes
                0x0000000000000291       0x2d /home/kevin_moncayo/stm32f103c8t6/libopencm3/lib/libopencm3_stm32f1.a(rcc.o)
 .ARM.attributes
                0x00000000000002be       0x2d /home/kevin_moncayo/stm32f103c8t6/libopencm3/lib/libopencm3_stm32f1.a(rcc_common_all.o)
 .ARM.attributes
                0x00000000000002eb       0x2d /home/kevin_moncayo/stm32f103c8t6/libopencm3/lib/libopencm3_stm32f1.a(rtc.o)
 .ARM.attributes
                0x0000000000000318       0x2d /home/kevin_moncayo/stm32f103c8t6/libopencm3/lib/libopencm3_stm32f1.a(usart_common_all.o)
 .ARM.attributes
                0x0000000000000345       0x2d /home/kevin_moncayo/stm32f103c8t6/libopencm3/lib/libopencm3_stm32f1.a(usart_common_f124.o)
 .ARM.attributes
                0x0000000000000372       0x2d /home/kevin_moncayo/stm32f103c8t6/libopencm3/lib/libopencm3_stm32f1.a(usb.o)
 .ARM.attributes
                0x000000000000039f       0x2d /home/kevin_moncayo/stm32f103c8t6/libopencm3/lib/libopencm3_stm32f1.a(usb_control.o)
 .ARM.attributes
                0x00000000000003cc       0x2d /home/kevin_moncayo/stm32f103c8t6/libopencm3/lib/libopencm3_stm32f1.a(usb_standard.o)
 .ARM.attributes
                0x00000000000003f9       0x2d /home/kevin_moncayo/stm32f103c8t6/libopencm3/lib/libopencm3_stm32f1.a(st_usbfs_v1.o)
 .ARM.attributes
                0x0000000000000426       0x2d /home/kevin_moncayo/stm32f103c8t6/libopencm3/lib/libopencm3_stm32f1.a(vector.o)
 .ARM.attributes
                0x0000000000000453       0x2d /home/kevin_moncayo/stm32f103c8t6/libopencm3/lib/libopencm3_stm32f1.a(nvic.o)
 .ARM.attributes
                0x0000000000000480       0x2d /home/kevin_moncayo/stm32f103c8t6/libopencm3/lib/libopencm3_stm32f1.a(flash_common_all.o)
 .ARM.attributes
                0x00000000000004ad       0x2d /home/kevin_moncayo/stm32f103c8t6/libopencm3/lib/libopencm3_stm32f1.a(pwr_common_v1.o)
 .ARM.attributes
                0x00000000000004da       0x2d /home/kevin_moncayo/stm32f103c8t6/libopencm3/lib/libopencm3_stm32f1.a(st_usbfs_core.o)
 .ARM.attributes
                0x0000000000000507       0x2d /opt/gcc-arm/bin/../lib/gcc/arm-none-eabi/9.2.1/../../../../arm-none-eabi/lib/thumb/v7-m/nofp/libc.a(lib_a-memmove.o)
 .ARM.attributes
                0x0000000000000534       0x2d /opt/gcc-arm/bin/../lib/gcc/arm-none-eabi/9.2.1/../../../../arm-none-eabi/lib/thumb/v7-m/nofp/libc.a(lib_a-strlen-stub.o)

.debug_frame    0x0000000000000000     0x20c8
 .debug_frame   0x0000000000000000       0xb4 main.o
 .debug_frame   0x00000000000000b4       0x98 rtos/heap_4.o
 .debug_frame   0x000000000000014c       0x6c rtos/list.o
 .debug_frame   0x00000000000001b8       0xd0 rtos/port.o
 .debug_frame   0x0000000000000288      0x208 rtos/queue.o
 .debug_frame   0x0000000000000490      0x454 rtos/tasks.o
 .debug_frame   0x00000000000008e4       0x40 rtos/opencm3.o
 .debug_frame   0x0000000000000924      0x1b4 /home/kevin_moncayo/stm32f103c8t6//rtos/libwwg/libwwg.a(usbcdc.o)
 .debug_frame   0x0000000000000ad8      0x110 /home/kevin_moncayo/stm32f103c8t6//rtos/libwwg/libwwg.a(miniprintf.o)
 .debug_frame   0x0000000000000be8       0x6c /home/kevin_moncayo/stm32f103c8t6//rtos/libwwg/libwwg.a(mcuio.o)
 .debug_frame   0x0000000000000c54       0x3c /home/kevin_moncayo/stm32f103c8t6//rtos/libwwg/libwwg.a(getline.o)
 .debug_frame   0x0000000000000c90      0x3a0 /home/kevin_moncayo/stm32f103c8t6//rtos/libwwg/libwwg.a(uartlib.o)
 .debug_frame   0x0000000000001030       0x60 /home/kevin_moncayo/stm32f103c8t6/libopencm3/lib/libopencm3_stm32f1.a(gpio.o)
 .debug_frame   0x0000000000001090       0x80 /home/kevin_moncayo/stm32f103c8t6/libopencm3/lib/libopencm3_stm32f1.a(gpio_common_all.o)
 .debug_frame   0x0000000000001110      0x2e0 /home/kevin_moncayo/stm32f103c8t6/libopencm3/lib/libopencm3_stm32f1.a(rcc.o)
 .debug_frame   0x00000000000013f0       0xd0 /home/kevin_moncayo/stm32f103c8t6/libopencm3/lib/libopencm3_stm32f1.a(rcc_common_all.o)
 .debug_frame   0x00000000000014c0      0x1ac /home/kevin_moncayo/stm32f103c8t6/libopencm3/lib/libopencm3_stm32f1.a(rtc.o)
 .debug_frame   0x000000000000166c      0x170 /home/kevin_moncayo/stm32f103c8t6/libopencm3/lib/libopencm3_stm32f1.a(usart_common_all.o)
 .debug_frame   0x00000000000017dc       0x60 /home/kevin_moncayo/stm32f103c8t6/libopencm3/lib/libopencm3_stm32f1.a(usart_common_f124.o)
 .debug_frame   0x000000000000183c      0x13c /home/kevin_moncayo/stm32f103c8t6/libopencm3/lib/libopencm3_stm32f1.a(usb.o)
 .debug_frame   0x0000000000001978      0x164 /home/kevin_moncayo/stm32f103c8t6/libopencm3/lib/libopencm3_stm32f1.a(usb_control.o)
 .debug_frame   0x0000000000001adc      0x1e4 /home/kevin_moncayo/stm32f103c8t6/libopencm3/lib/libopencm3_stm32f1.a(usb_standard.o)
 .debug_frame   0x0000000000001cc0       0x54 /home/kevin_moncayo/stm32f103c8t6/libopencm3/lib/libopencm3_stm32f1.a(st_usbfs_v1.o)
 .debug_frame   0x0000000000001d14       0x4c /home/kevin_moncayo/stm32f103c8t6/libopencm3/lib/libopencm3_stm32f1.a(vector.o)
 .debug_frame   0x0000000000001d60       0xa0 /home/kevin_moncayo/stm32f103c8t6/libopencm3/lib/libopencm3_stm32f1.a(nvic.o)
 .debug_frame   0x0000000000001e00       0x50 /home/kevin_moncayo/stm32f103c8t6/libopencm3/lib/libopencm3_stm32f1.a(flash_common_all.o)
 .debug_frame   0x0000000000001e50      0x100 /home/kevin_moncayo/stm32f103c8t6/libopencm3/lib/libopencm3_stm32f1.a(pwr_common_v1.o)
 .debug_frame   0x0000000000001f50      0x118 /home/kevin_moncayo/stm32f103c8t6/libopencm3/lib/libopencm3_stm32f1.a(st_usbfs_core.o)
 .debug_frame   0x0000000000002068       0x40 /opt/gcc-arm/bin/../lib/gcc/arm-none-eabi/9.2.1/../../../../arm-none-eabi/lib/thumb/v7-m/nofp/libc.a(lib_a-memmove.o)
 .debug_frame   0x00000000000020a8       0x20 /opt/gcc-arm/bin/../lib/gcc/arm-none-eabi/9.2.1/../../../../arm-none-eabi/lib/thumb/v7-m/nofp/libc.a(lib_a-strlen-stub.o)

.debug_macro    0x0000000000000000     0x57e7
 .debug_macro   0x0000000000000000       0xb8 /home/kevin_moncayo/stm32f103c8t6/libopencm3/lib/libopencm3_stm32f1.a(gpio.o)
 .debug_macro   0x00000000000000b8      0xa90 /home/kevin_moncayo/stm32f103c8t6/libopencm3/lib/libopencm3_stm32f1.a(gpio.o)
 .debug_macro   0x0000000000000b48       0x1c /home/kevin_moncayo/stm32f103c8t6/libopencm3/lib/libopencm3_stm32f1.a(gpio.o)
 .debug_macro   0x0000000000000b64       0x22 /home/kevin_moncayo/stm32f103c8t6/libopencm3/lib/libopencm3_stm32f1.a(gpio.o)
 .debug_macro   0x0000000000000b86       0x56 /home/kevin_moncayo/stm32f103c8t6/libopencm3/lib/libopencm3_stm32f1.a(gpio.o)
 .debug_macro   0x0000000000000bdc       0x51 /home/kevin_moncayo/stm32f103c8t6/libopencm3/lib/libopencm3_stm32f1.a(gpio.o)
 .debug_macro   0x0000000000000c2d       0xef /home/kevin_moncayo/stm32f103c8t6/libopencm3/lib/libopencm3_stm32f1.a(gpio.o)
 .debug_macro   0x0000000000000d1c       0x6a /home/kevin_moncayo/stm32f103c8t6/libopencm3/lib/libopencm3_stm32f1.a(gpio.o)
 .debug_macro   0x0000000000000d86      0x1df /home/kevin_moncayo/stm32f103c8t6/libopencm3/lib/libopencm3_stm32f1.a(gpio.o)
 .debug_macro   0x0000000000000f65       0x22 /home/kevin_moncayo/stm32f103c8t6/libopencm3/lib/libopencm3_stm32f1.a(gpio.o)
 .debug_macro   0x0000000000000f87       0xe8 /home/kevin_moncayo/stm32f103c8t6/libopencm3/lib/libopencm3_stm32f1.a(gpio.o)
 .debug_macro   0x000000000000106f       0x76 /home/kevin_moncayo/stm32f103c8t6/libopencm3/lib/libopencm3_stm32f1.a(gpio.o)
 .debug_macro   0x00000000000010e5      0x1b4 /home/kevin_moncayo/stm32f103c8t6/libopencm3/lib/libopencm3_stm32f1.a(gpio.o)
 .debug_macro   0x0000000000001299       0x76 /home/kevin_moncayo/stm32f103c8t6/libopencm3/lib/libopencm3_stm32f1.a(gpio.o)
 .debug_macro   0x000000000000130f      0xe04 /home/kevin_moncayo/stm32f103c8t6/libopencm3/lib/libopencm3_stm32f1.a(gpio.o)
 .debug_macro   0x0000000000002113       0xb8 /home/kevin_moncayo/stm32f103c8t6/libopencm3/lib/libopencm3_stm32f1.a(gpio_common_all.o)
 .debug_macro   0x00000000000021cb       0xe7 /home/kevin_moncayo/stm32f103c8t6/libopencm3/lib/libopencm3_stm32f1.a(rcc.o)
 .debug_macro   0x00000000000022b2       0x16 /home/kevin_moncayo/stm32f103c8t6/libopencm3/lib/libopencm3_stm32f1.a(rcc.o)
 .debug_macro   0x00000000000022c8      0x82c /home/kevin_moncayo/stm32f103c8t6/libopencm3/lib/libopencm3_stm32f1.a(rcc.o)
 .debug_macro   0x0000000000002af4       0xee /home/kevin_moncayo/stm32f103c8t6/libopencm3/lib/libopencm3_stm32f1.a(rcc.o)
 .debug_macro   0x0000000000002be2       0x82 /home/kevin_moncayo/stm32f103c8t6/libopencm3/lib/libopencm3_stm32f1.a(rcc.o)
 .debug_macro   0x0000000000002c64       0xce /home/kevin_moncayo/stm32f103c8t6/libopencm3/lib/libopencm3_stm32f1.a(rcc_common_all.o)
 .debug_macro   0x0000000000002d32       0xe6 /home/kevin_moncayo/stm32f103c8t6/libopencm3/lib/libopencm3_stm32f1.a(rtc.o)
 .debug_macro   0x0000000000002e18       0x8e /home/kevin_moncayo/stm32f103c8t6/libopencm3/lib/libopencm3_stm32f1.a(rtc.o)
 .debug_macro   0x0000000000002ea6       0x76 /home/kevin_moncayo/stm32f103c8t6/libopencm3/lib/libopencm3_stm32f1.a(rtc.o)
 .debug_macro   0x0000000000002f1c       0xda /home/kevin_moncayo/stm32f103c8t6/libopencm3/lib/libopencm3_stm32f1.a(usart_common_all.o)
 .debug_macro   0x0000000000002ff6       0x94 /home/kevin_moncayo/stm32f103c8t6/libopencm3/lib/libopencm3_stm32f1.a(usart_common_all.o)
 .debug_macro   0x000000000000308a      0x29e /home/kevin_moncayo/stm32f103c8t6/libopencm3/lib/libopencm3_stm32f1.a(usart_common_all.o)
 .debug_macro   0x0000000000003328       0xda /home/kevin_moncayo/stm32f103c8t6/libopencm3/lib/libopencm3_stm32f1.a(usart_common_f124.o)
 .debug_macro   0x0000000000003402      0x148 /home/kevin_moncayo/stm32f103c8t6/libopencm3/lib/libopencm3_stm32f1.a(usb.o)
 .debug_macro   0x000000000000354a       0x58 /home/kevin_moncayo/stm32f103c8t6/libopencm3/lib/libopencm3_stm32f1.a(usb.o)
 .debug_macro   0x00000000000035a2       0x18 /home/kevin_moncayo/stm32f103c8t6/libopencm3/lib/libopencm3_stm32f1.a(usb.o)
 .debug_macro   0x00000000000035ba       0x5c /home/kevin_moncayo/stm32f103c8t6/libopencm3/lib/libopencm3_stm32f1.a(usb.o)
 .debug_macro   0x0000000000003616       0x35 /home/kevin_moncayo/stm32f103c8t6/libopencm3/lib/libopencm3_stm32f1.a(usb.o)
 .debug_macro   0x000000000000364b       0x34 /home/kevin_moncayo/stm32f103c8t6/libopencm3/lib/libopencm3_stm32f1.a(usb.o)
 .debug_macro   0x000000000000367f      0x16d /home/kevin_moncayo/stm32f103c8t6/libopencm3/lib/libopencm3_stm32f1.a(usb.o)
 .debug_macro   0x00000000000037ec       0x57 /home/kevin_moncayo/stm32f103c8t6/libopencm3/lib/libopencm3_stm32f1.a(usb.o)
 .debug_macro   0x0000000000003843       0x58 /home/kevin_moncayo/stm32f103c8t6/libopencm3/lib/libopencm3_stm32f1.a(usb.o)
 .debug_macro   0x000000000000389b       0x1f /home/kevin_moncayo/stm32f103c8t6/libopencm3/lib/libopencm3_stm32f1.a(usb.o)
 .debug_macro   0x00000000000038ba       0x43 /home/kevin_moncayo/stm32f103c8t6/libopencm3/lib/libopencm3_stm32f1.a(usb.o)
 .debug_macro   0x00000000000038fd       0x20 /home/kevin_moncayo/stm32f103c8t6/libopencm3/lib/libopencm3_stm32f1.a(usb.o)
 .debug_macro   0x000000000000391d      0x18e /home/kevin_moncayo/stm32f103c8t6/libopencm3/lib/libopencm3_stm32f1.a(usb.o)
 .debug_macro   0x0000000000003aab      0x35c /home/kevin_moncayo/stm32f103c8t6/libopencm3/lib/libopencm3_stm32f1.a(usb.o)
 .debug_macro   0x0000000000003e07       0x10 /home/kevin_moncayo/stm32f103c8t6/libopencm3/lib/libopencm3_stm32f1.a(usb.o)
 .debug_macro   0x0000000000003e17       0x35 /home/kevin_moncayo/stm32f103c8t6/libopencm3/lib/libopencm3_stm32f1.a(usb.o)
 .debug_macro   0x0000000000003e4c      0x19c /home/kevin_moncayo/stm32f103c8t6/libopencm3/lib/libopencm3_stm32f1.a(usb.o)
 .debug_macro   0x0000000000003fe8       0x10 /home/kevin_moncayo/stm32f103c8t6/libopencm3/lib/libopencm3_stm32f1.a(usb.o)
 .debug_macro   0x0000000000003ff8       0x1c /home/kevin_moncayo/stm32f103c8t6/libopencm3/lib/libopencm3_stm32f1.a(usb.o)
 .debug_macro   0x0000000000004014      0x156 /home/kevin_moncayo/stm32f103c8t6/libopencm3/lib/libopencm3_stm32f1.a(usb_control.o)
 .debug_macro   0x000000000000416a       0x16 /home/kevin_moncayo/stm32f103c8t6/libopencm3/lib/libopencm3_stm32f1.a(usb_control.o)
 .debug_macro   0x0000000000004180      0x10e /home/kevin_moncayo/stm32f103c8t6/libopencm3/lib/libopencm3_stm32f1.a(usb_control.o)
 .debug_macro   0x000000000000428e       0x86 /home/kevin_moncayo/stm32f103c8t6/libopencm3/lib/libopencm3_stm32f1.a(usb_control.o)
 .debug_macro   0x0000000000004314       0x22 /home/kevin_moncayo/stm32f103c8t6/libopencm3/lib/libopencm3_stm32f1.a(usb_control.o)
 .debug_macro   0x0000000000004336      0x148 /home/kevin_moncayo/stm32f103c8t6/libopencm3/lib/libopencm3_stm32f1.a(usb_standard.o)
 .debug_macro   0x000000000000447e      0x10d /home/kevin_moncayo/stm32f103c8t6/libopencm3/lib/libopencm3_stm32f1.a(st_usbfs_v1.o)
 .debug_macro   0x000000000000458b       0x3a /home/kevin_moncayo/stm32f103c8t6/libopencm3/lib/libopencm3_stm32f1.a(st_usbfs_v1.o)
 .debug_macro   0x00000000000045c5      0x29e /home/kevin_moncayo/stm32f103c8t6/libopencm3/lib/libopencm3_stm32f1.a(st_usbfs_v1.o)
 .debug_macro   0x0000000000004863       0x28 /home/kevin_moncayo/stm32f103c8t6/libopencm3/lib/libopencm3_stm32f1.a(st_usbfs_v1.o)
 .debug_macro   0x000000000000488b      0x1a2 /home/kevin_moncayo/stm32f103c8t6/libopencm3/lib/libopencm3_stm32f1.a(st_usbfs_v1.o)
 .debug_macro   0x0000000000004a2d       0x10 /home/kevin_moncayo/stm32f103c8t6/libopencm3/lib/libopencm3_stm32f1.a(st_usbfs_v1.o)
 .debug_macro   0x0000000000004a3d       0xcf /home/kevin_moncayo/stm32f103c8t6/libopencm3/lib/libopencm3_stm32f1.a(vector.o)
 .debug_macro   0x0000000000004b0c      0x395 /home/kevin_moncayo/stm32f103c8t6/libopencm3/lib/libopencm3_stm32f1.a(vector.o)
 .debug_macro   0x0000000000004ea1       0x6e /home/kevin_moncayo/stm32f103c8t6/libopencm3/lib/libopencm3_stm32f1.a(vector.o)
 .debug_macro   0x0000000000004f0f      0x1a2 /home/kevin_moncayo/stm32f103c8t6/libopencm3/lib/libopencm3_stm32f1.a(vector.o)
 .debug_macro   0x00000000000050b1       0xb3 /home/kevin_moncayo/stm32f103c8t6/libopencm3/lib/libopencm3_stm32f1.a(nvic.o)
 .debug_macro   0x0000000000005164       0x68 /home/kevin_moncayo/stm32f103c8t6/libopencm3/lib/libopencm3_stm32f1.a(nvic.o)
 .debug_macro   0x00000000000051cc      0x39b /home/kevin_moncayo/stm32f103c8t6/libopencm3/lib/libopencm3_stm32f1.a(nvic.o)
 .debug_macro   0x0000000000005567       0xc0 /home/kevin_moncayo/stm32f103c8t6/libopencm3/lib/libopencm3_stm32f1.a(flash_common_all.o)
 .debug_macro   0x0000000000005627       0xb3 /home/kevin_moncayo/stm32f103c8t6/libopencm3/lib/libopencm3_stm32f1.a(pwr_common_v1.o)
 .debug_macro   0x00000000000056da      0x10d /home/kevin_moncayo/stm32f103c8t6/libopencm3/lib/libopencm3_stm32f1.a(st_usbfs_core.o)