Archive member included to satisfy reference by file (symbol)

/opt/gcc-arm/bin/../lib/gcc/arm-none-eabi/9.2.1/../../../../arm-none-eabi/lib/thumb/v7-m/nofp/libc.a(lib_a-ctype_.o)
                              main.o (_ctype_)
/opt/gcc-arm/bin/../lib/gcc/arm-none-eabi/9.2.1/../../../../arm-none-eabi/lib/thumb/v7-m/nofp/libc.a(lib_a-memcpy.o)
                              rtos/queue.o (memcpy)
/opt/gcc-arm/bin/../lib/gcc/arm-none-eabi/9.2.1/../../../../arm-none-eabi/lib/thumb/v7-m/nofp/libc.a(lib_a-strchr.o)
                              main.o (strchr)
/home/kevin_moncayo/stm32f103c8t6//rtos/libwwg/libwwg.a(usbcdc.o)
                              main.o (usb_start)
/home/kevin_moncayo/stm32f103c8t6//rtos/libwwg/libwwg.a(miniprintf.o)
                              /home/kevin_moncayo/stm32f103c8t6//rtos/libwwg/libwwg.a(usbcdc.o) (mini_vprintf_cooked)
/home/kevin_moncayo/stm32f103c8t6//rtos/libwwg/libwwg.a(mcuio.o)
                              main.o (std_printf)
/home/kevin_moncayo/stm32f103c8t6//rtos/libwwg/libwwg.a(getline.o)
                              /home/kevin_moncayo/stm32f103c8t6//rtos/libwwg/libwwg.a(usbcdc.o) (getline)
/home/kevin_moncayo/stm32f103c8t6//rtos/libwwg/libwwg.a(intelhex.o)
                              main.o (ihex_init)
/home/kevin_moncayo/stm32f103c8t6//rtos/libwwg/libwwg.a(uartlib.o)
                              /home/kevin_moncayo/stm32f103c8t6//rtos/libwwg/libwwg.a(mcuio.o) (uart1_putc)
/home/kevin_moncayo/stm32f103c8t6/libopencm3/lib/libopencm3_stm32f1.a(gpio.o)
                              main.o (gpio_set_mode)
/home/kevin_moncayo/stm32f103c8t6/libopencm3/lib/libopencm3_stm32f1.a(gpio_common_all.o)
                              main.o (gpio_set)
/home/kevin_moncayo/stm32f103c8t6/libopencm3/lib/libopencm3_stm32f1.a(rcc.o)
                              main.o (rcc_clock_setup_in_hse_8mhz_out_72mhz)
/home/kevin_moncayo/stm32f103c8t6/libopencm3/lib/libopencm3_stm32f1.a(rcc_common_all.o)
                              main.o (rcc_periph_clock_enable)
/home/kevin_moncayo/stm32f103c8t6/libopencm3/lib/libopencm3_stm32f1.a(spi_common_all.o)
                              main.o (spi_reset)
/home/kevin_moncayo/stm32f103c8t6/libopencm3/lib/libopencm3_stm32f1.a(spi_common_v1.o)
                              main.o (spi_init_master)
/home/kevin_moncayo/stm32f103c8t6/libopencm3/lib/libopencm3_stm32f1.a(usart_common_all.o)
                              /home/kevin_moncayo/stm32f103c8t6//rtos/libwwg/libwwg.a(uartlib.o) (usart_set_baudrate)
/home/kevin_moncayo/stm32f103c8t6/libopencm3/lib/libopencm3_stm32f1.a(usart_common_f124.o)
                              /home/kevin_moncayo/stm32f103c8t6/libopencm3/lib/libopencm3_stm32f1.a(usart_common_all.o) (usart_send)
/home/kevin_moncayo/stm32f103c8t6/libopencm3/lib/libopencm3_stm32f1.a(usb.o)
                              /home/kevin_moncayo/stm32f103c8t6//rtos/libwwg/libwwg.a(usbcdc.o) (usbd_init)
/home/kevin_moncayo/stm32f103c8t6/libopencm3/lib/libopencm3_stm32f1.a(usb_control.o)
                              /home/kevin_moncayo/stm32f103c8t6//rtos/libwwg/libwwg.a(usbcdc.o) (usbd_register_control_callback)
/home/kevin_moncayo/stm32f103c8t6/libopencm3/lib/libopencm3_stm32f1.a(usb_standard.o)
                              /home/kevin_moncayo/stm32f103c8t6//rtos/libwwg/libwwg.a(usbcdc.o) (usbd_register_set_config_callback)
/home/kevin_moncayo/stm32f103c8t6/libopencm3/lib/libopencm3_stm32f1.a(st_usbfs_v1.o)
                              /home/kevin_moncayo/stm32f103c8t6//rtos/libwwg/libwwg.a(usbcdc.o) (st_usbfs_v1_usb_driver)
/home/kevin_moncayo/stm32f103c8t6/libopencm3/lib/libopencm3_stm32f1.a(vector.o)
                              (reset_handler)
/home/kevin_moncayo/stm32f103c8t6/libopencm3/lib/libopencm3_stm32f1.a(nvic.o)
                              /home/kevin_moncayo/stm32f103c8t6//rtos/libwwg/libwwg.a(uartlib.o) (nvic_enable_irq)
/home/kevin_moncayo/stm32f103c8t6/libopencm3/lib/libopencm3_stm32f1.a(assert.o)
                              /home/kevin_moncayo/stm32f103c8t6/libopencm3/lib/libopencm3_stm32f1.a(rcc.o) (cm3_assert_failed)
/home/kevin_moncayo/stm32f103c8t6/libopencm3/lib/libopencm3_stm32f1.a(flash_common_all.o)
                              /home/kevin_moncayo/stm32f103c8t6/libopencm3/lib/libopencm3_stm32f1.a(rcc.o) (flash_set_ws)
/home/kevin_moncayo/stm32f103c8t6/libopencm3/lib/libopencm3_stm32f1.a(st_usbfs_core.o)
                              /home/kevin_moncayo/stm32f103c8t6/libopencm3/lib/libopencm3_stm32f1.a(st_usbfs_v1.o) (st_usbfs_set_address)
/opt/gcc-arm/bin/../lib/gcc/arm-none-eabi/9.2.1/../../../../arm-none-eabi/lib/thumb/v7-m/nofp/libc.a(lib_a-malloc.o)
                              /home/kevin_moncayo/stm32f103c8t6//rtos/libwwg/libwwg.a(uartlib.o) (malloc)
/opt/gcc-arm/bin/../lib/gcc/arm-none-eabi/9.2.1/../../../../arm-none-eabi/lib/thumb/v7-m/nofp/libc.a(lib_a-mallocr.o)
[...]
Memory Configuration

Name             Origin             Length             Attributes
rom              0x0000000008000000 0x0000000000010000 xr
ram              0x0000000020000000 0x0000000000005000 xrw
*default*        0x0000000000000000 0xffffffffffffffff

Linker script and memory map

LOAD main.o
LOAD rtos/heap_4.o
LOAD rtos/list.o
LOAD rtos/port.o
LOAD rtos/queue.o
LOAD rtos/tasks.o
LOAD rtos/opencm3.o
START GROUP
LOAD /opt/gcc-arm/bin/../lib/gcc/arm-none-eabi/9.2.1/../../../../arm-none-eabi/lib/thumb/v7-m/nofp/libc.a
LOAD /opt/gcc-arm/bin/../lib/gcc/arm-none-eabi/9.2.1/thumb/v7-m/nofp/libgcc.a
LOAD /opt/gcc-arm/bin/../lib/gcc/arm-none-eabi/9.2.1/../../../../arm-none-eabi/lib/thumb/v7-m/nofp/libnosys.a
END GROUP
LOAD /home/kevin_moncayo/stm32f103c8t6//rtos/libwwg/libwwg.a
LOAD /home/kevin_moncayo/stm32f103c8t6/libopencm3/lib/libopencm3_stm32f1.a
START GROUP
LOAD /opt/gcc-arm/bin/../lib/gcc/arm-none-eabi/9.2.1/thumb/v7-m/nofp/libgcc.a
LOAD /opt/gcc-arm/bin/../lib/gcc/arm-none-eabi/9.2.1/../../../../arm-none-eabi/lib/thumb/v7-m/nofp/libc.a
END GROUP
START GROUP
LOAD /opt/gcc-arm/bin/../lib/gcc/arm-none-eabi/9.2.1/thumb/v7-m/nofp/libgcc.a
LOAD /opt/gcc-arm/bin/../lib/gcc/arm-none-eabi/9.2.1/../../../../arm-none-eabi/lib/thumb/v7-m/nofp/libc.a
LOAD /opt/gcc-arm/bin/../lib/gcc/arm-none-eabi/9.2.1/../../../../arm-none-eabi/lib/thumb/v7-m/nofp/libnosys.a
END GROUP

.text           0x0000000008000000     0x4358
 *(.vectors)
 .vectors       0x0000000008000000      0x150 /home/kevin_moncayo/stm32f103c8t6/libopencm3/lib/libopencm3_stm32f1.a(vector.o)
                0x0000000008000000                vector_table
 *(.text*)
 .text.std_putc
                0x0000000008000150        0xc main.o
 .text.std_puts
                0x000000000800015c        0xc main.o
 .text.std_getc
                0x0000000008000168        0xc main.o
 .text.w25_read_sr1.constprop.0
                0x0000000008000174       0x2c main.o
 .text.w25_wait.constprop.0
                0x00000000080001a0       0x24 main.o
 .text.w25_write_en.constprop.0
                0x00000000080001c4       0x30 main.o
 .text.w25_read_data.constprop.0
                0x00000000080001f4       0x68 main.o
 .text.w25_is_wprotect.constprop.0
                0x000000000800025c       0x14 main.o
 .text.w25_write_data.constprop.0
                0x0000000008000270       0x94 main.o
 .text.w25_erase_block.constprop.0
                0x0000000008000304       0x98 main.o
 .text.load_ihex.constprop.0
                0x000000000800039c      0x10c main.o
 .text.flash_status
                0x00000000080004a8       0x58 main.o
 .text.monitor_task
                0x0000000008000500      0x5cc main.o
 .text.startup.main
                0x0000000008000acc       0xc4 main.o
                0x0000000008000acc                main
 .text.prvInsertBlockIntoFreeList
                0x0000000008000b90       0x48 rtos/heap_4.o
 .text.pvPortMalloc
                0x0000000008000bd8       0xe8 rtos/heap_4.o
                0x0000000008000bd8                pvPortMalloc
 .text.vPortFree
                0x0000000008000cc0       0x4c rtos/heap_4.o
                0x0000000008000cc0                vPortFree
 .text.vListInitialise
                0x0000000008000d0c       0x16 rtos/list.o
                0x0000000008000d0c                vListInitialise
 .text.vListInitialiseItem
                0x0000000008000d22        0x6 rtos/list.o
                0x0000000008000d22                vListInitialiseItem
 .text.vListInsertEnd
                0x0000000008000d28       0x18 rtos/list.o
                0x0000000008000d28                vListInsertEnd
 .text.vListInsert
                0x0000000008000d40       0x2e rtos/list.o
                0x0000000008000d40                vListInsert
 .text.uxListRemove
                0x0000000008000d6e       0x1e rtos/list.o
                0x0000000008000d6e                uxListRemove
 .text.prvTaskExitError
                0x0000000008000d8c       0x12 rtos/port.o
 *fill*         0x0000000008000d9e        0x2 
 .text.prvPortStartFirstTask
                0x0000000008000da0       0x20 rtos/port.o
 .text.pxPortInitialiseStack
                0x0000000008000dc0       0x24 rtos/port.o
                0x0000000008000dc0                pxPortInitialiseStack
 *fill*         0x0000000008000de4        0xc 
 .text.vPortSVCHandler
                0x0000000008000df0       0x24 rtos/port.o
                0x0000000008000df0                vPortSVCHandler
 .text.vPortEnterCritical
                0x0000000008000e14       0x20 rtos/port.o
                0x0000000008000e14                vPortEnterCritical
 .text.vPortExitCritical
                0x0000000008000e34       0x14 rtos/port.o
                0x0000000008000e34                vPortExitCritical
 *fill*         0x0000000008000e48        0x8 
 .text.xPortPendSVHandler
                0x0000000008000e50       0x44 rtos/port.o
                0x0000000008000e50                xPortPendSVHandler
 .text.xPortSysTickHandler
                0x0000000008000e94       0x2c rtos/port.o
                0x0000000008000e94                xPortSysTickHandler
 .text.vPortSetupTimerInterrupt
                0x0000000008000ec0       0x14 rtos/port.o
                0x0000000008000ec0                vPortSetupTimerInterrupt
 .text.xPortStartScheduler
                0x0000000008000ed4       0x30 rtos/port.o
                0x0000000008000ed4                xPortStartScheduler
 .text.prvCopyDataToQueue
                0x0000000008000f04       0x6a rtos/queue.o
 .text.prvCopyDataFromQueue
                0x0000000008000f6e       0x28 rtos/queue.o
 .text.prvUnlockQueue
                0x0000000008000f96       0x70 rtos/queue.o
 *fill*         0x0000000008001006        0x2 
 .text.xQueueGenericReset
                0x0000000008001008       0x6c rtos/queue.o
                0x0000000008001008                xQueueGenericReset
 .text.xQueueGenericCreate
                0x0000000008001074       0x2e rtos/queue.o
                0x0000000008001074                xQueueGenericCreate
 *fill*         0x00000000080010a2        0x2 
 .text.xQueueGenericSend
                0x00000000080010a4      0x104 rtos/queue.o
                0x00000000080010a4                xQueueGenericSend
 .text.xQueueGenericReceive
                0x00000000080011a8      0x138 rtos/queue.o
                0x00000000080011a8                xQueueGenericReceive
 .text.uxQueueSpacesAvailable
                0x00000000080012e0       0x16 rtos/queue.o
                0x00000000080012e0                uxQueueSpacesAvailable
 *fill*         0x00000000080012f6        0x2 
 .text.prvResetNextTaskUnblockTime
                0x00000000080012f8       0x24 rtos/tasks.o
 .text.prvAddCurrentTaskToDelayedList
                0x000000000800131c       0x8c rtos/tasks.o
 .text.xTaskCreate
                0x00000000080013a8      0x1b4 rtos/tasks.o
                0x00000000080013a8                xTaskCreate
 .text.vTaskStartScheduler
                0x000000000800155c       0x60 rtos/tasks.o
                0x000000000800155c                vTaskStartScheduler
 .text.vTaskSuspendAll
                0x00000000080015bc       0x10 rtos/tasks.o
                0x00000000080015bc                vTaskSuspendAll
 .text.xTaskIncrementTick
                0x00000000080015cc      0x10c rtos/tasks.o
                0x00000000080015cc                xTaskIncrementTick
 .text.xTaskResumeAll
                0x00000000080016d8       0xd8 rtos/tasks.o
                0x00000000080016d8                xTaskResumeAll
 .text.vTaskDelay
                0x00000000080017b0       0x30 rtos/tasks.o
                0x00000000080017b0                vTaskDelay
 .text.prvIdleTask
                0x00000000080017e0       0x74 rtos/tasks.o
 .text.vTaskSwitchContext
                0x0000000008001854       0x60 rtos/tasks.o
                0x0000000008001854                vTaskSwitchContext
 .text.vTaskPlaceOnEventList
                0x00000000080018b4       0x20 rtos/tasks.o
                0x00000000080018b4                vTaskPlaceOnEventList
 .text.xTaskRemoveFromEventList
                0x00000000080018d4       0x70 rtos/tasks.o
                0x00000000080018d4                xTaskRemoveFromEventList
 .text.vTaskSetTimeOutState
                0x0000000008001944       0x18 rtos/tasks.o
                0x0000000008001944                vTaskSetTimeOutState
 .text.xTaskCheckForTimeOut
                0x000000000800195c       0x4c rtos/tasks.o
                0x000000000800195c                xTaskCheckForTimeOut
 .text.vTaskMissedYield
                0x00000000080019a8        0xc rtos/tasks.o
                0x00000000080019a8                vTaskMissedYield
 .text.vTaskPriorityInherit
                0x00000000080019b4       0x94 rtos/tasks.o
                0x00000000080019b4                vTaskPriorityInherit
 .text.xTaskPriorityDisinherit
                0x0000000008001a48       0x70 rtos/tasks.o
                0x0000000008001a48                xTaskPriorityDisinherit
 .text.pvTaskIncrementMutexHeldCount
                0x0000000008001ab8       0x18 rtos/tasks.o
                0x0000000008001ab8                pvTaskIncrementMutexHeldCount
 .text.sv_call_handler
                0x0000000008001ad0        0x4 rtos/opencm3.o
                0x0000000008001ad0                sv_call_handler
 .text.pend_sv_handler
                0x0000000008001ad4        0x4 rtos/opencm3.o
                0x0000000008001ad4                pend_sv_handler
 .text.sys_tick_handler
                0x0000000008001ad8        0x4 rtos/opencm3.o
                0x0000000008001ad8                sys_tick_handler
 .text          0x0000000008001adc       0xec /opt/gcc-arm/bin/../lib/gcc/arm-none-eabi/9.2.1/../../../../arm-none-eabi/lib/thumb/v7-m/nofp/libc.a(lib_a-memcpy.o)
                0x0000000008001adc                memcpy
 .text.strchr   0x0000000008001bc8       0xd0 /opt/gcc-arm/bin/../lib/gcc/arm-none-eabi/9.2.1/../../../../arm-none-eabi/lib/thumb/v7-m/nofp/libc.a(lib_a-strchr.o)
                0x0000000008001bc8                strchr
 .text.cdcacm_control_request
                0x0000000008001c98       0x1c /home/kevin_moncayo/stm32f103c8t6//rtos/libwwg/libwwg.a(usbcdc.o)
 .text.usb_putc
                0x0000000008001cb4       0x5c /home/kevin_moncayo/stm32f103c8t6//rtos/libwwg/libwwg.a(usbcdc.o)
                0x0000000008001cb4                usb_putc
 .text.usb_getc
                0x0000000008001d10       0x2c /home/kevin_moncayo/stm32f103c8t6//rtos/libwwg/libwwg.a(usbcdc.o)
                0x0000000008001d10                usb_getc
 .text.usb_task
                0x0000000008001d3c       0x68 /home/kevin_moncayo/stm32f103c8t6//rtos/libwwg/libwwg.a(usbcdc.o)
 .text.cdcacm_set_config
                0x0000000008001da4       0x54 /home/kevin_moncayo/stm32f103c8t6//rtos/libwwg/libwwg.a(usbcdc.o)
 .text.cdcacm_data_rx_cb
                0x0000000008001df8       0x48 /home/kevin_moncayo/stm32f103c8t6//rtos/libwwg/libwwg.a(usbcdc.o)
 .text.usb_puts
                0x0000000008001e40       0x12 /home/kevin_moncayo/stm32f103c8t6//rtos/libwwg/libwwg.a(usbcdc.o)
                0x0000000008001e40                usb_puts
 *fill*         0x0000000008001e52        0x2 
 .text.usb_vprintf
                0x0000000008001e54       0x10 /home/kevin_moncayo/stm32f103c8t6//rtos/libwwg/libwwg.a(usbcdc.o)
                0x0000000008001e54                usb_vprintf
 .text.usb_write
                0x0000000008001e64       0x24 /home/kevin_moncayo/stm32f103c8t6//rtos/libwwg/libwwg.a(usbcdc.o)
                0x0000000008001e64                usb_write
 .text.usb_peek
                0x0000000008001e88       0x28 /home/kevin_moncayo/stm32f103c8t6//rtos/libwwg/libwwg.a(usbcdc.o)
                0x0000000008001e88                usb_peek
 .text.usb_gets
                0x0000000008001eb0       0x4c /home/kevin_moncayo/stm32f103c8t6//rtos/libwwg/libwwg.a(usbcdc.o)
                0x0000000008001eb0                usb_gets
 .text.usb_getline
                0x0000000008001efc       0x10 /home/kevin_moncayo/stm32f103c8t6//rtos/libwwg/libwwg.a(usbcdc.o)
                0x0000000008001efc                usb_getline
 .text.usb_start
                0x0000000008001f0c       0x98 /home/kevin_moncayo/stm32f103c8t6//rtos/libwwg/libwwg.a(usbcdc.o)
                0x0000000008001f0c                usb_start
 .text.mini_write
                0x0000000008001fa4       0x16 /home/kevin_moncayo/stm32f103c8t6//rtos/libwwg/libwwg.a(miniprintf.o)
 .text.mini_putc
                0x0000000008001fba       0x2a /home/kevin_moncayo/stm32f103c8t6//rtos/libwwg/libwwg.a(miniprintf.o)
 .text.mini_pad
                0x0000000008001fe4       0x24 /home/kevin_moncayo/stm32f103c8t6//rtos/libwwg/libwwg.a(miniprintf.o)
 .text.internal_vprintf
                0x0000000008002008      0x1f0 /home/kevin_moncayo/stm32f103c8t6//rtos/libwwg/libwwg.a(miniprintf.o)
 .text.mini_vprintf_cooked
                0x00000000080021f8       0x30 /home/kevin_moncayo/stm32f103c8t6//rtos/libwwg/libwwg.a(miniprintf.o)
                0x00000000080021f8                mini_vprintf_cooked
 .text.std_printf
                0x0000000008002228       0x24 /home/kevin_moncayo/stm32f103c8t6//rtos/libwwg/libwwg.a(mcuio.o)
                0x0000000008002228                std_printf
 .text.getline  0x000000000800224c      0x182 /home/kevin_moncayo/stm32f103c8t6//rtos/libwwg/libwwg.a(getline.o)
                0x000000000800224c                getline
 .text.to_hex   0x00000000080023ce       0x44 /home/kevin_moncayo/stm32f103c8t6//rtos/libwwg/libwwg.a(intelhex.o)
 .text.ihex_init
                0x0000000008002412        0x8 /home/kevin_moncayo/stm32f103c8t6//rtos/libwwg/libwwg.a(intelhex.o)
                0x0000000008002412                ihex_init
 .text.ihex_parse
                0x000000000800241a       0xba /home/kevin_moncayo/stm32f103c8t6//rtos/libwwg/libwwg.a(intelhex.o)
                0x000000000800241a                ihex_parse
 .text.uart_common_isr
                0x00000000080024d4       0x44 /home/kevin_moncayo/stm32f103c8t6//rtos/libwwg/libwwg.a(uartlib.o)
 .text.usart1_isr
                0x0000000008002518        0x6 /home/kevin_moncayo/stm32f103c8t6//rtos/libwwg/libwwg.a(uartlib.o)
                0x0000000008002518                usart1_isr
 .text.usart2_isr
                0x000000000800251e        0x6 /home/kevin_moncayo/stm32f103c8t6//rtos/libwwg/libwwg.a(uartlib.o)
                0x000000000800251e                usart2_isr
 .text.usart3_isr
                0x0000000008002524        0x6 /home/kevin_moncayo/stm32f103c8t6//rtos/libwwg/libwwg.a(uartlib.o)
                0x0000000008002524                usart3_isr
 *fill*         0x000000000800252a        0x2 
 .text.putc_uart
                0x000000000800252c       0x34 /home/kevin_moncayo/stm32f103c8t6//rtos/libwwg/libwwg.a(uartlib.o)
                0x000000000800252c                putc_uart
 .text.uart1_putc
                0x0000000008002560       0x1c /home/kevin_moncayo/stm32f103c8t6//rtos/libwwg/libwwg.a(uartlib.o)
                0x0000000008002560                uart1_putc
 .text.uart2_putc
                0x000000000800257c       0x1c /home/kevin_moncayo/stm32f103c8t6//rtos/libwwg/libwwg.a(uartlib.o)
                0x000000000800257c                uart2_putc
 .text.uart3_putc
                0x0000000008002598       0x1c /home/kevin_moncayo/stm32f103c8t6//rtos/libwwg/libwwg.a(uartlib.o)
                0x0000000008002598                uart3_putc
 .text.getc_uart
                0x00000000080025b4       0x4c /home/kevin_moncayo/stm32f103c8t6//rtos/libwwg/libwwg.a(uartlib.o)
                0x00000000080025b4                getc_uart
 .text.uart1_getc
                0x0000000008002600        0xa /home/kevin_moncayo/stm32f103c8t6//rtos/libwwg/libwwg.a(uartlib.o)
                0x0000000008002600                uart1_getc
 .text.uart2_getc
                0x000000000800260a        0xa /home/kevin_moncayo/stm32f103c8t6//rtos/libwwg/libwwg.a(uartlib.o)
                0x000000000800260a                uart2_getc
 .text.uart3_getc
                0x0000000008002614        0xa /home/kevin_moncayo/stm32f103c8t6//rtos/libwwg/libwwg.a(uartlib.o)
                0x0000000008002614                uart3_getc
 .text.gpio_set_mode
                0x000000000800261e       0x5e /home/kevin_moncayo/stm32f103c8t6/libopencm3/lib/libopencm3_stm32f1.a(gpio.o)
                0x000000000800261e                gpio_set_mode
 .text.gpio_set
                0x000000000800267c        0x4 /home/kevin_moncayo/stm32f103c8t6/libopencm3/lib/libopencm3_stm32f1.a(gpio_common_all.o)
                0x000000000800267c                gpio_set
 .text.gpio_clear
                0x0000000008002680        0x6 /home/kevin_moncayo/stm32f103c8t6/libopencm3/lib/libopencm3_stm32f1.a(gpio_common_all.o)
                0x0000000008002680                gpio_clear
 *fill*         0x0000000008002686        0x2 
 .text.rcc_osc_on.part.0
                0x0000000008002688       0x10 /home/kevin_moncayo/stm32f103c8t6/libopencm3/lib/libopencm3_stm32f1.a(rcc.o)
 .text.rcc_is_osc_ready
                0x0000000008002698       0x5c /home/kevin_moncayo/stm32f103c8t6/libopencm3/lib/libopencm3_stm32f1.a(rcc.o)
                0x0000000008002698                rcc_is_osc_ready
 .text.rcc_wait_for_osc_ready
                0x00000000080026f4       0x10 /home/kevin_moncayo/stm32f103c8t6/libopencm3/lib/libopencm3_stm32f1.a(rcc.o)
                0x00000000080026f4                rcc_wait_for_osc_ready
 .text.rcc_osc_on
                0x0000000008002704       0x54 /home/kevin_moncayo/stm32f103c8t6/libopencm3/lib/libopencm3_stm32f1.a(rcc.o)
                0x0000000008002704                rcc_osc_on
 .text.rcc_set_sysclk_source
                0x0000000008002758       0x14 /home/kevin_moncayo/stm32f103c8t6/libopencm3/lib/libopencm3_stm32f1.a(rcc.o)
                0x0000000008002758                rcc_set_sysclk_source
 .text.rcc_set_pll_multiplication_factor
                0x000000000800276c       0x14 /home/kevin_moncayo/stm32f103c8t6/libopencm3/lib/libopencm3_stm32f1.a(rcc.o)
                0x000000000800276c                rcc_set_pll_multiplication_factor
 .text.rcc_set_pll_source
                0x0000000008002780       0x14 /home/kevin_moncayo/stm32f103c8t6/libopencm3/lib/libopencm3_stm32f1.a(rcc.o)
                0x0000000008002780                rcc_set_pll_source
 .text.rcc_set_pllxtpre
                0x0000000008002794       0x14 /home/kevin_moncayo/stm32f103c8t6/libopencm3/lib/libopencm3_stm32f1.a(rcc.o)
                0x0000000008002794                rcc_set_pllxtpre
 .text.rcc_set_adcpre
                0x00000000080027a8       0x14 /home/kevin_moncayo/stm32f103c8t6/libopencm3/lib/libopencm3_stm32f1.a(rcc.o)
                0x00000000080027a8                rcc_set_adcpre
 .text.rcc_set_ppre2
                0x00000000080027bc       0x14 /home/kevin_moncayo/stm32f103c8t6/libopencm3/lib/libopencm3_stm32f1.a(rcc.o)
                0x00000000080027bc                rcc_set_ppre2
 .text.rcc_set_ppre1
                0x00000000080027d0       0x14 /home/kevin_moncayo/stm32f103c8t6/libopencm3/lib/libopencm3_stm32f1.a(rcc.o)
                0x00000000080027d0                rcc_set_ppre1
 .text.rcc_set_hpre
                0x00000000080027e4       0x14 /home/kevin_moncayo/stm32f103c8t6/libopencm3/lib/libopencm3_stm32f1.a(rcc.o)
                0x00000000080027e4                rcc_set_hpre
 .text.rcc_clock_setup_in_hse_8mhz_out_72mhz
                0x00000000080027f8       0x8c /home/kevin_moncayo/stm32f103c8t6/libopencm3/lib/libopencm3_stm32f1.a(rcc.o)
                0x00000000080027f8                rcc_clock_setup_in_hse_8mhz_out_72mhz
 .text.rcc_periph_clock_enable
                0x0000000008002884       0x1c /home/kevin_moncayo/stm32f103c8t6/libopencm3/lib/libopencm3_stm32f1.a(rcc_common_all.o)
                0x0000000008002884                rcc_periph_clock_enable
 .text.rcc_periph_reset_pulse
                0x00000000080028a0       0x24 /home/kevin_moncayo/stm32f103c8t6/libopencm3/lib/libopencm3_stm32f1.a(rcc_common_all.o)
                0x00000000080028a0                rcc_periph_reset_pulse
 .text.spi_reset
                0x00000000080028c4       0x30 /home/kevin_moncayo/stm32f103c8t6/libopencm3/lib/libopencm3_stm32f1.a(spi_common_all.o)
                0x00000000080028c4                spi_reset
 .text.spi_enable
                0x00000000080028f4        0xa /home/kevin_moncayo/stm32f103c8t6/libopencm3/lib/libopencm3_stm32f1.a(spi_common_all.o)
                0x00000000080028f4                spi_enable
 .text.spi_disable
                0x00000000080028fe        0xa /home/kevin_moncayo/stm32f103c8t6/libopencm3/lib/libopencm3_stm32f1.a(spi_common_all.o)
                0x00000000080028fe                spi_disable
 .text.spi_xfer
                0x0000000008002908        0xe /home/kevin_moncayo/stm32f103c8t6/libopencm3/lib/libopencm3_stm32f1.a(spi_common_all.o)
                0x0000000008002908                spi_xfer
 .text.spi_disable_software_slave_management
                0x0000000008002916        0xa /home/kevin_moncayo/stm32f103c8t6/libopencm3/lib/libopencm3_stm32f1.a(spi_common_all.o)
                0x0000000008002916                spi_disable_software_slave_management
 .text.spi_enable_ss_output
                0x0000000008002920        0xa /home/kevin_moncayo/stm32f103c8t6/libopencm3/lib/libopencm3_stm32f1.a(spi_common_all.o)
                0x0000000008002920                spi_enable_ss_output
 .text.spi_init_master
                0x000000000800292a       0x28 /home/kevin_moncayo/stm32f103c8t6/libopencm3/lib/libopencm3_stm32f1.a(spi_common_v1.o)
                0x000000000800292a                spi_init_master
 .text.usart_send_blocking
                0x0000000008002952       0x16 /home/kevin_moncayo/stm32f103c8t6/libopencm3/lib/libopencm3_stm32f1.a(usart_common_all.o)
                0x0000000008002952                usart_send_blocking
 .text.usart_send
                0x0000000008002968        0x8 /home/kevin_moncayo/stm32f103c8t6/libopencm3/lib/libopencm3_stm32f1.a(usart_common_f124.o)
                0x0000000008002968                usart_send
 .text.usart_wait_send_ready
                0x0000000008002970        0x8 /home/kevin_moncayo/stm32f103c8t6/libopencm3/lib/libopencm3_stm32f1.a(usart_common_f124.o)
                0x0000000008002970                usart_wait_send_ready
 .text.usbd_init
                0x0000000008002978       0x50 /home/kevin_moncayo/stm32f103c8t6/libopencm3/lib/libopencm3_stm32f1.a(usb.o)
                0x0000000008002978                usbd_init
 .text.usbd_poll
                0x00000000080029c8        0x8 /home/kevin_moncayo/stm32f103c8t6/libopencm3/lib/libopencm3_stm32f1.a(usb.o)
                0x00000000080029c8                usbd_poll
 .text.usbd_ep_setup
                0x00000000080029d0        0xe /home/kevin_moncayo/stm32f103c8t6/libopencm3/lib/libopencm3_stm32f1.a(usb.o)
                0x00000000080029d0                usbd_ep_setup
 .text._usbd_reset
                0x00000000080029de       0x32 /home/kevin_moncayo/stm32f103c8t6/libopencm3/lib/libopencm3_stm32f1.a(usb.o)
                0x00000000080029de                _usbd_reset
 .text.usbd_ep_write_packet
                0x0000000008002a10        0xe /home/kevin_moncayo/stm32f103c8t6/libopencm3/lib/libopencm3_stm32f1.a(usb.o)
                0x0000000008002a10                usbd_ep_write_packet
 .text.usbd_ep_read_packet
                0x0000000008002a1e        0xe /home/kevin_moncayo/stm32f103c8t6/libopencm3/lib/libopencm3_stm32f1.a(usb.o)
                0x0000000008002a1e                usbd_ep_read_packet
 .text.usbd_ep_stall_set
                0x0000000008002a2c        0x8 /home/kevin_moncayo/stm32f103c8t6/libopencm3/lib/libopencm3_stm32f1.a(usb.o)
                0x0000000008002a2c                usbd_ep_stall_set
 .text.usbd_ep_stall_get
                0x0000000008002a34        0x8 /home/kevin_moncayo/stm32f103c8t6/libopencm3/lib/libopencm3_stm32f1.a(usb.o)
                0x0000000008002a34                usbd_ep_stall_get
 .text.usbd_ep_nak_set
                0x0000000008002a3c        0x8 /home/kevin_moncayo/stm32f103c8t6/libopencm3/lib/libopencm3_stm32f1.a(usb.o)
                0x0000000008002a3c                usbd_ep_nak_set
 .text.usb_control_send_chunk
                0x0000000008002a44       0x52 /home/kevin_moncayo/stm32f103c8t6/libopencm3/lib/libopencm3_stm32f1.a(usb_control.o)
 .text.usb_control_request_dispatch
                0x0000000008002a96       0x60 /home/kevin_moncayo/stm32f103c8t6/libopencm3/lib/libopencm3_stm32f1.a(usb_control.o)
 .text.stall_transaction
                0x0000000008002af6       0x14 /home/kevin_moncayo/stm32f103c8t6/libopencm3/lib/libopencm3_stm32f1.a(usb_control.o)
 .text.usb_control_recv_chunk
                0x0000000008002b0a       0x3c /home/kevin_moncayo/stm32f103c8t6/libopencm3/lib/libopencm3_stm32f1.a(usb_control.o)
 .text.usb_control_setup_read
                0x0000000008002b46       0x66 /home/kevin_moncayo/stm32f103c8t6/libopencm3/lib/libopencm3_stm32f1.a(usb_control.o)
 .text.usbd_register_control_callback
                0x0000000008002bac       0x2c /home/kevin_moncayo/stm32f103c8t6/libopencm3/lib/libopencm3_stm32f1.a(usb_control.o)
                0x0000000008002bac                usbd_register_control_callback
 .text._usbd_control_setup
                0x0000000008002bd8       0x60 /home/kevin_moncayo/stm32f103c8t6/libopencm3/lib/libopencm3_stm32f1.a(usb_control.o)
                0x0000000008002bd8                _usbd_control_setup
 .text._usbd_control_out
                0x0000000008002c38       0x82 /home/kevin_moncayo/stm32f103c8t6/libopencm3/lib/libopencm3_stm32f1.a(usb_control.o)
                0x0000000008002c38                _usbd_control_out
 .text._usbd_control_in
                0x0000000008002cba       0x64 /home/kevin_moncayo/stm32f103c8t6/libopencm3/lib/libopencm3_stm32f1.a(usb_control.o)
                0x0000000008002cba                _usbd_control_in
 .text.usb_standard_set_address
                0x0000000008002d1e       0x2a /home/kevin_moncayo/stm32f103c8t6/libopencm3/lib/libopencm3_stm32f1.a(usb_standard.o)
 .text.usb_standard_set_configuration
                0x0000000008002d48       0x92 /home/kevin_moncayo/stm32f103c8t6/libopencm3/lib/libopencm3_stm32f1.a(usb_standard.o)
 .text.usb_standard_get_configuration
                0x0000000008002dda       0x22 /home/kevin_moncayo/stm32f103c8t6/libopencm3/lib/libopencm3_stm32f1.a(usb_standard.o)
 .text.usb_standard_get_interface
                0x0000000008002dfc       0x34 /home/kevin_moncayo/stm32f103c8t6/libopencm3/lib/libopencm3_stm32f1.a(usb_standard.o)
 .text.usb_standard_device_get_status
                0x0000000008002e30       0x18 /home/kevin_moncayo/stm32f103c8t6/libopencm3/lib/libopencm3_stm32f1.a(usb_standard.o)
 .text.usb_standard_endpoint_get_status
                0x0000000008002e48       0x2a /home/kevin_moncayo/stm32f103c8t6/libopencm3/lib/libopencm3_stm32f1.a(usb_standard.o)
 .text.usb_standard_endpoint_stall
                0x0000000008002e72       0x10 /home/kevin_moncayo/stm32f103c8t6/libopencm3/lib/libopencm3_stm32f1.a(usb_standard.o)
 .text.usb_standard_endpoint_unstall
                0x0000000008002e82       0x10 /home/kevin_moncayo/stm32f103c8t6/libopencm3/lib/libopencm3_stm32f1.a(usb_standard.o)
 .text.usb_standard_set_interface
                0x0000000008002e92       0x50 /home/kevin_moncayo/stm32f103c8t6/libopencm3/lib/libopencm3_stm32f1.a(usb_standard.o)
 .text.usb_standard_get_descriptor
                0x0000000008002ee2      0x26a /home/kevin_moncayo/stm32f103c8t6/libopencm3/lib/libopencm3_stm32f1.a(usb_standard.o)
 .text.usb_standard_interface_get_status
                0x000000000800314c       0x18 /home/kevin_moncayo/stm32f103c8t6/libopencm3/lib/libopencm3_stm32f1.a(usb_standard.o)
 .text.usbd_register_set_config_callback
                0x0000000008003164       0x2c /home/kevin_moncayo/stm32f103c8t6/libopencm3/lib/libopencm3_stm32f1.a(usb_standard.o)
                0x0000000008003164                usbd_register_set_config_callback
 .text._usbd_standard_request_device
                0x0000000008003190       0x48 /home/kevin_moncayo/stm32f103c8t6/libopencm3/lib/libopencm3_stm32f1.a(usb_standard.o)
                0x0000000008003190                _usbd_standard_request_device
 .text._usbd_standard_request_interface
                0x00000000080031d8       0x30 /home/kevin_moncayo/stm32f103c8t6/libopencm3/lib/libopencm3_stm32f1.a(usb_standard.o)
                0x00000000080031d8                _usbd_standard_request_interface
 .text._usbd_standard_request_endpoint
                0x0000000008003208       0x3c /home/kevin_moncayo/stm32f103c8t6/libopencm3/lib/libopencm3_stm32f1.a(usb_standard.o)
                0x0000000008003208                _usbd_standard_request_endpoint
 .text._usbd_standard_request
                0x0000000008003244       0x30 /home/kevin_moncayo/stm32f103c8t6/libopencm3/lib/libopencm3_stm32f1.a(usb_standard.o)
                0x0000000008003244                _usbd_standard_request
 .text.st_usbfs_v1_usbd_init
                0x0000000008003274       0x30 /home/kevin_moncayo/stm32f103c8t6/libopencm3/lib/libopencm3_stm32f1.a(st_usbfs_v1.o)
 .text.st_usbfs_copy_to_pm
                0x00000000080032a4       0x18 /home/kevin_moncayo/stm32f103c8t6/libopencm3/lib/libopencm3_stm32f1.a(st_usbfs_v1.o)
                0x00000000080032a4                st_usbfs_copy_to_pm
 .text.st_usbfs_copy_from_pm
                0x00000000080032bc       0x26 /home/kevin_moncayo/stm32f103c8t6/libopencm3/lib/libopencm3_stm32f1.a(st_usbfs_v1.o)
                0x00000000080032bc                st_usbfs_copy_from_pm
 .text.blocking_handler
                0x00000000080032e2        0x2 /home/kevin_moncayo/stm32f103c8t6/libopencm3/lib/libopencm3_stm32f1.a(vector.o)
                0x00000000080032e2                rtc_isr
                0x00000000080032e2                tim7_isr
                0x00000000080032e2                adc1_2_isr
                0x00000000080032e2                tim1_trg_com_isr
                0x00000000080032e2                usb_hp_can_tx_isr
                0x00000000080032e2                tim6_isr
                0x00000000080032e2                usb_wakeup_isr
                0x00000000080032e2                blocking_handler
                0x00000000080032e2                tim5_isr
                0x00000000080032e2                otg_fs_isr
                0x00000000080032e2                spi1_isr
                0x00000000080032e2                exti2_isr
                0x00000000080032e2                dma1_channel6_isr
                0x00000000080032e2                can_rx1_isr
                0x00000000080032e2                dma1_channel5_isr
                0x00000000080032e2                dma2_channel5_isr
                0x00000000080032e2                usage_fault_handler
                0x00000000080032e2                tim8_trg_com_isr
                0x00000000080032e2                can2_rx0_isr
                0x00000000080032e2                tim1_brk_isr
                0x00000000080032e2                can2_rx1_isr
                0x00000000080032e2                tim1_cc_isr
                0x00000000080032e2                sdio_isr
                0x00000000080032e2                eth_isr
                0x00000000080032e2                dma1_channel4_isr
                0x00000000080032e2                tim8_brk_isr
                0x00000000080032e2                dma2_channel4_5_isr
                0x00000000080032e2                pvd_isr
                0x00000000080032e2                rcc_isr
                0x00000000080032e2                flash_isr
                0x00000000080032e2                uart4_isr
                0x00000000080032e2                rtc_alarm_isr
                0x00000000080032e2                exti15_10_isr
                0x00000000080032e2                hard_fault_handler
                0x00000000080032e2                exti1_isr
                0x00000000080032e2                i2c1_ev_isr
                0x00000000080032e2                dma2_channel1_isr
                0x00000000080032e2                spi2_isr
                0x00000000080032e2                tim8_up_isr
                0x00000000080032e2                dma2_channel2_isr
                0x00000000080032e2                exti3_isr
                0x00000000080032e2                adc3_isr
                0x00000000080032e2                tim3_isr
                0x00000000080032e2                usb_lp_can_rx0_isr
                0x00000000080032e2                i2c2_er_isr
                0x00000000080032e2                i2c2_ev_isr
                0x00000000080032e2                uart5_isr
                0x00000000080032e2                fsmc_isr
                0x00000000080032e2                dma1_channel1_isr
                0x00000000080032e2                exti4_isr
                0x00000000080032e2                mem_manage_handler
                0x00000000080032e2                can2_tx_isr
                0x00000000080032e2                exti9_5_isr
                0x00000000080032e2                dma2_channel3_isr
                0x00000000080032e2                dma1_channel7_isr
                0x00000000080032e2                tim1_up_isr
                0x00000000080032e2                can2_sce_isr
                0x00000000080032e2                tim4_isr
                0x00000000080032e2                dma1_channel2_isr
                0x00000000080032e2                i2c1_er_isr
                0x00000000080032e2                can_sce_isr
                0x00000000080032e2                tim8_cc_isr
                0x00000000080032e2                tamper_isr
                0x00000000080032e2                eth_wkup_isr
                0x00000000080032e2                bus_fault_handler
                0x00000000080032e2                wwdg_isr
                0x00000000080032e2                dma1_channel3_isr
                0x00000000080032e2                spi3_isr
                0x00000000080032e2                tim2_isr
                0x00000000080032e2                exti0_isr
 .text.null_handler
                0x00000000080032e4        0x2 /home/kevin_moncayo/stm32f103c8t6/libopencm3/lib/libopencm3_stm32f1.a(vector.o)
                0x00000000080032e4                null_handler
                0x00000000080032e4                debug_monitor_handler
                0x00000000080032e4                nmi_handler
 *fill*         0x00000000080032e6        0x2 
 .text.reset_handler
                0x00000000080032e8       0x90 /home/kevin_moncayo/stm32f103c8t6/libopencm3/lib/libopencm3_stm32f1.a(vector.o)
                0x00000000080032e8                reset_handler
 .text.flash_set_ws
                0x0000000008003378       0x14 /home/kevin_moncayo/stm32f103c8t6/libopencm3/lib/libopencm3_stm32f1.a(flash_common_all.o)
                0x0000000008003378                flash_set_ws
 .text.st_usbfs_set_address
                0x000000000800338c       0x10 /home/kevin_moncayo/stm32f103c8t6/libopencm3/lib/libopencm3_stm32f1.a(st_usbfs_core.o)
                0x000000000800338c                st_usbfs_set_address
 .text.st_usbfs_set_ep_rx_bufsize
                0x000000000800339c       0x40 /home/kevin_moncayo/stm32f103c8t6/libopencm3/lib/libopencm3_stm32f1.a(st_usbfs_core.o)
                0x000000000800339c                st_usbfs_set_ep_rx_bufsize
 .text.st_usbfs_ep_setup
                0x00000000080033dc      0x124 /home/kevin_moncayo/stm32f103c8t6/libopencm3/lib/libopencm3_stm32f1.a(st_usbfs_core.o)
                0x00000000080033dc                st_usbfs_ep_setup
 .text.st_usbfs_endpoints_reset
                0x0000000008003500       0x44 /home/kevin_moncayo/stm32f103c8t6/libopencm3/lib/libopencm3_stm32f1.a(st_usbfs_core.o)
                0x0000000008003500                st_usbfs_endpoints_reset
 .text.st_usbfs_ep_stall_set
                0x0000000008003544       0xc0 /home/kevin_moncayo/stm32f103c8t6/libopencm3/lib/libopencm3_stm32f1.a(st_usbfs_core.o)
                0x0000000008003544                st_usbfs_ep_stall_set
 .text.st_usbfs_ep_stall_get
                0x0000000008003604       0x38 /home/kevin_moncayo/stm32f103c8t6/libopencm3/lib/libopencm3_stm32f1.a(st_usbfs_core.o)
                0x0000000008003604                st_usbfs_ep_stall_get
 .text.st_usbfs_ep_nak_set
                0x000000000800363c       0x3c /home/kevin_moncayo/stm32f103c8t6/libopencm3/lib/libopencm3_stm32f1.a(st_usbfs_core.o)
                0x000000000800363c                st_usbfs_ep_nak_set
 .text.st_usbfs_ep_write_packet
                0x0000000008003678       0x80 /home/kevin_moncayo/stm32f103c8t6/libopencm3/lib/libopencm3_stm32f1.a(st_usbfs_core.o)
                0x0000000008003678                st_usbfs_ep_write_packet
 .text.st_usbfs_ep_read_packet
                0x00000000080036f8       0xac /home/kevin_moncayo/stm32f103c8t6/libopencm3/lib/libopencm3_stm32f1.a(st_usbfs_core.o)
                0x00000000080036f8                st_usbfs_ep_read_packet
 .text.st_usbfs_poll
                0x00000000080037a4       0xe8 /home/kevin_moncayo/stm32f103c8t6/libopencm3/lib/libopencm3_stm32f1.a(st_usbfs_core.o)
                0x00000000080037a4                st_usbfs_poll
 .text.memmove  0x000000000800388c       0xd4 /opt/gcc-arm/bin/../lib/gcc/arm-none-eabi/9.2.1/../../../../arm-none-eabi/lib/thumb/v7-m/nofp/libc.a(lib_a-memmove.o)
                0x000000000800388c                memmove
 .text.memset   0x0000000008003960       0xa0 /opt/gcc-arm/bin/../lib/gcc/arm-none-eabi/9.2.1/../../../../arm-none-eabi/lib/thumb/v7-m/nofp/libc.a(lib_a-memset.o)
                0x0000000008003960                memset
 .text.strlen   0x0000000008003a00       0x5c /opt/gcc-arm/bin/../lib/gcc/arm-none-eabi/9.2.1/../../../../arm-none-eabi/lib/thumb/v7-m/nofp/libc.a(lib_a-strlen-stub.o)
                0x0000000008003a00                strlen
 .text.strncpy  0x0000000008003a5c       0x68 /opt/gcc-arm/bin/../lib/gcc/arm-none-eabi/9.2.1/../../../../arm-none-eabi/lib/thumb/v7-m/nofp/libc.a(lib_a-strncpy.o)
                0x0000000008003a5c                strncpy
 .text._strtoul_l.isra.0
                0x0000000008003ac4      0x13c /opt/gcc-arm/bin/../lib/gcc/arm-none-eabi/9.2.1/../../../../arm-none-eabi/lib/thumb/v7-m/nofp/libc.a(lib_a-strtoul.o)
 .text.strtoul  0x0000000008003c00       0x18 /opt/gcc-arm/bin/../lib/gcc/arm-none-eabi/9.2.1/../../../../arm-none-eabi/lib/thumb/v7-m/nofp/libc.a(lib_a-strtoul.o)
                0x0000000008003c00                strtoul
                0x0000000008003c18                . = ALIGN (0x4)
 *(.rodata*)
 .rodata.w25_write_data.constprop.0.str1.1
                0x0000000008003c18       0x11 main.o
 .rodata.w25_erase_block.constprop.0.str1.1
                0x0000000008003c29       0x5f main.o
 .rodata.load_ihex.constprop.0.str1.1
                0x0000000008003c88       0x5d main.o
 .rodata.flash_status.str1.1
                0x0000000008003ce5       0x3b main.o
 .rodata.monitor_task.str1.1
                0x0000000008003d20      0x398 main.o
                                        0x3b6 (size before relaxing)
 .rodata.main.str1.1
                0x00000000080040b8        0x8 main.o
 .rodata.str1.1
                0x00000000080040c0       0x15 main.o
 *fill*         0x00000000080040d5        0x3 
 .rodata.cap    0x00000000080040d8        0xc main.o
 .rodata.vTaskStartScheduler.str1.1
                0x00000000080040e4        0x5 rtos/tasks.o
 *fill*         0x00000000080040e9        0x3 
 .rodata._ctype_
                0x00000000080040ec      0x101 /opt/gcc-arm/bin/../lib/gcc/arm-none-eabi/9.2.1/../../../../arm-none-eabi/lib/thumb/v7-m/nofp/libc.a(lib_a-ctype_.o)
                0x00000000080040ec                _ctype_
 .rodata.usb_start.str1.1
                0x00000000080041ed        0x4 /home/kevin_moncayo/stm32f103c8t6//rtos/libwwg/libwwg.a(usbcdc.o)
 .rodata.str1.1
                0x00000000080041f1       0x29 /home/kevin_moncayo/stm32f103c8t6//rtos/libwwg/libwwg.a(usbcdc.o)
 .rodata.cdcacm_functional_descriptors
                0x000000000800421a       0x13 /home/kevin_moncayo/stm32f103c8t6//rtos/libwwg/libwwg.a(usbcdc.o)
 .rodata.comm_endp
                0x000000000800422d        0xf /home/kevin_moncayo/stm32f103c8t6//rtos/libwwg/libwwg.a(usbcdc.o)
 .rodata.comm_iface
                0x000000000800423c       0x15 /home/kevin_moncayo/stm32f103c8t6//rtos/libwwg/libwwg.a(usbcdc.o)
 .rodata.config
                0x0000000008004251        0xd /home/kevin_moncayo/stm32f103c8t6//rtos/libwwg/libwwg.a(usbcdc.o)
 .rodata.cr.5622
                0x000000000800425e        0x1 /home/kevin_moncayo/stm32f103c8t6//rtos/libwwg/libwwg.a(usbcdc.o)
 .rodata.data_endp
                0x000000000800425f       0x1e /home/kevin_moncayo/stm32f103c8t6//rtos/libwwg/libwwg.a(usbcdc.o)
 .rodata.data_iface
                0x000000000800427d       0x15 /home/kevin_moncayo/stm32f103c8t6//rtos/libwwg/libwwg.a(usbcdc.o)
 .rodata.dev    0x0000000008004292       0x12 /home/kevin_moncayo/stm32f103c8t6//rtos/libwwg/libwwg.a(usbcdc.o)
 .rodata.ifaces
                0x00000000080042a4       0x20 /home/kevin_moncayo/stm32f103c8t6//rtos/libwwg/libwwg.a(usbcdc.o)
 .rodata.internal_vprintf.str1.1
                0x00000000080042c4        0x3 /home/kevin_moncayo/stm32f103c8t6//rtos/libwwg/libwwg.a(miniprintf.o)
 *fill*         0x00000000080042c7        0x1 
 .rodata.dev_usb
                0x00000000080042c8       0x20 /home/kevin_moncayo/stm32f103c8t6//rtos/libwwg/libwwg.a(mcuio.o)
 .rodata.uarts  0x00000000080042e8       0x3c /home/kevin_moncayo/stm32f103c8t6//rtos/libwwg/libwwg.a(uartlib.o)
 .rodata.st_usbfs_v1_usb_driver
                0x0000000008004324       0x34 /home/kevin_moncayo/stm32f103c8t6/libopencm3/lib/libopencm3_stm32f1.a(st_usbfs_v1.o)
                0x0000000008004324                st_usbfs_v1_usb_driver
                0x0000000008004358                . = ALIGN (0x4)

.glue_7         0x0000000008004358        0x0
 .glue_7        0x0000000008004358        0x0 linker stubs

.glue_7t        0x0000000008004358        0x0
 .glue_7t       0x0000000008004358        0x0 linker stubs

.vfp11_veneer   0x0000000008004358        0x0
 .vfp11_veneer  0x0000000008004358        0x0 linker stubs

.v4_bx          0x0000000008004358        0x0
 .v4_bx         0x0000000008004358        0x0 linker stubs

.iplt           0x0000000008004358        0x0
 .iplt          0x0000000008004358        0x0 main.o

.rel.dyn        0x0000000008004358        0x0
 .rel.iplt      0x0000000008004358        0x0 main.o

.preinit_array  0x0000000008004358        0x0
                0x0000000008004358                . = ALIGN (0x4)
                0x0000000008004358                __preinit_array_start = .
 *(.preinit_array)
                0x0000000008004358                __preinit_array_end = .

.init_array     0x0000000008004358        0x0
                0x0000000008004358                . = ALIGN (0x4)
                0x0000000008004358                __init_array_start = .
 *(SORT_BY_NAME(.init_array.*))
 *(.init_array)
                0x0000000008004358                __init_array_end = .

.fini_array     0x0000000008004358        0x0
                0x0000000008004358                . = ALIGN (0x4)
                0x0000000008004358                __fini_array_start = .
 *(.fini_array)
 *(SORT_BY_NAME(.fini_array.*))
                0x0000000008004358                __fini_array_end = .

.ARM.extab
 *(.ARM.extab*)

.ARM.exidx      0x0000000008004358        0x0
                0x0000000008004358                __exidx_start = .
 *(.ARM.exidx*)
                0x0000000008004358                __exidx_end = .
                0x0000000008004358                . = ALIGN (0x4)
                0x0000000008004358                _etext = .

.data           0x0000000020000000      0x450 load address 0x0000000008004358
                0x0000000020000000                _data = .
 *(.data*)
 .data.uxCriticalNesting
                0x0000000020000000        0x4 rtos/port.o
 .data.usb_strings
                0x0000000020000004        0xc /home/kevin_moncayo/stm32f103c8t6//rtos/libwwg/libwwg.a(usbcdc.o)
 .data.mcu_stdio
                0x0000000020000010        0x4 /home/kevin_moncayo/stm32f103c8t6//rtos/libwwg/libwwg.a(mcuio.o)
                0x0000000020000010                mcu_stdio
 .data.mcu_usb  0x0000000020000014        0x4 /home/kevin_moncayo/stm32f103c8t6//rtos/libwwg/libwwg.a(mcuio.o)
                0x0000000020000014                mcu_usb
 .data.rcc_ahb_frequency
                0x0000000020000018        0x4 /home/kevin_moncayo/stm32f103c8t6/libopencm3/lib/libopencm3_stm32f1.a(rcc.o)
                0x0000000020000018                rcc_ahb_frequency
 .data.rcc_apb1_frequency
                0x000000002000001c        0x4 /home/kevin_moncayo/stm32f103c8t6/libopencm3/lib/libopencm3_stm32f1.a(rcc.o)
                0x000000002000001c                rcc_apb1_frequency
 .data.rcc_apb2_frequency
                0x0000000020000020        0x4 /home/kevin_moncayo/stm32f103c8t6/libopencm3/lib/libopencm3_stm32f1.a(rcc.o)
                0x0000000020000020                rcc_apb2_frequency
 .data._impure_ptr
                0x0000000020000024        0x4 /opt/gcc-arm/bin/../lib/gcc/arm-none-eabi/9.2.1/../../../../arm-none-eabi/lib/thumb/v7-m/nofp/libc.a(lib_a-impure.o)
                0x0000000020000024                _impure_ptr
 .data.impure_data
                0x0000000020000028      0x428 /opt/gcc-arm/bin/../lib/gcc/arm-none-eabi/9.2.1/../../../../arm-none-eabi/lib/thumb/v7-m/nofp/libc.a(lib_a-impure.o)
                0x0000000020000450                . = ALIGN (0x4)
                0x0000000020000450                _edata = .
                0x0000000008004358                _data_loadaddr = LOADADDR (.data)

.igot.plt       0x0000000020000450        0x0 load address 0x00000000080047a8
 .igot.plt      0x0000000020000450        0x0 main.o

.bss            0x0000000020000450     0x46b8 load address 0x00000000080047a8
 *(.bss*)
 .bss.pxEnd     0x0000000020000450        0x4 rtos/heap_4.o
 .bss.ucHeap    0x0000000020000454     0x4400 rtos/heap_4.o
 .bss.xBlockAllocatedBit
                0x0000000020004854        0x4 rtos/heap_4.o
 .bss.xFreeBytesRemaining
                0x0000000020004858        0x4 rtos/heap_4.o
 .bss.xMinimumEverFreeBytesRemaining
                0x000000002000485c        0x4 rtos/heap_4.o
 .bss.xStart    0x0000000020004860        0x8 rtos/heap_4.o
 .bss.pxCurrentTCB
                0x0000000020004868        0x4 rtos/tasks.o
                0x0000000020004868                pxCurrentTCB
 .bss.pxDelayedTaskList
                0x000000002000486c        0x4 rtos/tasks.o
 .bss.pxOverflowDelayedTaskList
                0x0000000020004870        0x4 rtos/tasks.o
 .bss.pxReadyTasksLists
                0x0000000020004874       0x64 rtos/tasks.o
 .bss.uxCurrentNumberOfTasks
                0x00000000200048d8        0x4 rtos/tasks.o
 .bss.uxDeletedTasksWaitingCleanUp
                0x00000000200048dc        0x4 rtos/tasks.o
 .bss.uxPendedTicks
                0x00000000200048e0        0x4 rtos/tasks.o
 .bss.uxSchedulerSuspended
                0x00000000200048e4        0x4 rtos/tasks.o
 .bss.uxTaskNumber
                0x00000000200048e8        0x4 rtos/tasks.o
 .bss.uxTopReadyPriority
                0x00000000200048ec        0x4 rtos/tasks.o
 .bss.xDelayedTaskList1
                0x00000000200048f0       0x14 rtos/tasks.o
 .bss.xDelayedTaskList2
                0x0000000020004904       0x14 rtos/tasks.o
 .bss.xIdleTaskHandle
                0x0000000020004918        0x4 rtos/tasks.o
 .bss.xNextTaskUnblockTime
                0x000000002000491c        0x4 rtos/tasks.o
 .bss.xNumOfOverflows
                0x0000000020004920        0x4 rtos/tasks.o
 .bss.xPendingReadyList
                0x0000000020004924       0x14 rtos/tasks.o
 .bss.xSchedulerRunning
                0x0000000020004938        0x4 rtos/tasks.o
 .bss.xSuspendedTaskList
                0x000000002000493c       0x14 rtos/tasks.o
 .bss.xTasksWaitingTermination
                0x0000000020004950       0x14 rtos/tasks.o
 .bss.xTickCount
                0x0000000020004964        0x4 rtos/tasks.o
 .bss.xYieldPending
                0x0000000020004968        0x4 rtos/tasks.o
 .bss.initialized
                0x000000002000496c        0x1 /home/kevin_moncayo/stm32f103c8t6//rtos/libwwg/libwwg.a(usbcdc.o)
 *fill*         0x000000002000496d        0x3 
 .bss.usb_rxq   0x0000000020004970        0x4 /home/kevin_moncayo/stm32f103c8t6//rtos/libwwg/libwwg.a(usbcdc.o)
 .bss.usb_txq   0x0000000020004974        0x4 /home/kevin_moncayo/stm32f103c8t6//rtos/libwwg/libwwg.a(usbcdc.o)
 .bss.usbd_control_buffer
                0x0000000020004978       0x80 /home/kevin_moncayo/stm32f103c8t6//rtos/libwwg/libwwg.a(usbcdc.o)
                0x0000000020004978                usbd_control_buffer
 .bss.uart_data
                0x00000000200049f8        0xc /home/kevin_moncayo/stm32f103c8t6//rtos/libwwg/libwwg.a(uartlib.o)
 .bss.st_usbfs_dev
                0x0000000020004a04       0xfc /home/kevin_moncayo/stm32f103c8t6/libopencm3/lib/libopencm3_stm32f1.a(st_usbfs_core.o)
                0x0000000020004a04                st_usbfs_dev
 .bss.st_usbfs_force_nak
                0x0000000020004b00        0x8 /home/kevin_moncayo/stm32f103c8t6/libopencm3/lib/libopencm3_stm32f1.a(st_usbfs_core.o)
                0x0000000020004b00                st_usbfs_force_nak
 *(COMMON)
                0x0000000020004b08                . = ALIGN (0x4)
                0x0000000020004b08                _ebss = .

/DISCARD/
 *(.eh_frame)
                0x0000000020004b08                . = ALIGN (0x4)
                0x0000000020004b08                end = .
                0x0000000020005000                PROVIDE (_stack = (ORIGIN (ram) + LENGTH (ram)))
OUTPUT(main.elf elf32-littlearm)

.debug_info     0x0000000000000000    0x19e5c
 .debug_info    0x0000000000000000     0x29f4 main.o
 .debug_info    0x00000000000029f4      0xca4 rtos/heap_4.o
 .debug_info    0x0000000000003698      0xb67 rtos/list.o
 .debug_info    0x00000000000041ff      0x328 rtos/port.o
 .debug_info    0x0000000000004527     0x1d52 rtos/queue.o
 .debug_info    0x0000000000006279     0x2ab3 rtos/tasks.o
 .debug_info    0x0000000000008d2c      0x136 rtos/opencm3.o
 .debug_info    0x0000000000008e62     0x1b96 /home/kevin_moncayo/stm32f103c8t6//rtos/libwwg/libwwg.a(usbcdc.o)
 .debug_info    0x000000000000a9f8     0x11b6 /home/kevin_moncayo/stm32f103c8t6//rtos/libwwg/libwwg.a(miniprintf.o)
 .debug_info    0x000000000000bbae      0xc1c /home/kevin_moncayo/stm32f103c8t6//rtos/libwwg/libwwg.a(mcuio.o)
 .debug_info    0x000000000000c7ca      0xb5a /home/kevin_moncayo/stm32f103c8t6//rtos/libwwg/libwwg.a(getline.o)
 .debug_info    0x000000000000d324      0xc60 /home/kevin_moncayo/stm32f103c8t6//rtos/libwwg/libwwg.a(intelhex.o)
 .debug_info    0x000000000000df84     0x1c52 /home/kevin_moncayo/stm32f103c8t6//rtos/libwwg/libwwg.a(uartlib.o)
 .debug_info    0x000000000000fbd6      0x20a /home/kevin_moncayo/stm32f103c8t6/libopencm3/lib/libopencm3_stm32f1.a(gpio.o)
 .debug_info    0x000000000000fde0      0x266 /home/kevin_moncayo/stm32f103c8t6/libopencm3/lib/libopencm3_stm32f1.a(gpio_common_all.o)
 .debug_info    0x0000000000010046     0x128f /home/kevin_moncayo/stm32f103c8t6/libopencm3/lib/libopencm3_stm32f1.a(rcc.o)
 .debug_info    0x00000000000112d5      0x603 /home/kevin_moncayo/stm32f103c8t6/libopencm3/lib/libopencm3_stm32f1.a(rcc_common_all.o)
 .debug_info    0x00000000000118d8      0xa1c /home/kevin_moncayo/stm32f103c8t6/libopencm3/lib/libopencm3_stm32f1.a(spi_common_all.o)
 .debug_info    0x00000000000122f4      0x185 /home/kevin_moncayo/stm32f103c8t6/libopencm3/lib/libopencm3_stm32f1.a(spi_common_v1.o)
 .debug_info    0x0000000000012479      0x51b /home/kevin_moncayo/stm32f103c8t6/libopencm3/lib/libopencm3_stm32f1.a(usart_common_all.o)
 .debug_info    0x0000000000012994      0x1c5 /home/kevin_moncayo/stm32f103c8t6/libopencm3/lib/libopencm3_stm32f1.a(usart_common_f124.o)
 .debug_info    0x0000000000012b59     0x17fc /home/kevin_moncayo/stm32f103c8t6/libopencm3/lib/libopencm3_stm32f1.a(usb.o)
 .debug_info    0x0000000000014355     0x1931 /home/kevin_moncayo/stm32f103c8t6/libopencm3/lib/libopencm3_stm32f1.a(usb_control.o)
 .debug_info    0x0000000000015c86     0x1fc5 /home/kevin_moncayo/stm32f103c8t6/libopencm3/lib/libopencm3_stm32f1.a(usb_standard.o)
 .debug_info    0x0000000000017c4b      0xda7 /home/kevin_moncayo/stm32f103c8t6/libopencm3/lib/libopencm3_stm32f1.a(st_usbfs_v1.o)
 .debug_info    0x00000000000189f2      0x2dd /home/kevin_moncayo/stm32f103c8t6/libopencm3/lib/libopencm3_stm32f1.a(vector.o)
 .debug_info    0x0000000000018ccf       0xf6 /home/kevin_moncayo/stm32f103c8t6/libopencm3/lib/libopencm3_stm32f1.a(flash_common_all.o)
 .debug_info    0x0000000000018dc5     0x1097 /home/kevin_moncayo/stm32f103c8t6/libopencm3/lib/libopencm3_stm32f1.a(st_usbfs_core.o)

.debug_abbrev   0x0000000000000000     0x4a97
 .debug_abbrev  0x0000000000000000      0x539 main.o
 .debug_abbrev  0x0000000000000539      0x361 rtos/heap_4.o
 .debug_abbrev  0x000000000000089a      0x22f rtos/list.o
 .debug_abbrev  0x0000000000000ac9      0x223 rtos/port.o
 .debug_abbrev  0x0000000000000cec      0x3c7 rtos/queue.o
 .debug_abbrev  0x00000000000010b3      0x4fe rtos/tasks.o
 .debug_abbrev  0x00000000000015b1       0x89 rtos/opencm3.o
 .debug_abbrev  0x000000000000163a      0x46e /home/kevin_moncayo/stm32f103c8t6//rtos/libwwg/libwwg.a(usbcdc.o)
 .debug_abbrev  0x0000000000001aa8      0x47c /home/kevin_moncayo/stm32f103c8t6//rtos/libwwg/libwwg.a(miniprintf.o)
 .debug_abbrev  0x0000000000001f24      0x296 /home/kevin_moncayo/stm32f103c8t6//rtos/libwwg/libwwg.a(mcuio.o)
 .debug_abbrev  0x00000000000021ba      0x279 /home/kevin_moncayo/stm32f103c8t6//rtos/libwwg/libwwg.a(getline.o)
 .debug_abbrev  0x0000000000002433      0x2da /home/kevin_moncayo/stm32f103c8t6//rtos/libwwg/libwwg.a(intelhex.o)
 .debug_abbrev  0x000000000000270d      0x450 /home/kevin_moncayo/stm32f103c8t6//rtos/libwwg/libwwg.a(uartlib.o)
 .debug_abbrev  0x0000000000002b5d       0xd0 /home/kevin_moncayo/stm32f103c8t6/libopencm3/lib/libopencm3_stm32f1.a(gpio.o)
 .debug_abbrev  0x0000000000002c2d      0x116 /home/kevin_moncayo/stm32f103c8t6/libopencm3/lib/libopencm3_stm32f1.a(gpio_common_all.o)
 .debug_abbrev  0x0000000000002d43      0x2e1 /home/kevin_moncayo/stm32f103c8t6/libopencm3/lib/libopencm3_stm32f1.a(rcc.o)
 .debug_abbrev  0x0000000000003024      0x15d /home/kevin_moncayo/stm32f103c8t6/libopencm3/lib/libopencm3_stm32f1.a(rcc_common_all.o)
 .debug_abbrev  0x0000000000003181      0x1eb /home/kevin_moncayo/stm32f103c8t6/libopencm3/lib/libopencm3_stm32f1.a(spi_common_all.o)
 .debug_abbrev  0x000000000000336c       0xe5 /home/kevin_moncayo/stm32f103c8t6/libopencm3/lib/libopencm3_stm32f1.a(spi_common_v1.o)
 .debug_abbrev  0x0000000000003451      0x129 /home/kevin_moncayo/stm32f103c8t6/libopencm3/lib/libopencm3_stm32f1.a(usart_common_all.o)
 .debug_abbrev  0x000000000000357a       0xc8 /home/kevin_moncayo/stm32f103c8t6/libopencm3/lib/libopencm3_stm32f1.a(usart_common_f124.o)
 .debug_abbrev  0x0000000000003642      0x333 /home/kevin_moncayo/stm32f103c8t6/libopencm3/lib/libopencm3_stm32f1.a(usb.o)
 .debug_abbrev  0x0000000000003975      0x477 /home/kevin_moncayo/stm32f103c8t6/libopencm3/lib/libopencm3_stm32f1.a(usb_control.o)
 .debug_abbrev  0x0000000000003dec      0x5a4 /home/kevin_moncayo/stm32f103c8t6/libopencm3/lib/libopencm3_stm32f1.a(usb_standard.o)
 .debug_abbrev  0x0000000000004390      0x265 /home/kevin_moncayo/stm32f103c8t6/libopencm3/lib/libopencm3_stm32f1.a(st_usbfs_v1.o)
 .debug_abbrev  0x00000000000045f5      0x145 /home/kevin_moncayo/stm32f103c8t6/libopencm3/lib/libopencm3_stm32f1.a(vector.o)
 .debug_abbrev  0x000000000000473a       0x97 /home/kevin_moncayo/stm32f103c8t6/libopencm3/lib/libopencm3_stm32f1.a(flash_common_all.o)
 .debug_abbrev  0x00000000000047d1      0x2c6 /home/kevin_moncayo/stm32f103c8t6/libopencm3/lib/libopencm3_stm32f1.a(st_usbfs_core.o)

.debug_loc      0x0000000000000000     0x973e
 .debug_loc     0x0000000000000000     0x10ef main.o
 .debug_loc     0x00000000000010ef      0x361 rtos/heap_4.o
 .debug_loc     0x0000000000001450       0xaf rtos/list.o
 .debug_loc     0x00000000000014ff       0xbe rtos/port.o
 .debug_loc     0x00000000000015bd     0x106a rtos/queue.o
 .debug_loc     0x0000000000002627     0x17e4 rtos/tasks.o
 .debug_loc     0x0000000000003e0b      0x4ea /home/kevin_moncayo/stm32f103c8t6//rtos/libwwg/libwwg.a(usbcdc.o)
 .debug_loc     0x00000000000042f5      0xa2b /home/kevin_moncayo/stm32f103c8t6//rtos/libwwg/libwwg.a(miniprintf.o)
 .debug_loc     0x0000000000004d20       0x4f /home/kevin_moncayo/stm32f103c8t6//rtos/libwwg/libwwg.a(mcuio.o)
 .debug_loc     0x0000000000004d6f      0x2d3 /home/kevin_moncayo/stm32f103c8t6//rtos/libwwg/libwwg.a(getline.o)
 .debug_loc     0x0000000000005042      0x1ea /home/kevin_moncayo/stm32f103c8t6//rtos/libwwg/libwwg.a(intelhex.o)
 .debug_loc     0x000000000000522c      0xda9 /home/kevin_moncayo/stm32f103c8t6//rtos/libwwg/libwwg.a(uartlib.o)
 .debug_loc     0x0000000000005fd5      0x134 /home/kevin_moncayo/stm32f103c8t6/libopencm3/lib/libopencm3_stm32f1.a(gpio.o)
 .debug_loc     0x0000000000006109       0xbe /home/kevin_moncayo/stm32f103c8t6/libopencm3/lib/libopencm3_stm32f1.a(gpio_common_all.o)
 .debug_loc     0x00000000000061c7      0x39c /home/kevin_moncayo/stm32f103c8t6/libopencm3/lib/libopencm3_stm32f1.a(rcc.o)
 .debug_loc     0x0000000000006563       0x6f /home/kevin_moncayo/stm32f103c8t6/libopencm3/lib/libopencm3_stm32f1.a(rcc_common_all.o)
 .debug_loc     0x00000000000065d2      0x1dc /home/kevin_moncayo/stm32f103c8t6/libopencm3/lib/libopencm3_stm32f1.a(spi_common_all.o)
 .debug_loc     0x00000000000067ae       0xff /home/kevin_moncayo/stm32f103c8t6/libopencm3/lib/libopencm3_stm32f1.a(spi_common_v1.o)
 .debug_loc     0x00000000000068ad      0x172 /home/kevin_moncayo/stm32f103c8t6/libopencm3/lib/libopencm3_stm32f1.a(usart_common_all.o)
 .debug_loc     0x0000000000006a1f       0x99 /home/kevin_moncayo/stm32f103c8t6/libopencm3/lib/libopencm3_stm32f1.a(usart_common_f124.o)
 .debug_loc     0x0000000000006ab8      0x544 /home/kevin_moncayo/stm32f103c8t6/libopencm3/lib/libopencm3_stm32f1.a(usb.o)
 .debug_loc     0x0000000000006ffc      0x81a /home/kevin_moncayo/stm32f103c8t6/libopencm3/lib/libopencm3_stm32f1.a(usb_control.o)
 .debug_loc     0x0000000000007816     0x13a2 /home/kevin_moncayo/stm32f103c8t6/libopencm3/lib/libopencm3_stm32f1.a(usb_standard.o)
 .debug_loc     0x0000000000008bb8      0x1de /home/kevin_moncayo/stm32f103c8t6/libopencm3/lib/libopencm3_stm32f1.a(st_usbfs_v1.o)
 .debug_loc     0x0000000000008d96      0x128 /home/kevin_moncayo/stm32f103c8t6/libopencm3/lib/libopencm3_stm32f1.a(vector.o)
 .debug_loc     0x0000000000008ebe       0x15 /home/kevin_moncayo/stm32f103c8t6/libopencm3/lib/libopencm3_stm32f1.a(flash_common_all.o)
 .debug_loc     0x0000000000008ed3      0x86b /home/kevin_moncayo/stm32f103c8t6/libopencm3/lib/libopencm3_stm32f1.a(st_usbfs_core.o)

.debug_aranges  0x0000000000000000      0xdb0
 .debug_aranges
                0x0000000000000000       0x88 main.o
 .debug_aranges
                0x0000000000000088       0x48 rtos/heap_4.o
 .debug_aranges
                0x00000000000000d0       0x40 rtos/list.o
 .debug_aranges
                0x0000000000000110       0x70 rtos/port.o
 .debug_aranges
                0x0000000000000180       0xa8 rtos/queue.o
 .debug_aranges
                0x0000000000000228      0x158 rtos/tasks.o
 .debug_aranges
                0x0000000000000380       0x30 rtos/opencm3.o
 .debug_aranges
                0x00000000000003b0       0x98 /home/kevin_moncayo/stm32f103c8t6//rtos/libwwg/libwwg.a(usbcdc.o)
 .debug_aranges
                0x0000000000000448       0x58 /home/kevin_moncayo/stm32f103c8t6//rtos/libwwg/libwwg.a(miniprintf.o)
 .debug_aranges
                0x00000000000004a0       0x28 /home/kevin_moncayo/stm32f103c8t6//rtos/libwwg/libwwg.a(mcuio.o)
 .debug_aranges
                0x00000000000004c8       0x20 /home/kevin_moncayo/stm32f103c8t6//rtos/libwwg/libwwg.a(getline.o)
 .debug_aranges
                0x00000000000004e8       0x30 /home/kevin_moncayo/stm32f103c8t6//rtos/libwwg/libwwg.a(intelhex.o)
 .debug_aranges
                0x0000000000000518      0x140 /home/kevin_moncayo/stm32f103c8t6//rtos/libwwg/libwwg.a(uartlib.o)
 .debug_aranges
                0x0000000000000658       0x38 /home/kevin_moncayo/stm32f103c8t6/libopencm3/lib/libopencm3_stm32f1.a(gpio.o)
 .debug_aranges
                0x0000000000000690       0x50 /home/kevin_moncayo/stm32f103c8t6/libopencm3/lib/libopencm3_stm32f1.a(gpio_common_all.o)
 .debug_aranges
                0x00000000000006e0      0x158 /home/kevin_moncayo/stm32f103c8t6/libopencm3/lib/libopencm3_stm32f1.a(rcc.o)
 .debug_aranges
                0x0000000000000838       0x58 /home/kevin_moncayo/stm32f103c8t6/libopencm3/lib/libopencm3_stm32f1.a(rcc_common_all.o)
 .debug_aranges
                0x0000000000000890      0x178 /home/kevin_moncayo/stm32f103c8t6/libopencm3/lib/libopencm3_stm32f1.a(spi_common_all.o)
 .debug_aranges
                0x0000000000000a08       0x30 /home/kevin_moncayo/stm32f103c8t6/libopencm3/lib/libopencm3_stm32f1.a(spi_common_v1.o)
 .debug_aranges
                0x0000000000000a38       0xb8 /home/kevin_moncayo/stm32f103c8t6/libopencm3/lib/libopencm3_stm32f1.a(usart_common_all.o)
 .debug_aranges
                0x0000000000000af0       0x40 /home/kevin_moncayo/stm32f103c8t6/libopencm3/lib/libopencm3_stm32f1.a(usart_common_f124.o)
 .debug_aranges
                0x0000000000000b30       0x88 /home/kevin_moncayo/stm32f103c8t6/libopencm3/lib/libopencm3_stm32f1.a(usb.o)
 .debug_aranges
                0x0000000000000bb8       0x60 /home/kevin_moncayo/stm32f103c8t6/libopencm3/lib/libopencm3_stm32f1.a(usb_control.o)
 .debug_aranges
                0x0000000000000c18       0x98 /home/kevin_moncayo/stm32f103c8t6/libopencm3/lib/libopencm3_stm32f1.a(usb_standard.o)
 .debug_aranges
                0x0000000000000cb0       0x30 /home/kevin_moncayo/stm32f103c8t6/libopencm3/lib/libopencm3_stm32f1.a(st_usbfs_v1.o)
 .debug_aranges
                0x0000000000000ce0       0x30 /home/kevin_moncayo/stm32f103c8t6/libopencm3/lib/libopencm3_stm32f1.a(vector.o)
 .debug_aranges
                0x0000000000000d10       0x38 /home/kevin_moncayo/stm32f103c8t6/libopencm3/lib/libopencm3_stm32f1.a(flash_common_all.o)
 .debug_aranges
                0x0000000000000d48       0x68 /home/kevin_moncayo/stm32f103c8t6/libopencm3/lib/libopencm3_stm32f1.a(st_usbfs_core.o)

.debug_ranges   0x0000000000000000     0x12f0
 .debug_ranges  0x0000000000000000      0x1a0 main.o
 .debug_ranges  0x00000000000001a0       0x38 rtos/heap_4.o
 .debug_ranges  0x00000000000001d8       0x30 rtos/list.o
 .debug_ranges  0x0000000000000208       0x78 rtos/port.o
 .debug_ranges  0x0000000000000280      0x208 rtos/queue.o
 .debug_ranges  0x0000000000000488      0x2d8 rtos/tasks.o
 .debug_ranges  0x0000000000000760       0x20 rtos/opencm3.o
 .debug_ranges  0x0000000000000780       0xa0 /home/kevin_moncayo/stm32f103c8t6//rtos/libwwg/libwwg.a(usbcdc.o)
 .debug_ranges  0x0000000000000820       0x90 /home/kevin_moncayo/stm32f103c8t6//rtos/libwwg/libwwg.a(miniprintf.o)
 .debug_ranges  0x00000000000008b0       0x18 /home/kevin_moncayo/stm32f103c8t6//rtos/libwwg/libwwg.a(mcuio.o)
 .debug_ranges  0x00000000000008c8       0x58 /home/kevin_moncayo/stm32f103c8t6//rtos/libwwg/libwwg.a(getline.o)
 .debug_ranges  0x0000000000000920       0x40 /home/kevin_moncayo/stm32f103c8t6//rtos/libwwg/libwwg.a(intelhex.o)
 .debug_ranges  0x0000000000000960      0x148 /home/kevin_moncayo/stm32f103c8t6//rtos/libwwg/libwwg.a(uartlib.o)
 .debug_ranges  0x0000000000000aa8       0x28 /home/kevin_moncayo/stm32f103c8t6/libopencm3/lib/libopencm3_stm32f1.a(gpio.o)
 .debug_ranges  0x0000000000000ad0       0x40 /home/kevin_moncayo/stm32f103c8t6/libopencm3/lib/libopencm3_stm32f1.a(gpio_common_all.o)
 .debug_ranges  0x0000000000000b10      0x1b8 /home/kevin_moncayo/stm32f103c8t6/libopencm3/lib/libopencm3_stm32f1.a(rcc.o)
 .debug_ranges  0x0000000000000cc8       0x48 /home/kevin_moncayo/stm32f103c8t6/libopencm3/lib/libopencm3_stm32f1.a(rcc_common_all.o)
 .debug_ranges  0x0000000000000d10      0x168 /home/kevin_moncayo/stm32f103c8t6/libopencm3/lib/libopencm3_stm32f1.a(spi_common_all.o)
 .debug_ranges  0x0000000000000e78       0x20 /home/kevin_moncayo/stm32f103c8t6/libopencm3/lib/libopencm3_stm32f1.a(spi_common_v1.o)
 .debug_ranges  0x0000000000000e98       0xa8 /home/kevin_moncayo/stm32f103c8t6/libopencm3/lib/libopencm3_stm32f1.a(usart_common_all.o)
 .debug_ranges  0x0000000000000f40       0x30 /home/kevin_moncayo/stm32f103c8t6/libopencm3/lib/libopencm3_stm32f1.a(usart_common_f124.o)
 .debug_ranges  0x0000000000000f70       0x78 /home/kevin_moncayo/stm32f103c8t6/libopencm3/lib/libopencm3_stm32f1.a(usb.o)
 .debug_ranges  0x0000000000000fe8       0x90 /home/kevin_moncayo/stm32f103c8t6/libopencm3/lib/libopencm3_stm32f1.a(usb_control.o)
 .debug_ranges  0x0000000000001078      0x108 /home/kevin_moncayo/stm32f103c8t6/libopencm3/lib/libopencm3_stm32f1.a(usb_standard.o)
 .debug_ranges  0x0000000000001180       0x20 /home/kevin_moncayo/stm32f103c8t6/libopencm3/lib/libopencm3_stm32f1.a(st_usbfs_v1.o)
 .debug_ranges  0x00000000000011a0       0x20 /home/kevin_moncayo/stm32f103c8t6/libopencm3/lib/libopencm3_stm32f1.a(vector.o)
 .debug_ranges  0x00000000000011c0       0x28 /home/kevin_moncayo/stm32f103c8t6/libopencm3/lib/libopencm3_stm32f1.a(flash_common_all.o)
 .debug_ranges  0x00000000000011e8      0x108 /home/kevin_moncayo/stm32f103c8t6/libopencm3/lib/libopencm3_stm32f1.a(st_usbfs_core.o)

.debug_line     0x0000000000000000     0xafac
 .debug_line    0x0000000000000000      0xcea main.o
 .debug_line    0x0000000000000cea      0x446 rtos/heap_4.o
 .debug_line    0x0000000000001130      0x2b3 rtos/list.o
 .debug_line    0x00000000000013e3      0x2ec rtos/port.o
 .debug_line    0x00000000000016cf      0xbf4 rtos/queue.o
 .debug_line    0x00000000000022c3     0x1836 rtos/tasks.o
 .debug_line    0x0000000000003af9      0x130 rtos/opencm3.o
 .debug_line    0x0000000000003c29      0x6af /home/kevin_moncayo/stm32f103c8t6//rtos/libwwg/libwwg.a(usbcdc.o)
 .debug_line    0x00000000000042d8      0x599 /home/kevin_moncayo/stm32f103c8t6//rtos/libwwg/libwwg.a(miniprintf.o)
 .debug_line    0x0000000000004871      0x174 /home/kevin_moncayo/stm32f103c8t6//rtos/libwwg/libwwg.a(mcuio.o)
 .debug_line    0x00000000000049e5      0x372 /home/kevin_moncayo/stm32f103c8t6//rtos/libwwg/libwwg.a(getline.o)
 .debug_line    0x0000000000004d57      0x348 /home/kevin_moncayo/stm32f103c8t6//rtos/libwwg/libwwg.a(intelhex.o)
 .debug_line    0x000000000000509f      0xa5e /home/kevin_moncayo/stm32f103c8t6//rtos/libwwg/libwwg.a(uartlib.o)
 .debug_line    0x0000000000005afd      0x33e /home/kevin_moncayo/stm32f103c8t6/libopencm3/lib/libopencm3_stm32f1.a(gpio.o)
 .debug_line    0x0000000000005e3b      0x354 /home/kevin_moncayo/stm32f103c8t6/libopencm3/lib/libopencm3_stm32f1.a(gpio_common_all.o)
 .debug_line    0x000000000000618f      0xc89 /home/kevin_moncayo/stm32f103c8t6/libopencm3/lib/libopencm3_stm32f1.a(rcc.o)
 .debug_line    0x0000000000006e18      0x37e /home/kevin_moncayo/stm32f103c8t6/libopencm3/lib/libopencm3_stm32f1.a(rcc_common_all.o)
 .debug_line    0x0000000000007196      0x895 /home/kevin_moncayo/stm32f103c8t6/libopencm3/lib/libopencm3_stm32f1.a(spi_common_all.o)
 .debug_line    0x0000000000007a2b      0x309 /home/kevin_moncayo/stm32f103c8t6/libopencm3/lib/libopencm3_stm32f1.a(spi_common_v1.o)
 .debug_line    0x0000000000007d34      0x557 /home/kevin_moncayo/stm32f103c8t6/libopencm3/lib/libopencm3_stm32f1.a(usart_common_all.o)
 .debug_line    0x000000000000828b      0x349 /home/kevin_moncayo/stm32f103c8t6/libopencm3/lib/libopencm3_stm32f1.a(usart_common_f124.o)
 .debug_line    0x00000000000085d4      0x492 /home/kevin_moncayo/stm32f103c8t6/libopencm3/lib/libopencm3_stm32f1.a(usb.o)
 .debug_line    0x0000000000008a66      0x6ae /home/kevin_moncayo/stm32f103c8t6/libopencm3/lib/libopencm3_stm32f1.a(usb_control.o)
 .debug_line    0x0000000000009114      0xbef /home/kevin_moncayo/stm32f103c8t6/libopencm3/lib/libopencm3_stm32f1.a(usb_standard.o)
 .debug_line    0x0000000000009d03      0x3ea /home/kevin_moncayo/stm32f103c8t6/libopencm3/lib/libopencm3_stm32f1.a(st_usbfs_v1.o)
 .debug_line    0x000000000000a0ed      0x3df /home/kevin_moncayo/stm32f103c8t6/libopencm3/lib/libopencm3_stm32f1.a(vector.o)
 .debug_line    0x000000000000a4cc      0x305 /home/kevin_moncayo/stm32f103c8t6/libopencm3/lib/libopencm3_stm32f1.a(flash_common_all.o)
 .debug_line    0x000000000000a7d1      0x7db /home/kevin_moncayo/stm32f103c8t6/libopencm3/lib/libopencm3_stm32f1.a(st_usbfs_core.o)

.debug_str      0x0000000000000000    0x179a6
 .debug_str     0x0000000000000000      0xa86 main.o
                                        0xbf9 (size before relaxing)
 .debug_str     0x0000000000000a86      0x1eb rtos/heap_4.o
                                        0x769 (size before relaxing)
 .debug_str     0x0000000000000c71      0x12a rtos/list.o
                                        0x6c4 (size before relaxing)
 .debug_str     0x0000000000000d9b      0x183 rtos/port.o
                                        0x342 (size before relaxing)
 .debug_str     0x0000000000000f1e      0x4ca rtos/queue.o
                                        0xbe6 (size before relaxing)
 .debug_str     0x00000000000013e8      0x853 rtos/tasks.o
                                       0x11c8 (size before relaxing)
 .debug_str     0x0000000000001c3b       0x40 rtos/opencm3.o
                                        0x24c (size before relaxing)
 .debug_str     0x0000000000001c7b      0x720 /home/kevin_moncayo/stm32f103c8t6//rtos/libwwg/libwwg.a(usbcdc.o)
                                       0x1052 (size before relaxing)
 .debug_str     0x000000000000239b      0x100 /home/kevin_moncayo/stm32f103c8t6//rtos/libwwg/libwwg.a(miniprintf.o)
                                        0x6d2 (size before relaxing)
 .debug_str     0x000000000000249b       0x39 /home/kevin_moncayo/stm32f103c8t6//rtos/libwwg/libwwg.a(mcuio.o)
                                        0x677 (size before relaxing)
 .debug_str     0x00000000000024d4       0x25 /home/kevin_moncayo/stm32f103c8t6//rtos/libwwg/libwwg.a(getline.o)
                                        0x595 (size before relaxing)
 .debug_str     0x00000000000024f9       0x33 /home/kevin_moncayo/stm32f103c8t6//rtos/libwwg/libwwg.a(intelhex.o)
                                        0x63c (size before relaxing)
 .debug_str     0x000000000000252c      0x326 /home/kevin_moncayo/stm32f103c8t6//rtos/libwwg/libwwg.a(uartlib.o)
                                        0xbe2 (size before relaxing)
 .debug_str     0x0000000000002852     0x83ec /home/kevin_moncayo/stm32f103c8t6/libopencm3/lib/libopencm3_stm32f1.a(gpio.o)
                                       0x85b8 (size before relaxing)
 .debug_str     0x000000000000ac3e       0x6c /home/kevin_moncayo/stm32f103c8t6/libopencm3/lib/libopencm3_stm32f1.a(gpio_common_all.o)
                                       0x85ac (size before relaxing)
 .debug_str     0x000000000000acaa     0x30b6 /home/kevin_moncayo/stm32f103c8t6/libopencm3/lib/libopencm3_stm32f1.a(rcc.o)
                                       0x7eab (size before relaxing)
 .debug_str     0x000000000000dd60      0x35b /home/kevin_moncayo/stm32f103c8t6/libopencm3/lib/libopencm3_stm32f1.a(rcc_common_all.o)
                                       0x77c1 (size before relaxing)
 .debug_str     0x000000000000e0bb     0x116c /home/kevin_moncayo/stm32f103c8t6/libopencm3/lib/libopencm3_stm32f1.a(spi_common_all.o)
                                       0x85c1 (size before relaxing)
 .debug_str     0x000000000000f227       0x50 /home/kevin_moncayo/stm32f103c8t6/libopencm3/lib/libopencm3_stm32f1.a(spi_common_v1.o)
                                       0x7fd2 (size before relaxing)
 .debug_str     0x000000000000f277     0x10b2 /home/kevin_moncayo/stm32f103c8t6/libopencm3/lib/libopencm3_stm32f1.a(usart_common_all.o)
                                       0x8380 (size before relaxing)
 .debug_str     0x0000000000010329       0x2d /home/kevin_moncayo/stm32f103c8t6/libopencm3/lib/libopencm3_stm32f1.a(usart_common_f124.o)
                                       0x81ba (size before relaxing)
 .debug_str     0x0000000000010356     0x367b /home/kevin_moncayo/stm32f103c8t6/libopencm3/lib/libopencm3_stm32f1.a(usb.o)
                                       0x802f (size before relaxing)
 .debug_str     0x00000000000139d1      0x19b /home/kevin_moncayo/stm32f103c8t6/libopencm3/lib/libopencm3_stm32f1.a(usb_control.o)
                                       0x807c (size before relaxing)
 .debug_str     0x0000000000013b6c      0x2a4 /home/kevin_moncayo/stm32f103c8t6/libopencm3/lib/libopencm3_stm32f1.a(usb_standard.o)
                                       0x81af (size before relaxing)
 .debug_str     0x0000000000013e10     0x1594 /home/kevin_moncayo/stm32f103c8t6/libopencm3/lib/libopencm3_stm32f1.a(st_usbfs_v1.o)
                                       0x98e0 (size before relaxing)
 .debug_str     0x00000000000153a4     0x2485 /home/kevin_moncayo/stm32f103c8t6/libopencm3/lib/libopencm3_stm32f1.a(vector.o)
                                       0x6681 (size before relaxing)
 .debug_str     0x0000000000017829       0x64 /home/kevin_moncayo/stm32f103c8t6/libopencm3/lib/libopencm3_stm32f1.a(flash_common_all.o)
                                       0x5584 (size before relaxing)
 .debug_str     0x000000000001788d      0x119 /home/kevin_moncayo/stm32f103c8t6/libopencm3/lib/libopencm3_stm32f1.a(st_usbfs_core.o)
                                       0x97fc (size before relaxing)

.comment        0x0000000000000000       0x79
 .comment       0x0000000000000000       0x79 main.o
                                         0x7a (size before relaxing)
 .comment       0x0000000000000079       0x7a rtos/heap_4.o
 .comment       0x0000000000000079       0x7a rtos/list.o
 .comment       0x0000000000000079       0x7a rtos/port.o
 .comment       0x0000000000000079       0x7a rtos/queue.o
 .comment       0x0000000000000079       0x7a rtos/tasks.o
 .comment       0x0000000000000079       0x7a rtos/opencm3.o
 .comment       0x0000000000000079       0x7a /home/kevin_moncayo/stm32f103c8t6//rtos/libwwg/libwwg.a(usbcdc.o)
 .comment       0x0000000000000079       0x7a /home/kevin_moncayo/stm32f103c8t6//rtos/libwwg/libwwg.a(miniprintf.o)
 .comment       0x0000000000000079       0x7a /home/kevin_moncayo/stm32f103c8t6//rtos/libwwg/libwwg.a(mcuio.o)
 .comment       0x0000000000000079       0x7a /home/kevin_moncayo/stm32f103c8t6//rtos/libwwg/libwwg.a(getline.o)
 .comment       0x0000000000000079       0x7a /home/kevin_moncayo/stm32f103c8t6//rtos/libwwg/libwwg.a(intelhex.o)
 .comment       0x0000000000000079       0x7a /home/kevin_moncayo/stm32f103c8t6//rtos/libwwg/libwwg.a(uartlib.o)
 .comment       0x0000000000000079       0x7a /home/kevin_moncayo/stm32f103c8t6/libopencm3/lib/libopencm3_stm32f1.a(gpio.o)
 .comment       0x0000000000000079       0x7a /home/kevin_moncayo/stm32f103c8t6/libopencm3/lib/libopencm3_stm32f1.a(gpio_common_all.o)
 .comment       0x0000000000000079       0x7a /home/kevin_moncayo/stm32f103c8t6/libopencm3/lib/libopencm3_stm32f1.a(rcc.o)
 .comment       0x0000000000000079       0x7a /home/kevin_moncayo/stm32f103c8t6/libopencm3/lib/libopencm3_stm32f1.a(rcc_common_all.o)
 .comment       0x0000000000000079       0x7a /home/kevin_moncayo/stm32f103c8t6/libopencm3/lib/libopencm3_stm32f1.a(spi_common_all.o)
 .comment       0x0000000000000079       0x7a /home/kevin_moncayo/stm32f103c8t6/libopencm3/lib/libopencm3_stm32f1.a(spi_common_v1.o)
 .comment       0x0000000000000079       0x7a /home/kevin_moncayo/stm32f103c8t6/libopencm3/lib/libopencm3_stm32f1.a(usart_common_all.o)
 .comment       0x0000000000000079       0x7a /home/kevin_moncayo/stm32f103c8t6/libopencm3/lib/libopencm3_stm32f1.a(usart_common_f124.o)
 .comment       0x0000000000000079       0x7a /home/kevin_moncayo/stm32f103c8t6/libopencm3/lib/libopencm3_stm32f1.a(usb.o)
 .comment       0x0000000000000079       0x7a /home/kevin_moncayo/stm32f103c8t6/libopencm3/lib/libopencm3_stm32f1.a(usb_control.o)
 .comment       0x0000000000000079       0x7a /home/kevin_moncayo/stm32f103c8t6/libopencm3/lib/libopencm3_stm32f1.a(usb_standard.o)
 .comment       0x0000000000000079       0x7a /home/kevin_moncayo/stm32f103c8t6/libopencm3/lib/libopencm3_stm32f1.a(st_usbfs_v1.o)
 .comment       0x0000000000000079       0x7a /home/kevin_moncayo/stm32f103c8t6/libopencm3/lib/libopencm3_stm32f1.a(vector.o)
 .comment       0x0000000000000079       0x7a /home/kevin_moncayo/stm32f103c8t6/libopencm3/lib/libopencm3_stm32f1.a(flash_common_all.o)
 .comment       0x0000000000000079       0x7a /home/kevin_moncayo/stm32f103c8t6/libopencm3/lib/libopencm3_stm32f1.a(st_usbfs_core.o)

.ARM.attributes
                0x0000000000000000       0x2b
 .ARM.attributes
                0x0000000000000000       0x2d main.o
 .ARM.attributes
                0x000000000000002d       0x2d rtos/heap_4.o
 .ARM.attributes
                0x000000000000005a       0x2d rtos/list.o
 .ARM.attributes
                0x0000000000000087       0x2d rtos/port.o
 .ARM.attributes
                0x00000000000000b4       0x2d rtos/queue.o
 .ARM.attributes
                0x00000000000000e1       0x2d rtos/tasks.o
 .ARM.attributes
                0x000000000000010e       0x2d rtos/opencm3.o
 .ARM.attributes
                0x000000000000013b       0x2d /opt/gcc-arm/bin/../lib/gcc/arm-none-eabi/9.2.1/../../../../arm-none-eabi/lib/thumb/v7-m/nofp/libc.a(lib_a-ctype_.o)
 .ARM.attributes
                0x0000000000000168       0x1b /opt/gcc-arm/bin/../lib/gcc/arm-none-eabi/9.2.1/../../../../arm-none-eabi/lib/thumb/v7-m/nofp/libc.a(lib_a-memcpy.o)
 .ARM.attributes
                0x0000000000000183       0x2d /opt/gcc-arm/bin/../lib/gcc/arm-none-eabi/9.2.1/../../../../arm-none-eabi/lib/thumb/v7-m/nofp/libc.a(lib_a-strchr.o)
 .ARM.attributes
                0x00000000000001b0       0x2d /home/kevin_moncayo/stm32f103c8t6//rtos/libwwg/libwwg.a(usbcdc.o)
 .ARM.attributes
                0x00000000000001dd       0x2d /home/kevin_moncayo/stm32f103c8t6//rtos/libwwg/libwwg.a(miniprintf.o)
 .ARM.attributes
                0x000000000000020a       0x2d /home/kevin_moncayo/stm32f103c8t6//rtos/libwwg/libwwg.a(mcuio.o)
 .ARM.attributes
                0x0000000000000237       0x2d /home/kevin_moncayo/stm32f103c8t6//rtos/libwwg/libwwg.a(getline.o)
 .ARM.attributes
                0x0000000000000264       0x2d /home/kevin_moncayo/stm32f103c8t6//rtos/libwwg/libwwg.a(intelhex.o)
 .ARM.attributes
                0x0000000000000291       0x2d /home/kevin_moncayo/stm32f103c8t6//rtos/libwwg/libwwg.a(uartlib.o)
 .ARM.attributes
                0x00000000000002be       0x2d /home/kevin_moncayo/stm32f103c8t6/libopencm3/lib/libopencm3_stm32f1.a(gpio.o)
 .ARM.attributes
                0x00000000000002eb       0x2d /home/kevin_moncayo/stm32f103c8t6/libopencm3/lib/libopencm3_stm32f1.a(gpio_common_all.o)
 .ARM.attributes
                0x0000000000000318       0x2d /home/kevin_moncayo/stm32f103c8t6/libopencm3/lib/libopencm3_stm32f1.a(rcc.o)
 .ARM.attributes
                0x0000000000000345       0x2d /home/kevin_moncayo/stm32f103c8t6/libopencm3/lib/libopencm3_stm32f1.a(rcc_common_all.o)
 .ARM.attributes
                0x0000000000000372       0x2d /home/kevin_moncayo/stm32f103c8t6/libopencm3/lib/libopencm3_stm32f1.a(spi_common_all.o)
 .ARM.attributes
                0x000000000000039f       0x2d /home/kevin_moncayo/stm32f103c8t6/libopencm3/lib/libopencm3_stm32f1.a(spi_common_v1.o)
 .ARM.attributes
                0x00000000000003cc       0x2d /home/kevin_moncayo/stm32f103c8t6/libopencm3/lib/libopencm3_stm32f1.a(usart_common_all.o)
 .ARM.attributes
                0x00000000000003f9       0x2d /home/kevin_moncayo/stm32f103c8t6/libopencm3/lib/libopencm3_stm32f1.a(usart_common_f124.o)
 .ARM.attributes
                0x0000000000000426       0x2d /home/kevin_moncayo/stm32f103c8t6/libopencm3/lib/libopencm3_stm32f1.a(usb.o)
 .ARM.attributes
                0x0000000000000453       0x2d /home/kevin_moncayo/stm32f103c8t6/libopencm3/lib/libopencm3_stm32f1.a(usb_control.o)
 .ARM.attributes
                0x0000000000000480       0x2d /home/kevin_moncayo/stm32f103c8t6/libopencm3/lib/libopencm3_stm32f1.a(usb_standard.o)
 .ARM.attributes
                0x00000000000004ad       0x2d /home/kevin_moncayo/stm32f103c8t6/libopencm3/lib/libopencm3_stm32f1.a(st_usbfs_v1.o)
 .ARM.attributes
                0x00000000000004da       0x2d /home/kevin_moncayo/stm32f103c8t6/libopencm3/lib/libopencm3_stm32f1.a(vector.o)
 .ARM.attributes
                0x0000000000000507       0x2d /home/kevin_moncayo/stm32f103c8t6/libopencm3/lib/libopencm3_stm32f1.a(flash_common_all.o)
 .ARM.attributes
                0x0000000000000534       0x2d /home/kevin_moncayo/stm32f103c8t6/libopencm3/lib/libopencm3_stm32f1.a(st_usbfs_core.o)
 .ARM.attributes
                0x0000000000000561       0x2d /opt/gcc-arm/bin/../lib/gcc/arm-none-eabi/9.2.1/../../../../arm-none-eabi/lib/thumb/v7-m/nofp/libc.a(lib_a-memmove.o)
 .ARM.attributes
                0x000000000000058e       0x2d /opt/gcc-arm/bin/../lib/gcc/arm-none-eabi/9.2.1/../../../../arm-none-eabi/lib/thumb/v7-m/nofp/libc.a(lib_a-memset.o)
 .ARM.attributes
                0x00000000000005bb       0x2d /opt/gcc-arm/bin/../lib/gcc/arm-none-eabi/9.2.1/../../../../arm-none-eabi/lib/thumb/v7-m/nofp/libc.a(lib_a-strlen-stub.o)
 .ARM.attributes
                0x00000000000005e8       0x2d /opt/gcc-arm/bin/../lib/gcc/arm-none-eabi/9.2.1/../../../../arm-none-eabi/lib/thumb/v7-m/nofp/libc.a(lib_a-strncpy.o)
 .ARM.attributes
                0x0000000000000615       0x2d /opt/gcc-arm/bin/../lib/gcc/arm-none-eabi/9.2.1/../../../../arm-none-eabi/lib/thumb/v7-m/nofp/libc.a(lib_a-strtoul.o)
 .ARM.attributes
                0x0000000000000642       0x2d /opt/gcc-arm/bin/../lib/gcc/arm-none-eabi/9.2.1/../../../../arm-none-eabi/lib/thumb/v7-m/nofp/libc.a(lib_a-impure.o)

.debug_frame    0x0000000000000000     0x2348
 .debug_frame   0x0000000000000000      0x1a4 main.o
 .debug_frame   0x00000000000001a4       0x98 rtos/heap_4.o
 .debug_frame   0x000000000000023c       0x6c rtos/list.o
 .debug_frame   0x00000000000002a8       0xd0 rtos/port.o
 .debug_frame   0x0000000000000378      0x208 rtos/queue.o
 .debug_frame   0x0000000000000580      0x47c rtos/tasks.o
 .debug_frame   0x00000000000009fc       0x40 rtos/opencm3.o
 .debug_frame   0x0000000000000a3c       0x40 /opt/gcc-arm/bin/../lib/gcc/arm-none-eabi/9.2.1/../../../../arm-none-eabi/lib/thumb/v7-m/nofp/libc.a(lib_a-strchr.o)
 .debug_frame   0x0000000000000a7c      0x1b4 /home/kevin_moncayo/stm32f103c8t6//rtos/libwwg/libwwg.a(usbcdc.o)
 .debug_frame   0x0000000000000c30      0x110 /home/kevin_moncayo/stm32f103c8t6//rtos/libwwg/libwwg.a(miniprintf.o)
 .debug_frame   0x0000000000000d40       0x6c /home/kevin_moncayo/stm32f103c8t6//rtos/libwwg/libwwg.a(mcuio.o)
 .debug_frame   0x0000000000000dac       0x3c /home/kevin_moncayo/stm32f103c8t6//rtos/libwwg/libwwg.a(getline.o)
 .debug_frame   0x0000000000000de8       0x6c /home/kevin_moncayo/stm32f103c8t6//rtos/libwwg/libwwg.a(intelhex.o)
 .debug_frame   0x0000000000000e54      0x3a0 /home/kevin_moncayo/stm32f103c8t6//rtos/libwwg/libwwg.a(uartlib.o)
 .debug_frame   0x00000000000011f4       0x60 /home/kevin_moncayo/stm32f103c8t6/libopencm3/lib/libopencm3_stm32f1.a(gpio.o)
 .debug_frame   0x0000000000001254       0x80 /home/kevin_moncayo/stm32f103c8t6/libopencm3/lib/libopencm3_stm32f1.a(gpio_common_all.o)
 .debug_frame   0x00000000000012d4      0x2e0 /home/kevin_moncayo/stm32f103c8t6/libopencm3/lib/libopencm3_stm32f1.a(rcc.o)
 .debug_frame   0x00000000000015b4       0xd0 /home/kevin_moncayo/stm32f103c8t6/libopencm3/lib/libopencm3_stm32f1.a(rcc_common_all.o)
 .debug_frame   0x0000000000001684      0x2d0 /home/kevin_moncayo/stm32f103c8t6/libopencm3/lib/libopencm3_stm32f1.a(spi_common_all.o)
 .debug_frame   0x0000000000001954       0x4c /home/kevin_moncayo/stm32f103c8t6/libopencm3/lib/libopencm3_stm32f1.a(spi_common_v1.o)
 .debug_frame   0x00000000000019a0      0x170 /home/kevin_moncayo/stm32f103c8t6/libopencm3/lib/libopencm3_stm32f1.a(usart_common_all.o)
 .debug_frame   0x0000000000001b10       0x60 /home/kevin_moncayo/stm32f103c8t6/libopencm3/lib/libopencm3_stm32f1.a(usart_common_f124.o)
 .debug_frame   0x0000000000001b70      0x13c /home/kevin_moncayo/stm32f103c8t6/libopencm3/lib/libopencm3_stm32f1.a(usb.o)
 .debug_frame   0x0000000000001cac      0x164 /home/kevin_moncayo/stm32f103c8t6/libopencm3/lib/libopencm3_stm32f1.a(usb_control.o)
 .debug_frame   0x0000000000001e10      0x1e4 /home/kevin_moncayo/stm32f103c8t6/libopencm3/lib/libopencm3_stm32f1.a(usb_standard.o)
 .debug_frame   0x0000000000001ff4       0x54 /home/kevin_moncayo/stm32f103c8t6/libopencm3/lib/libopencm3_stm32f1.a(st_usbfs_v1.o)
 .debug_frame   0x0000000000002048       0x4c /home/kevin_moncayo/stm32f103c8t6/libopencm3/lib/libopencm3_stm32f1.a(vector.o)
 .debug_frame   0x0000000000002094       0x50 /home/kevin_moncayo/stm32f103c8t6/libopencm3/lib/libopencm3_stm32f1.a(flash_common_all.o)
 .debug_frame   0x00000000000020e4      0x118 /home/kevin_moncayo/stm32f103c8t6/libopencm3/lib/libopencm3_stm32f1.a(st_usbfs_core.o)
 .debug_frame   0x00000000000021fc       0x40 /opt/gcc-arm/bin/../lib/gcc/arm-none-eabi/9.2.1/../../../../arm-none-eabi/lib/thumb/v7-m/nofp/libc.a(lib_a-memmove.o)
 .debug_frame   0x000000000000223c       0x38 /opt/gcc-arm/bin/../lib/gcc/arm-none-eabi/9.2.1/../../../../arm-none-eabi/lib/thumb/v7-m/nofp/libc.a(lib_a-memset.o)
 .debug_frame   0x0000000000002274       0x20 /opt/gcc-arm/bin/../lib/gcc/arm-none-eabi/9.2.1/../../../../arm-none-eabi/lib/thumb/v7-m/nofp/libc.a(lib_a-strlen-stub.o)
 .debug_frame   0x0000000000002294       0x38 /opt/gcc-arm/bin/../lib/gcc/arm-none-eabi/9.2.1/../../../../arm-none-eabi/lib/thumb/v7-m/nofp/libc.a(lib_a-strncpy.o)
 .debug_frame   0x00000000000022cc       0x7c /opt/gcc-arm/bin/../lib/gcc/arm-none-eabi/9.2.1/../../../../arm-none-eabi/lib/thumb/v7-m/nofp/libc.a(lib_a-strtoul.o)

.debug_macro    0x0000000000000000     0x553d
 .debug_macro   0x0000000000000000       0xb8 /home/kevin_moncayo/stm32f103c8t6/libopencm3/lib/libopencm3_stm32f1.a(gpio.o)
 .debug_macro   0x00000000000000b8      0xa90 /home/kevin_moncayo/stm32f103c8t6/libopencm3/lib/libopencm3_stm32f1.a(gpio.o)
 .debug_macro   0x0000000000000b48       0x1c /home/kevin_moncayo/stm32f103c8t6/libopencm3/lib/libopencm3_stm32f1.a(gpio.o)
 .debug_macro   0x0000000000000b64       0x22 /home/kevin_moncayo/stm32f103c8t6/libopencm3/lib/libopencm3_stm32f1.a(gpio.o)
 .debug_macro   0x0000000000000b86       0x56 /home/kevin_moncayo/stm32f103c8t6/libopencm3/lib/libopencm3_stm32f1.a(gpio.o)
 .debug_macro   0x0000000000000bdc       0x51 /home/kevin_moncayo/stm32f103c8t6/libopencm3/lib/libopencm3_stm32f1.a(gpio.o)
 .debug_macro   0x0000000000000c2d       0xef /home/kevin_moncayo/stm32f103c8t6/libopencm3/lib/libopencm3_stm32f1.a(gpio.o)
 .debug_macro   0x0000000000000d1c       0x6a /home/kevin_moncayo/stm32f103c8t6/libopencm3/lib/libopencm3_stm32f1.a(gpio.o)
 .debug_macro   0x0000000000000d86      0x1df /home/kevin_moncayo/stm32f103c8t6/libopencm3/lib/libopencm3_stm32f1.a(gpio.o)
 .debug_macro   0x0000000000000f65       0x22 /home/kevin_moncayo/stm32f103c8t6/libopencm3/lib/libopencm3_stm32f1.a(gpio.o)
 .debug_macro   0x0000000000000f87       0xe8 /home/kevin_moncayo/stm32f103c8t6/libopencm3/lib/libopencm3_stm32f1.a(gpio.o)
 .debug_macro   0x000000000000106f       0x76 /home/kevin_moncayo/stm32f103c8t6/libopencm3/lib/libopencm3_stm32f1.a(gpio.o)
 .debug_macro   0x00000000000010e5      0x1b4 /home/kevin_moncayo/stm32f103c8t6/libopencm3/lib/libopencm3_stm32f1.a(gpio.o)
 .debug_macro   0x0000000000001299       0x76 /home/kevin_moncayo/stm32f103c8t6/libopencm3/lib/libopencm3_stm32f1.a(gpio.o)
 .debug_macro   0x000000000000130f      0xe04 /home/kevin_moncayo/stm32f103c8t6/libopencm3/lib/libopencm3_stm32f1.a(gpio.o)
 .debug_macro   0x0000000000002113       0xb8 /home/kevin_moncayo/stm32f103c8t6/libopencm3/lib/libopencm3_stm32f1.a(gpio_common_all.o)
 .debug_macro   0x00000000000021cb       0xe7 /home/kevin_moncayo/stm32f103c8t6/libopencm3/lib/libopencm3_stm32f1.a(rcc.o)
 .debug_macro   0x00000000000022b2       0x16 /home/kevin_moncayo/stm32f103c8t6/libopencm3/lib/libopencm3_stm32f1.a(rcc.o)
 .debug_macro   0x00000000000022c8      0x82c /home/kevin_moncayo/stm32f103c8t6/libopencm3/lib/libopencm3_stm32f1.a(rcc.o)
 .debug_macro   0x0000000000002af4       0xee /home/kevin_moncayo/stm32f103c8t6/libopencm3/lib/libopencm3_stm32f1.a(rcc.o)
 .debug_macro   0x0000000000002be2       0x82 /home/kevin_moncayo/stm32f103c8t6/libopencm3/lib/libopencm3_stm32f1.a(rcc.o)
 .debug_macro   0x0000000000002c64       0xce /home/kevin_moncayo/stm32f103c8t6/libopencm3/lib/libopencm3_stm32f1.a(rcc_common_all.o)
 .debug_macro   0x0000000000002d32       0xd4 /home/kevin_moncayo/stm32f103c8t6/libopencm3/lib/libopencm3_stm32f1.a(spi_common_all.o)
 .debug_macro   0x0000000000002e06      0x2eb /home/kevin_moncayo/stm32f103c8t6/libopencm3/lib/libopencm3_stm32f1.a(spi_common_all.o)
 .debug_macro   0x00000000000030f1       0x16 /home/kevin_moncayo/stm32f103c8t6/libopencm3/lib/libopencm3_stm32f1.a(spi_common_all.o)
 .debug_macro   0x0000000000003107       0xd4 /home/kevin_moncayo/stm32f103c8t6/libopencm3/lib/libopencm3_stm32f1.a(spi_common_v1.o)
 .debug_macro   0x00000000000031db       0xda /home/kevin_moncayo/stm32f103c8t6/libopencm3/lib/libopencm3_stm32f1.a(usart_common_all.o)
 .debug_macro   0x00000000000032b5       0x94 /home/kevin_moncayo/stm32f103c8t6/libopencm3/lib/libopencm3_stm32f1.a(usart_common_all.o)
 .debug_macro   0x0000000000003349      0x29e /home/kevin_moncayo/stm32f103c8t6/libopencm3/lib/libopencm3_stm32f1.a(usart_common_all.o)
 .debug_macro   0x00000000000035e7       0xda /home/kevin_moncayo/stm32f103c8t6/libopencm3/lib/libopencm3_stm32f1.a(usart_common_f124.o)
 .debug_macro   0x00000000000036c1      0x148 /home/kevin_moncayo/stm32f103c8t6/libopencm3/lib/libopencm3_stm32f1.a(usb.o)
 .debug_macro   0x0000000000003809       0x58 /home/kevin_moncayo/stm32f103c8t6/libopencm3/lib/libopencm3_stm32f1.a(usb.o)
 .debug_macro   0x0000000000003861       0x18 /home/kevin_moncayo/stm32f103c8t6/libopencm3/lib/libopencm3_stm32f1.a(usb.o)
 .debug_macro   0x0000000000003879       0x5c /home/kevin_moncayo/stm32f103c8t6/libopencm3/lib/libopencm3_stm32f1.a(usb.o)
 .debug_macro   0x00000000000038d5       0x35 /home/kevin_moncayo/stm32f103c8t6/libopencm3/lib/libopencm3_stm32f1.a(usb.o)
 .debug_macro   0x000000000000390a       0x34 /home/kevin_moncayo/stm32f103c8t6/libopencm3/lib/libopencm3_stm32f1.a(usb.o)
 .debug_macro   0x000000000000393e      0x16d /home/kevin_moncayo/stm32f103c8t6/libopencm3/lib/libopencm3_stm32f1.a(usb.o)
 .debug_macro   0x0000000000003aab       0x57 /home/kevin_moncayo/stm32f103c8t6/libopencm3/lib/libopencm3_stm32f1.a(usb.o)
 .debug_macro   0x0000000000003b02       0x58 /home/kevin_moncayo/stm32f103c8t6/libopencm3/lib/libopencm3_stm32f1.a(usb.o)
 .debug_macro   0x0000000000003b5a       0x1f /home/kevin_moncayo/stm32f103c8t6/libopencm3/lib/libopencm3_stm32f1.a(usb.o)
 .debug_macro   0x0000000000003b79       0x43 /home/kevin_moncayo/stm32f103c8t6/libopencm3/lib/libopencm3_stm32f1.a(usb.o)
 .debug_macro   0x0000000000003bbc       0x20 /home/kevin_moncayo/stm32f103c8t6/libopencm3/lib/libopencm3_stm32f1.a(usb.o)
 .debug_macro   0x0000000000003bdc      0x18e /home/kevin_moncayo/stm32f103c8t6/libopencm3/lib/libopencm3_stm32f1.a(usb.o)
 .debug_macro   0x0000000000003d6a      0x35c /home/kevin_moncayo/stm32f103c8t6/libopencm3/lib/libopencm3_stm32f1.a(usb.o)
 .debug_macro   0x00000000000040c6       0x10 /home/kevin_moncayo/stm32f103c8t6/libopencm3/lib/libopencm3_stm32f1.a(usb.o)
 .debug_macro   0x00000000000040d6       0x35 /home/kevin_moncayo/stm32f103c8t6/libopencm3/lib/libopencm3_stm32f1.a(usb.o)
 .debug_macro   0x000000000000410b      0x19c /home/kevin_moncayo/stm32f103c8t6/libopencm3/lib/libopencm3_stm32f1.a(usb.o)
 .debug_macro   0x00000000000042a7       0x10 /home/kevin_moncayo/stm32f103c8t6/libopencm3/lib/libopencm3_stm32f1.a(usb.o)
 .debug_macro   0x00000000000042b7       0x1c /home/kevin_moncayo/stm32f103c8t6/libopencm3/lib/libopencm3_stm32f1.a(usb.o)
 .debug_macro   0x00000000000042d3      0x156 /home/kevin_moncayo/stm32f103c8t6/libopencm3/lib/libopencm3_stm32f1.a(usb_control.o)
 .debug_macro   0x0000000000004429       0x16 /home/kevin_moncayo/stm32f103c8t6/libopencm3/lib/libopencm3_stm32f1.a(usb_control.o)
 .debug_macro   0x000000000000443f      0x10e /home/kevin_moncayo/stm32f103c8t6/libopencm3/lib/libopencm3_stm32f1.a(usb_control.o)
 .debug_macro   0x000000000000454d       0x86 /home/kevin_moncayo/stm32f103c8t6/libopencm3/lib/libopencm3_stm32f1.a(usb_control.o)
 .debug_macro   0x00000000000045d3       0x22 /home/kevin_moncayo/stm32f103c8t6/libopencm3/lib/libopencm3_stm32f1.a(usb_control.o)
 .debug_macro   0x00000000000045f5      0x148 /home/kevin_moncayo/stm32f103c8t6/libopencm3/lib/libopencm3_stm32f1.a(usb_standard.o)
 .debug_macro   0x000000000000473d      0x10d /home/kevin_moncayo/stm32f103c8t6/libopencm3/lib/libopencm3_stm32f1.a(st_usbfs_v1.o)
 .debug_macro   0x000000000000484a       0x3a /home/kevin_moncayo/stm32f103c8t6/libopencm3/lib/libopencm3_stm32f1.a(st_usbfs_v1.o)
 .debug_macro   0x0000000000004884      0x29e /home/kevin_moncayo/stm32f103c8t6/libopencm3/lib/libopencm3_stm32f1.a(st_usbfs_v1.o)
 .debug_macro   0x0000000000004b22       0x28 /home/kevin_moncayo/stm32f103c8t6/libopencm3/lib/libopencm3_stm32f1.a(st_usbfs_v1.o)
 .debug_macro   0x0000000000004b4a      0x1a2 /home/kevin_moncayo/stm32f103c8t6/libopencm3/lib/libopencm3_stm32f1.a(st_usbfs_v1.o)
 .debug_macro   0x0000000000004cec       0x10 /home/kevin_moncayo/stm32f103c8t6/libopencm3/lib/libopencm3_stm32f1.a(st_usbfs_v1.o)
 .debug_macro   0x0000000000004cfc       0xcf /home/kevin_moncayo/stm32f103c8t6/libopencm3/lib/libopencm3_stm32f1.a(vector.o)
 .debug_macro   0x0000000000004dcb      0x395 /home/kevin_moncayo/stm32f103c8t6/libopencm3/lib/libopencm3_stm32f1.a(vector.o)
 .debug_macro   0x0000000000005160       0x6e /home/kevin_moncayo/stm32f103c8t6/libopencm3/lib/libopencm3_stm32f1.a(vector.o)